Archive member included to satisfy reference by file (symbol)

C:/ST/STM32CubeIDE_1.18.0/STM32CubeIDE/plugins/com.st.stm32cube.ide.mcu.externaltools.gnu-tools-for-stm32.14.3.rel1.win32_1.0.100.202602081740/tools/bin/../lib/gcc/arm-none-eabi/14.3.1/../../../../arm-none-eabi/lib/thumb/v7-m/nofp\librdimon_nano.a(arm_librdimon_a-syscalls.o)
                              C:/ST/STM32CubeIDE_1.18.0/STM32CubeIDE/plugins/com.st.stm32cube.ide.mcu.externaltools.gnu-tools-for-stm32.14.3.rel1.win32_1.0.100.202602081740/tools/bin/../lib/gcc/arm-none-eabi/14.3.1/../../../../arm-none-eabi/lib/thumb/v7-m/nofp/rdimon-crt0.o (__heap_limit)
C:/ST/STM32CubeIDE_1.18.0/STM32CubeIDE/plugins/com.st.stm32cube.ide.mcu.externaltools.gnu-tools-for-stm32.14.3.rel1.win32_1.0.100.202602081740/tools/bin/../lib/gcc/arm-none-eabi/14.3.1/../../../../arm-none-eabi/lib/thumb/v7-m/nofp\libc_nano.a(libc_a-exit.o)
                              C:/ST/STM32CubeIDE_1.18.0/STM32CubeIDE/plugins/com.st.stm32cube.ide.mcu.externaltools.gnu-tools-for-stm32.14.3.rel1.win32_1.0.100.202602081740/tools/bin/../lib/gcc/arm-none-eabi/14.3.1/../../../../arm-none-eabi/lib/thumb/v7-m/nofp/rdimon-crt0.o (exit)
C:/ST/STM32CubeIDE_1.18.0/STM32CubeIDE/plugins/com.st.stm32cube.ide.mcu.externaltools.gnu-tools-for-stm32.14.3.rel1.win32_1.0.100.202602081740/tools/bin/../lib/gcc/arm-none-eabi/14.3.1/../../../../arm-none-eabi/lib/thumb/v7-m/nofp\libc_nano.a(libc_a-malloc.o)
                              ./app/src/dibujo.o (malloc)
C:/ST/STM32CubeIDE_1.18.0/STM32CubeIDE/plugins/com.st.stm32cube.ide.mcu.externaltools.gnu-tools-for-stm32.14.3.rel1.win32_1.0.100.202602081740/tools/bin/../lib/gcc/arm-none-eabi/14.3.1/../../../../arm-none-eabi/lib/thumb/v7-m/nofp\libc_nano.a(libc_a-mallocr.o)
                              C:/ST/STM32CubeIDE_1.18.0/STM32CubeIDE/plugins/com.st.stm32cube.ide.mcu.externaltools.gnu-tools-for-stm32.14.3.rel1.win32_1.0.100.202602081740/tools/bin/../lib/gcc/arm-none-eabi/14.3.1/../../../../arm-none-eabi/lib/thumb/v7-m/nofp\libc_nano.a(libc_a-malloc.o) (_malloc_r)
C:/ST/STM32CubeIDE_1.18.0/STM32CubeIDE/plugins/com.st.stm32cube.ide.mcu.externaltools.gnu-tools-for-stm32.14.3.rel1.win32_1.0.100.202602081740/tools/bin/../lib/gcc/arm-none-eabi/14.3.1/../../../../arm-none-eabi/lib/thumb/v7-m/nofp\libc_nano.a(libc_a-mlock.o)
                              C:/ST/STM32CubeIDE_1.18.0/STM32CubeIDE/plugins/com.st.stm32cube.ide.mcu.externaltools.gnu-tools-for-stm32.14.3.rel1.win32_1.0.100.202602081740/tools/bin/../lib/gcc/arm-none-eabi/14.3.1/../../../../arm-none-eabi/lib/thumb/v7-m/nofp\libc_nano.a(libc_a-mallocr.o) (__malloc_lock)
C:/ST/STM32CubeIDE_1.18.0/STM32CubeIDE/plugins/com.st.stm32cube.ide.mcu.externaltools.gnu-tools-for-stm32.14.3.rel1.win32_1.0.100.202602081740/tools/bin/../lib/gcc/arm-none-eabi/14.3.1/../../../../arm-none-eabi/lib/thumb/v7-m/nofp\libc_nano.a(libc_a-rand.o)
                              ./app/src/secuencia.o (srand)
C:/ST/STM32CubeIDE_1.18.0/STM32CubeIDE/plugins/com.st.stm32cube.ide.mcu.externaltools.gnu-tools-for-stm32.14.3.rel1.win32_1.0.100.202602081740/tools/bin/../lib/gcc/arm-none-eabi/14.3.1/../../../../arm-none-eabi/lib/thumb/v7-m/nofp\libc_nano.a(libc_a-fflush.o)
                              ./app/src/logger.o (fflush)
C:/ST/STM32CubeIDE_1.18.0/STM32CubeIDE/plugins/com.st.stm32cube.ide.mcu.externaltools.gnu-tools-for-stm32.14.3.rel1.win32_1.0.100.202602081740/tools/bin/../lib/gcc/arm-none-eabi/14.3.1/../../../../arm-none-eabi/lib/thumb/v7-m/nofp\libc_nano.a(libc_a-findfp.o)
                              C:/ST/STM32CubeIDE_1.18.0/STM32CubeIDE/plugins/com.st.stm32cube.ide.mcu.externaltools.gnu-tools-for-stm32.14.3.rel1.win32_1.0.100.202602081740/tools/bin/../lib/gcc/arm-none-eabi/14.3.1/../../../../arm-none-eabi/lib/thumb/v7-m/nofp\libc_nano.a(libc_a-fflush.o) (__sglue)
C:/ST/STM32CubeIDE_1.18.0/STM32CubeIDE/plugins/com.st.stm32cube.ide.mcu.externaltools.gnu-tools-for-stm32.14.3.rel1.win32_1.0.100.202602081740/tools/bin/../lib/gcc/arm-none-eabi/14.3.1/../../../../arm-none-eabi/lib/thumb/v7-m/nofp\libc_nano.a(libc_a-fwalk.o)
                              C:/ST/STM32CubeIDE_1.18.0/STM32CubeIDE/plugins/com.st.stm32cube.ide.mcu.externaltools.gnu-tools-for-stm32.14.3.rel1.win32_1.0.100.202602081740/tools/bin/../lib/gcc/arm-none-eabi/14.3.1/../../../../arm-none-eabi/lib/thumb/v7-m/nofp\libc_nano.a(libc_a-fflush.o) (_fwalk_sglue)
C:/ST/STM32CubeIDE_1.18.0/STM32CubeIDE/plugins/com.st.stm32cube.ide.mcu.externaltools.gnu-tools-for-stm32.14.3.rel1.win32_1.0.100.202602081740/tools/bin/../lib/gcc/arm-none-eabi/14.3.1/../../../../arm-none-eabi/lib/thumb/v7-m/nofp\libc_nano.a(libc_a-printf.o)
                              ./app/src/dibujo.o (printf)
C:/ST/STM32CubeIDE_1.18.0/STM32CubeIDE/plugins/com.st.stm32cube.ide.mcu.externaltools.gnu-tools-for-stm32.14.3.rel1.win32_1.0.100.202602081740/tools/bin/../lib/gcc/arm-none-eabi/14.3.1/../../../../arm-none-eabi/lib/thumb/v7-m/nofp\libc_nano.a(libc_a-puts.o)
[...]
Memory Configuration

Name             Origin             Length             Attributes
RAM              0x20000000         0x00005000         xrw
FLASH            0x08000000         0x00020000         xr
*default*        0x00000000         0xffffffff

Linker script and memory map

LOAD C:/ST/STM32CubeIDE_1.18.0/STM32CubeIDE/plugins/com.st.stm32cube.ide.mcu.externaltools.gnu-tools-for-stm32.14.3.rel1.win32_1.0.100.202602081740/tools/bin/../lib/gcc/arm-none-eabi/14.3.1/thumb/v7-m/nofp/crti.o
LOAD C:/ST/STM32CubeIDE_1.18.0/STM32CubeIDE/plugins/com.st.stm32cube.ide.mcu.externaltools.gnu-tools-for-stm32.14.3.rel1.win32_1.0.100.202602081740/tools/bin/../lib/gcc/arm-none-eabi/14.3.1/thumb/v7-m/nofp/crtbegin.o
LOAD C:/ST/STM32CubeIDE_1.18.0/STM32CubeIDE/plugins/com.st.stm32cube.ide.mcu.externaltools.gnu-tools-for-stm32.14.3.rel1.win32_1.0.100.202602081740/tools/bin/../lib/gcc/arm-none-eabi/14.3.1/../../../../arm-none-eabi/lib/thumb/v7-m/nofp/rdimon-crt0.o
LOAD ./Core/Src/main.o
LOAD ./Core/Src/stm32f1xx_hal_msp.o
LOAD ./Core/Src/stm32f1xx_it.o
LOAD ./Core/Src/sysmem.o
LOAD ./Core/Src/system_stm32f1xx.o
LOAD ./Core/Startup/startup_stm32f103rbtx.o
LOAD ./Drivers/STM32F1xx_HAL_Driver/Src/stm32f1xx_hal.o
LOAD ./Drivers/STM32F1xx_HAL_Driver/Src/stm32f1xx_hal_adc.o
LOAD ./Drivers/STM32F1xx_HAL_Driver/Src/stm32f1xx_hal_adc_ex.o
LOAD ./Drivers/STM32F1xx_HAL_Driver/Src/stm32f1xx_hal_cortex.o
LOAD ./Drivers/STM32F1xx_HAL_Driver/Src/stm32f1xx_hal_dma.o
LOAD ./Drivers/STM32F1xx_HAL_Driver/Src/stm32f1xx_hal_exti.o
LOAD ./Drivers/STM32F1xx_HAL_Driver/Src/stm32f1xx_hal_flash.o
LOAD ./Drivers/STM32F1xx_HAL_Driver/Src/stm32f1xx_hal_flash_ex.o
LOAD ./Drivers/STM32F1xx_HAL_Driver/Src/stm32f1xx_hal_gpio.o
LOAD ./Drivers/STM32F1xx_HAL_Driver/Src/stm32f1xx_hal_gpio_ex.o
LOAD ./Drivers/STM32F1xx_HAL_Driver/Src/stm32f1xx_hal_i2c.o
LOAD ./Drivers/STM32F1xx_HAL_Driver/Src/stm32f1xx_hal_pwr.o
LOAD ./Drivers/STM32F1xx_HAL_Driver/Src/stm32f1xx_hal_rcc.o
LOAD ./Drivers/STM32F1xx_HAL_Driver/Src/stm32f1xx_hal_rcc_ex.o
LOAD ./Drivers/STM32F1xx_HAL_Driver/Src/stm32f1xx_hal_uart.o
LOAD ./app/src/app.o
LOAD ./app/src/boton.o
LOAD ./app/src/dibujo.o
LOAD ./app/src/estado.o
LOAD ./app/src/frame_buffer.o
LOAD ./app/src/hub75.o
LOAD ./app/src/lcd.o
LOAD ./app/src/logger.o
LOAD ./app/src/matriz.o
LOAD ./app/src/matrizInicio.o
LOAD ./app/src/mem.o
LOAD ./app/src/menu_dibujo.o
LOAD ./app/src/menu_principal.o
LOAD ./app/src/menu_secuencia.o
LOAD ./app/src/potenciometro.o
LOAD ./app/src/secuencia.o
LOAD ./app/src/test.o
LOAD ./app/src/test_wcet_LCD.o
LOAD ./app/src/test_wcet_adc.o
LOAD ./app/src/test_wcet_boton.o
LOAD ./app/src/test_wcet_hub75.o
LOAD ./app/src/test_wcet_sistema.o
LOAD C:/ST/STM32CubeIDE_1.18.0/STM32CubeIDE/plugins/com.st.stm32cube.ide.mcu.externaltools.gnu-tools-for-stm32.14.3.rel1.win32_1.0.100.202602081740/tools/bin/../lib/gcc/arm-none-eabi/14.3.1/../../../../arm-none-eabi/lib/thumb/v7-m/nofp\librdimon_nano.a
START GROUP
LOAD C:/ST/STM32CubeIDE_1.18.0/STM32CubeIDE/plugins/com.st.stm32cube.ide.mcu.externaltools.gnu-tools-for-stm32.14.3.rel1.win32_1.0.100.202602081740/tools/bin/../lib/gcc/arm-none-eabi/14.3.1/../../../../arm-none-eabi/lib/thumb/v7-m/nofp\libc_nano.a
LOAD C:/ST/STM32CubeIDE_1.18.0/STM32CubeIDE/plugins/com.st.stm32cube.ide.mcu.externaltools.gnu-tools-for-stm32.14.3.rel1.win32_1.0.100.202602081740/tools/bin/../lib/gcc/arm-none-eabi/14.3.1/../../../../arm-none-eabi/lib/thumb/v7-m/nofp\libm.a
END GROUP
START GROUP
LOAD C:/ST/STM32CubeIDE_1.18.0/STM32CubeIDE/plugins/com.st.stm32cube.ide.mcu.externaltools.gnu-tools-for-stm32.14.3.rel1.win32_1.0.100.202602081740/tools/bin/../lib/gcc/arm-none-eabi/14.3.1/thumb/v7-m/nofp\libgcc.a
LOAD C:/ST/STM32CubeIDE_1.18.0/STM32CubeIDE/plugins/com.st.stm32cube.ide.mcu.externaltools.gnu-tools-for-stm32.14.3.rel1.win32_1.0.100.202602081740/tools/bin/../lib/gcc/arm-none-eabi/14.3.1/../../../../arm-none-eabi/lib/thumb/v7-m/nofp\libc_nano.a
END GROUP
START GROUP
LOAD C:/ST/STM32CubeIDE_1.18.0/STM32CubeIDE/plugins/com.st.stm32cube.ide.mcu.externaltools.gnu-tools-for-stm32.14.3.rel1.win32_1.0.100.202602081740/tools/bin/../lib/gcc/arm-none-eabi/14.3.1/thumb/v7-m/nofp\libgcc.a
LOAD C:/ST/STM32CubeIDE_1.18.0/STM32CubeIDE/plugins/com.st.stm32cube.ide.mcu.externaltools.gnu-tools-for-stm32.14.3.rel1.win32_1.0.100.202602081740/tools/bin/../lib/gcc/arm-none-eabi/14.3.1/../../../../arm-none-eabi/lib/thumb/v7-m/nofp\libc_nano.a
LOAD C:/ST/STM32CubeIDE_1.18.0/STM32CubeIDE/plugins/com.st.stm32cube.ide.mcu.externaltools.gnu-tools-for-stm32.14.3.rel1.win32_1.0.100.202602081740/tools/bin/../lib/gcc/arm-none-eabi/14.3.1/../../../../arm-none-eabi/lib/thumb/v7-m/nofp\libnosys.a
END GROUP
START GROUP
LOAD C:/ST/STM32CubeIDE_1.18.0/STM32CubeIDE/plugins/com.st.stm32cube.ide.mcu.externaltools.gnu-tools-for-stm32.14.3.rel1.win32_1.0.100.202602081740/tools/bin/../lib/gcc/arm-none-eabi/14.3.1/thumb/v7-m/nofp\libgcc.a
LOAD C:/ST/STM32CubeIDE_1.18.0/STM32CubeIDE/plugins/com.st.stm32cube.ide.mcu.externaltools.gnu-tools-for-stm32.14.3.rel1.win32_1.0.100.202602081740/tools/bin/../lib/gcc/arm-none-eabi/14.3.1/../../../../arm-none-eabi/lib/thumb/v7-m/nofp\libc_nano.a
LOAD C:/ST/STM32CubeIDE_1.18.0/STM32CubeIDE/plugins/com.st.stm32cube.ide.mcu.externaltools.gnu-tools-for-stm32.14.3.rel1.win32_1.0.100.202602081740/tools/bin/../lib/gcc/arm-none-eabi/14.3.1/../../../../arm-none-eabi/lib/thumb/v7-m/nofp\librdimon_nano.a
END GROUP
START GROUP
LOAD C:/ST/STM32CubeIDE_1.18.0/STM32CubeIDE/plugins/com.st.stm32cube.ide.mcu.externaltools.gnu-tools-for-stm32.14.3.rel1.win32_1.0.100.202602081740/tools/bin/../lib/gcc/arm-none-eabi/14.3.1/thumb/v7-m/nofp\libgcc.a
LOAD C:/ST/STM32CubeIDE_1.18.0/STM32CubeIDE/plugins/com.st.stm32cube.ide.mcu.externaltools.gnu-tools-for-stm32.14.3.rel1.win32_1.0.100.202602081740/tools/bin/../lib/gcc/arm-none-eabi/14.3.1/../../../../arm-none-eabi/lib/thumb/v7-m/nofp\libc_nano.a
LOAD C:/ST/STM32CubeIDE_1.18.0/STM32CubeIDE/plugins/com.st.stm32cube.ide.mcu.externaltools.gnu-tools-for-stm32.14.3.rel1.win32_1.0.100.202602081740/tools/bin/../lib/gcc/arm-none-eabi/14.3.1/../../../../arm-none-eabi/lib/thumb/v7-m/nofp\librdimon_nano.a
LOAD C:/ST/STM32CubeIDE_1.18.0/STM32CubeIDE/plugins/com.st.stm32cube.ide.mcu.externaltools.gnu-tools-for-stm32.14.3.rel1.win32_1.0.100.202602081740/tools/bin/../lib/gcc/arm-none-eabi/14.3.1/../../../../arm-none-eabi/lib/thumb/v7-m/nofp\libnosys.a
END GROUP
LOAD C:/ST/STM32CubeIDE_1.18.0/STM32CubeIDE/plugins/com.st.stm32cube.ide.mcu.externaltools.gnu-tools-for-stm32.14.3.rel1.win32_1.0.100.202602081740/tools/bin/../lib/gcc/arm-none-eabi/14.3.1/thumb/v7-m/nofp/crtend.o
LOAD C:/ST/STM32CubeIDE_1.18.0/STM32CubeIDE/plugins/com.st.stm32cube.ide.mcu.externaltools.gnu-tools-for-stm32.14.3.rel1.win32_1.0.100.202602081740/tools/bin/../lib/gcc/arm-none-eabi/14.3.1/thumb/v7-m/nofp/crtn.o
                0x20005000                        _estack = (ORIGIN (RAM) + LENGTH (RAM))
                0x00000200                        _Min_Heap_Size = 0x200
                0x00000400                        _Min_Stack_Size = 0x400

.isr_vector     0x08000000      0x10c
                0x08000000                        . = ALIGN (0x4)
 *(.isr_vector)
 .isr_vector    0x08000000      0x10c ./Core/Startup/startup_stm32f103rbtx.o
                0x08000000                g_pfnVectors
                0x0800010c                        . = ALIGN (0x4)

.text           0x0800010c     0x884c
                0x0800010c                        . = ALIGN (0x4)
 *(.text)
 .text          0x0800010c       0x40 C:/ST/STM32CubeIDE_1.18.0/STM32CubeIDE/plugins/com.st.stm32cube.ide.mcu.externaltools.gnu-tools-for-stm32.14.3.rel1.win32_1.0.100.202602081740/tools/bin/../lib/gcc/arm-none-eabi/14.3.1/thumb/v7-m/nofp/crtbegin.o
 .text          0x0800014c       0x30 C:/ST/STM32CubeIDE_1.18.0/STM32CubeIDE/plugins/com.st.stm32cube.ide.mcu.externaltools.gnu-tools-for-stm32.14.3.rel1.win32_1.0.100.202602081740/tools/bin/../lib/gcc/arm-none-eabi/14.3.1/thumb/v7-m/nofp\libgcc.a(_aeabi_uldivmod.o)
                0x0800014c                __aeabi_uldivmod
 .text          0x0800017c      0x2f4 C:/ST/STM32CubeIDE_1.18.0/STM32CubeIDE/plugins/com.st.stm32cube.ide.mcu.externaltools.gnu-tools-for-stm32.14.3.rel1.win32_1.0.100.202602081740/tools/bin/../lib/gcc/arm-none-eabi/14.3.1/thumb/v7-m/nofp\libgcc.a(_udivmoddi4.o)
                0x0800017c                __udivmoddi4
 .text          0x08000470        0x4 C:/ST/STM32CubeIDE_1.18.0/STM32CubeIDE/plugins/com.st.stm32cube.ide.mcu.externaltools.gnu-tools-for-stm32.14.3.rel1.win32_1.0.100.202602081740/tools/bin/../lib/gcc/arm-none-eabi/14.3.1/thumb/v7-m/nofp\libgcc.a(_dvmd_tls.o)
                0x08000470                __aeabi_idiv0
                0x08000470                __aeabi_ldiv0
 *(.text*)
 .text.DWT_Init
                0x08000474       0x34 ./Core/Src/main.o
 .text.main     0x080004a8       0x32 ./Core/Src/main.o
                0x080004a8                main
 .text.SystemClock_Config
                0x080004da       0xae ./Core/Src/main.o
                0x080004da                SystemClock_Config
 .text.MX_ADC1_Init
                0x08000588       0xb8 ./Core/Src/main.o
 .text.MX_I2C1_Init
                0x08000640       0x5c ./Core/Src/main.o
 .text.MX_USART2_UART_Init
                0x0800069c       0x54 ./Core/Src/main.o
 .text.MX_DMA_Init
                0x080006f0       0x3c ./Core/Src/main.o
 .text.MX_GPIO_Init
                0x0800072c      0x180 ./Core/Src/main.o
 .text.Error_Handler
                0x080008ac        0xc ./Core/Src/main.o
                0x080008ac                Error_Handler
 .text.HAL_MspInit
                0x080008b8       0x64 ./Core/Src/stm32f1xx_hal_msp.o
                0x080008b8                HAL_MspInit
 .text.HAL_ADC_MspInit
                0x0800091c       0xe0 ./Core/Src/stm32f1xx_hal_msp.o
                0x0800091c                HAL_ADC_MspInit
 .text.HAL_I2C_MspInit
                0x080009fc       0x7c ./Core/Src/stm32f1xx_hal_msp.o
                0x080009fc                HAL_I2C_MspInit
 .text.HAL_UART_MspInit
                0x08000a78       0x7c ./Core/Src/stm32f1xx_hal_msp.o
                0x08000a78                HAL_UART_MspInit
 .text.NMI_Handler
                0x08000af4        0x8 ./Core/Src/stm32f1xx_it.o
                0x08000af4                NMI_Handler
 .text.HardFault_Handler
                0x08000afc        0x8 ./Core/Src/stm32f1xx_it.o
                0x08000afc                HardFault_Handler
 .text.MemManage_Handler
                0x08000b04        0x8 ./Core/Src/stm32f1xx_it.o
                0x08000b04                MemManage_Handler
 .text.BusFault_Handler
                0x08000b0c        0x8 ./Core/Src/stm32f1xx_it.o
                0x08000b0c                BusFault_Handler
 .text.UsageFault_Handler
                0x08000b14        0x8 ./Core/Src/stm32f1xx_it.o
                0x08000b14                UsageFault_Handler
 .text.SVC_Handler
                0x08000b1c        0xc ./Core/Src/stm32f1xx_it.o
                0x08000b1c                SVC_Handler
 .text.DebugMon_Handler
                0x08000b28        0xc ./Core/Src/stm32f1xx_it.o
                0x08000b28                DebugMon_Handler
 .text.PendSV_Handler
                0x08000b34        0xc ./Core/Src/stm32f1xx_it.o
                0x08000b34                PendSV_Handler
 .text.SysTick_Handler
                0x08000b40       0x10 ./Core/Src/stm32f1xx_it.o
                0x08000b40                SysTick_Handler
 .text.DMA1_Channel1_IRQHandler
                0x08000b50       0x14 ./Core/Src/stm32f1xx_it.o
                0x08000b50                DMA1_Channel1_IRQHandler
 .text.ADC1_2_IRQHandler
                0x08000b64       0x14 ./Core/Src/stm32f1xx_it.o
                0x08000b64                ADC1_2_IRQHandler
 .text.EXTI15_10_IRQHandler
                0x08000b78       0x10 ./Core/Src/stm32f1xx_it.o
                0x08000b78                EXTI15_10_IRQHandler
 .text._sbrk    0x08000b88       0x6c ./Core/Src/sysmem.o
                0x08000b88                _sbrk
 .text.SystemInit
                0x08000bf4        0xc ./Core/Src/system_stm32f1xx.o
                0x08000bf4                SystemInit
 .text.Reset_Handler
                0x08000c00       0x48 ./Core/Startup/startup_stm32f103rbtx.o
                0x08000c00                Reset_Handler
 .text.Default_Handler
                0x08000c48        0x2 ./Core/Startup/startup_stm32f103rbtx.o
                0x08000c48                RTC_Alarm_IRQHandler
                0x08000c48                EXTI2_IRQHandler
                0x08000c48                TIM1_CC_IRQHandler
                0x08000c48                PVD_IRQHandler
                0x08000c48                EXTI3_IRQHandler
                0x08000c48                EXTI0_IRQHandler
                0x08000c48                I2C2_EV_IRQHandler
                0x08000c48                SPI1_IRQHandler
                0x08000c48                TAMPER_IRQHandler
                0x08000c48                DMA1_Channel4_IRQHandler
                0x08000c48                USART3_IRQHandler
                0x08000c48                RTC_IRQHandler
                0x08000c48                DMA1_Channel7_IRQHandler
                0x08000c48                CAN1_RX1_IRQHandler
                0x08000c48                TIM4_IRQHandler
                0x08000c48                I2C1_EV_IRQHandler
                0x08000c48                DMA1_Channel6_IRQHandler
                0x08000c48                TIM3_IRQHandler
                0x08000c48                RCC_IRQHandler
                0x08000c48                TIM1_TRG_COM_IRQHandler
                0x08000c48                Default_Handler
                0x08000c48                EXTI9_5_IRQHandler
                0x08000c48                SPI2_IRQHandler
                0x08000c48                DMA1_Channel5_IRQHandler
                0x08000c48                EXTI4_IRQHandler
                0x08000c48                USB_LP_CAN1_RX0_IRQHandler
                0x08000c48                USB_HP_CAN1_TX_IRQHandler
                0x08000c48                DMA1_Channel3_IRQHandler
                0x08000c48                TIM1_UP_IRQHandler
                0x08000c48                WWDG_IRQHandler
                0x08000c48                TIM2_IRQHandler
                0x08000c48                TIM1_BRK_IRQHandler
                0x08000c48                EXTI1_IRQHandler
                0x08000c48                USART2_IRQHandler
                0x08000c48                I2C2_ER_IRQHandler
                0x08000c48                DMA1_Channel2_IRQHandler
                0x08000c48                CAN1_SCE_IRQHandler
                0x08000c48                FLASH_IRQHandler
                0x08000c48                USART1_IRQHandler
                0x08000c48                I2C1_ER_IRQHandler
                0x08000c48                USBWakeUp_IRQHandler
 *fill*         0x08000c4a        0x2 
 .text.HAL_Init
                0x08000c4c       0x2c ./Drivers/STM32F1xx_HAL_Driver/Src/stm32f1xx_hal.o
                0x08000c4c                HAL_Init
 .text.HAL_InitTick
                0x08000c78       0x60 ./Drivers/STM32F1xx_HAL_Driver/Src/stm32f1xx_hal.o
                0x08000c78                HAL_InitTick
 .text.HAL_IncTick
                0x08000cd8       0x24 ./Drivers/STM32F1xx_HAL_Driver/Src/stm32f1xx_hal.o
                0x08000cd8                HAL_IncTick
 .text.HAL_GetTick
                0x08000cfc       0x14 ./Drivers/STM32F1xx_HAL_Driver/Src/stm32f1xx_hal.o
                0x08000cfc                HAL_GetTick
 .text.HAL_Delay
                0x08000d10       0x48 ./Drivers/STM32F1xx_HAL_Driver/Src/stm32f1xx_hal.o
                0x08000d10                HAL_Delay
 .text.HAL_ADC_Init
                0x08000d58      0x1b0 ./Drivers/STM32F1xx_HAL_Driver/Src/stm32f1xx_hal_adc.o
                0x08000d58                HAL_ADC_Init
 .text.HAL_ADC_Start_DMA
                0x08000f08      0x1bc ./Drivers/STM32F1xx_HAL_Driver/Src/stm32f1xx_hal_adc.o
                0x08000f08                HAL_ADC_Start_DMA
 .text.HAL_ADC_IRQHandler
                0x080010c4      0x17e ./Drivers/STM32F1xx_HAL_Driver/Src/stm32f1xx_hal_adc.o
                0x080010c4                HAL_ADC_IRQHandler
 .text.HAL_ADC_ConvHalfCpltCallback
                0x08001242       0x12 ./Drivers/STM32F1xx_HAL_Driver/Src/stm32f1xx_hal_adc.o
                0x08001242                HAL_ADC_ConvHalfCpltCallback
 .text.HAL_ADC_LevelOutOfWindowCallback
                0x08001254       0x12 ./Drivers/STM32F1xx_HAL_Driver/Src/stm32f1xx_hal_adc.o
                0x08001254                HAL_ADC_LevelOutOfWindowCallback
 .text.HAL_ADC_ErrorCallback
                0x08001266       0x12 ./Drivers/STM32F1xx_HAL_Driver/Src/stm32f1xx_hal_adc.o
                0x08001266                HAL_ADC_ErrorCallback
 .text.HAL_ADC_ConfigChannel
                0x08001278      0x1f0 ./Drivers/STM32F1xx_HAL_Driver/Src/stm32f1xx_hal_adc.o
                0x08001278                HAL_ADC_ConfigChannel
 .text.ADC_Enable
                0x08001468       0xb4 ./Drivers/STM32F1xx_HAL_Driver/Src/stm32f1xx_hal_adc.o
                0x08001468                ADC_Enable
 .text.ADC_ConversionStop_Disable
                0x0800151c       0x82 ./Drivers/STM32F1xx_HAL_Driver/Src/stm32f1xx_hal_adc.o
                0x0800151c                ADC_ConversionStop_Disable
 .text.ADC_DMAConvCplt
                0x0800159e       0x7c ./Drivers/STM32F1xx_HAL_Driver/Src/stm32f1xx_hal_adc.o
                0x0800159e                ADC_DMAConvCplt
 .text.ADC_DMAHalfConvCplt
                0x0800161a       0x1c ./Drivers/STM32F1xx_HAL_Driver/Src/stm32f1xx_hal_adc.o
                0x0800161a                ADC_DMAHalfConvCplt
 .text.ADC_DMAError
                0x08001636       0x34 ./Drivers/STM32F1xx_HAL_Driver/Src/stm32f1xx_hal_adc.o
                0x08001636                ADC_DMAError
 .text.HAL_ADCEx_InjectedConvCpltCallback
                0x0800166a       0x12 ./Drivers/STM32F1xx_HAL_Driver/Src/stm32f1xx_hal_adc_ex.o
                0x0800166a                HAL_ADCEx_InjectedConvCpltCallback
 .text.__NVIC_SetPriorityGrouping
                0x0800167c       0x48 ./Drivers/STM32F1xx_HAL_Driver/Src/stm32f1xx_hal_cortex.o
 .text.__NVIC_GetPriorityGrouping
                0x080016c4       0x1c ./Drivers/STM32F1xx_HAL_Driver/Src/stm32f1xx_hal_cortex.o
 .text.__NVIC_EnableIRQ
                0x080016e0       0x38 ./Drivers/STM32F1xx_HAL_Driver/Src/stm32f1xx_hal_cortex.o
 .text.__NVIC_SetPriority
                0x08001718       0x54 ./Drivers/STM32F1xx_HAL_Driver/Src/stm32f1xx_hal_cortex.o
 .text.NVIC_EncodePriority
                0x0800176c       0x64 ./Drivers/STM32F1xx_HAL_Driver/Src/stm32f1xx_hal_cortex.o
 .text.SysTick_Config
                0x080017d0       0x44 ./Drivers/STM32F1xx_HAL_Driver/Src/stm32f1xx_hal_cortex.o
 .text.HAL_NVIC_SetPriorityGrouping
                0x08001814       0x16 ./Drivers/STM32F1xx_HAL_Driver/Src/stm32f1xx_hal_cortex.o
                0x08001814                HAL_NVIC_SetPriorityGrouping
 .text.HAL_NVIC_SetPriority
                0x0800182a       0x38 ./Drivers/STM32F1xx_HAL_Driver/Src/stm32f1xx_hal_cortex.o
                0x0800182a                HAL_NVIC_SetPriority
 .text.HAL_NVIC_EnableIRQ
                0x08001862       0x1c ./Drivers/STM32F1xx_HAL_Driver/Src/stm32f1xx_hal_cortex.o
                0x08001862                HAL_NVIC_EnableIRQ
 .text.HAL_SYSTICK_Config
                0x0800187e       0x18 ./Drivers/STM32F1xx_HAL_Driver/Src/stm32f1xx_hal_cortex.o
                0x0800187e                HAL_SYSTICK_Config
 .text.HAL_SYSTICK_IRQHandler
                0x08001896        0xc ./Drivers/STM32F1xx_HAL_Driver/Src/stm32f1xx_hal_cortex.o
                0x08001896                HAL_SYSTICK_IRQHandler
 .text.HAL_SYSTICK_Callback
                0x080018a2        0xc ./Drivers/STM32F1xx_HAL_Driver/Src/stm32f1xx_hal_cortex.o
                0x080018a2                HAL_SYSTICK_Callback
 *fill*         0x080018ae        0x2 
 .text.HAL_DMA_Init
                0x080018b0       0xb4 ./Drivers/STM32F1xx_HAL_Driver/Src/stm32f1xx_hal_dma.o
                0x080018b0                HAL_DMA_Init
 .text.HAL_DMA_Start_IT
                0x08001964       0xc0 ./Drivers/STM32F1xx_HAL_Driver/Src/stm32f1xx_hal_dma.o
                0x08001964                HAL_DMA_Start_IT
 .text.HAL_DMA_IRQHandler
                0x08001a24      0x20c ./Drivers/STM32F1xx_HAL_Driver/Src/stm32f1xx_hal_dma.o
                0x08001a24                HAL_DMA_IRQHandler
 .text.DMA_SetConfig
                0x08001c30       0x5a ./Drivers/STM32F1xx_HAL_Driver/Src/stm32f1xx_hal_dma.o
 *fill*         0x08001c8a        0x2 
 .text.HAL_GPIO_Init
                0x08001c8c      0x308 ./Drivers/STM32F1xx_HAL_Driver/Src/stm32f1xx_hal_gpio.o
                0x08001c8c                HAL_GPIO_Init
 .text.HAL_GPIO_ReadPin
                0x08001f94       0x2e ./Drivers/STM32F1xx_HAL_Driver/Src/stm32f1xx_hal_gpio.o
                0x08001f94                HAL_GPIO_ReadPin
 .text.HAL_GPIO_WritePin
                0x08001fc2       0x30 ./Drivers/STM32F1xx_HAL_Driver/Src/stm32f1xx_hal_gpio.o
                0x08001fc2                HAL_GPIO_WritePin
 *fill*         0x08001ff2        0x2 
 .text.HAL_GPIO_EXTI_IRQHandler
                0x08001ff4       0x30 ./Drivers/STM32F1xx_HAL_Driver/Src/stm32f1xx_hal_gpio.o
                0x08001ff4                HAL_GPIO_EXTI_IRQHandler
 .text.HAL_GPIO_EXTI_Callback
                0x08002024       0x14 ./Drivers/STM32F1xx_HAL_Driver/Src/stm32f1xx_hal_gpio.o
                0x08002024                HAL_GPIO_EXTI_Callback
 .text.HAL_I2C_Init
                0x08002038      0x288 ./Drivers/STM32F1xx_HAL_Driver/Src/stm32f1xx_hal_i2c.o
                0x08002038                HAL_I2C_Init
 .text.HAL_I2C_Master_Transmit
                0x080022c0      0x1fc ./Drivers/STM32F1xx_HAL_Driver/Src/stm32f1xx_hal_i2c.o
                0x080022c0                HAL_I2C_Master_Transmit
 .text.HAL_I2C_Mem_Read
                0x080024bc      0x4e8 ./Drivers/STM32F1xx_HAL_Driver/Src/stm32f1xx_hal_i2c.o
                0x080024bc                HAL_I2C_Mem_Read
 .text.I2C_MasterRequestWrite
                0x080029a4      0x104 ./Drivers/STM32F1xx_HAL_Driver/Src/stm32f1xx_hal_i2c.o
 .text.I2C_RequestMemoryRead
                0x08002aa8      0x1d0 ./Drivers/STM32F1xx_HAL_Driver/Src/stm32f1xx_hal_i2c.o
 .text.I2C_WaitOnFlagUntilTimeout
                0x08002c78       0xf4 ./Drivers/STM32F1xx_HAL_Driver/Src/stm32f1xx_hal_i2c.o
 .text.I2C_WaitOnMasterAddressFlagUntilTimeout
                0x08002d6c      0x140 ./Drivers/STM32F1xx_HAL_Driver/Src/stm32f1xx_hal_i2c.o
 .text.I2C_WaitOnTXEFlagUntilTimeout
                0x08002eac       0x90 ./Drivers/STM32F1xx_HAL_Driver/Src/stm32f1xx_hal_i2c.o
 .text.I2C_WaitOnBTFFlagUntilTimeout
                0x08002f3c       0x90 ./Drivers/STM32F1xx_HAL_Driver/Src/stm32f1xx_hal_i2c.o
 .text.I2C_WaitOnRXNEFlagUntilTimeout
                0x08002fcc       0xba ./Drivers/STM32F1xx_HAL_Driver/Src/stm32f1xx_hal_i2c.o
 .text.I2C_IsAcknowledgeFailed
                0x08003086       0x5c ./Drivers/STM32F1xx_HAL_Driver/Src/stm32f1xx_hal_i2c.o
 *fill*         0x080030e2        0x2 
 .text.HAL_RCC_OscConfig
                0x080030e4      0x504 ./Drivers/STM32F1xx_HAL_Driver/Src/stm32f1xx_hal_rcc.o
                0x080030e4                HAL_RCC_OscConfig
 .text.HAL_RCC_ClockConfig
                0x080035e8      0x1d4 ./Drivers/STM32F1xx_HAL_Driver/Src/stm32f1xx_hal_rcc.o
                0x080035e8                HAL_RCC_ClockConfig
 .text.HAL_RCC_GetSysClockFreq
                0x080037bc       0xa8 ./Drivers/STM32F1xx_HAL_Driver/Src/stm32f1xx_hal_rcc.o
                0x080037bc                HAL_RCC_GetSysClockFreq
 .text.HAL_RCC_GetHCLKFreq
                0x08003864       0x14 ./Drivers/STM32F1xx_HAL_Driver/Src/stm32f1xx_hal_rcc.o
                0x08003864                HAL_RCC_GetHCLKFreq
 .text.HAL_RCC_GetPCLK1Freq
                0x08003878       0x28 ./Drivers/STM32F1xx_HAL_Driver/Src/stm32f1xx_hal_rcc.o
                0x08003878                HAL_RCC_GetPCLK1Freq
 .text.HAL_RCC_GetPCLK2Freq
                0x080038a0       0x28 ./Drivers/STM32F1xx_HAL_Driver/Src/stm32f1xx_hal_rcc.o
                0x080038a0                HAL_RCC_GetPCLK2Freq
 .text.RCC_Delay
                0x080038c8       0x3c ./Drivers/STM32F1xx_HAL_Driver/Src/stm32f1xx_hal_rcc.o
 .text.HAL_RCCEx_PeriphCLKConfig
                0x08003904      0x16c ./Drivers/STM32F1xx_HAL_Driver/Src/stm32f1xx_hal_rcc_ex.o
                0x08003904                HAL_RCCEx_PeriphCLKConfig
 .text.HAL_UART_Init
                0x08003a70       0xa0 ./Drivers/STM32F1xx_HAL_Driver/Src/stm32f1xx_hal_uart.o
                0x08003a70                HAL_UART_Init
 .text.UART_SetConfig
                0x08003b10      0x11c ./Drivers/STM32F1xx_HAL_Driver/Src/stm32f1xx_hal_uart.o
 .text.appInit  0x08003c2c       0x24 ./app/src/app.o
                0x08003c2c                appInit
 .text.appUpdate
                0x08003c50       0x18 ./app/src/app.o
                0x08003c50                appUpdate
 .text.taskEscrutar
                0x08003c68       0x10 ./app/src/app.o
                0x08003c68                taskEscrutar
 .text.taskProcesar
                0x08003c78        0xc ./app/src/app.o
                0x08003c78                taskProcesar
 .text.taskActuar
                0x08003c84        0xc ./app/src/app.o
                0x08003c84                taskActuar
 .text.botonLeer
                0x08003c90      0x1a8 ./app/src/boton.o
                0x08003c90                botonLeer
 .text.botonUltimoEvento
                0x08003e38       0x14 ./app/src/boton.o
                0x08003e38                botonUltimoEvento
 .text.dibujoCrear
                0x08003e4c       0xac ./app/src/dibujo.o
                0x08003e4c                dibujoCrear
 .text.dibujoBorrar
                0x08003ef8       0x42 ./app/src/dibujo.o
                0x08003ef8                dibujoBorrar
 *fill*         0x08003f3a        0x2 
 .text.dibujoAvanzar
                0x08003f3c      0x148 ./app/src/dibujo.o
                0x08003f3c                dibujoAvanzar
 .text.dibujoReiniciar
                0x08004084       0x64 ./app/src/dibujo.o
                0x08004084                dibujoReiniciar
 .text.dibujoPintar
                0x080040e8       0xbc ./app/src/dibujo.o
                0x080040e8                dibujoPintar
 .text.sistemaInit
                0x080041a4        0xe ./app/src/estado.o
                0x080041a4                sistemaInit
 *fill*         0x080041b2        0x2 
 .text.sistemaProcesar
                0x080041b4       0x4c ./app/src/estado.o
                0x080041b4                sistemaProcesar
 .text.sistemaCambiarOperacion
                0x08004200       0x44 ./app/src/estado.o
                0x08004200                sistemaCambiarOperacion
 .text.sistemaCambiarEstado
                0x08004244       0xb0 ./app/src/estado.o
                0x08004244                sistemaCambiarEstado
 .text.sistemaTick
                0x080042f4       0xbc ./app/src/estado.o
                0x080042f4                sistemaTick
 .text.sistemaTickTiempo
                0x080043b0       0x58 ./app/src/estado.o
                0x080043b0                sistemaTickTiempo
 .text.sistemaError
                0x08004408       0x50 ./app/src/estado.o
                0x08004408                sistemaError
 .text.frameBufferInit
                0x08004458        0xc ./app/src/frame_buffer.o
                0x08004458                frameBufferInit
 .text.frameBufferLandingScreen
                0x08004464       0x6c ./app/src/frame_buffer.o
                0x08004464                frameBufferLandingScreen
 .text.frameBufferUpdateAll
                0x080044d0       0x40 ./app/src/frame_buffer.o
                0x080044d0                frameBufferUpdateAll
 .text.frameBufferUpdateCasilla
                0x08004510      0x178 ./app/src/frame_buffer.o
                0x08004510                frameBufferUpdateCasilla
 .text.frameBufferUpdateCasillaColorDirecto
                0x08004688      0x138 ./app/src/frame_buffer.o
                0x08004688                frameBufferUpdateCasillaColorDirecto
 .text.conversorPosicionMatrizAPosicionBuffer
                0x080047c0      0x2a4 ./app/src/frame_buffer.o
                0x080047c0                conversorPosicionMatrizAPosicionBuffer
 .text.hub75Init
                0x08004a64       0x34 ./app/src/hub75.o
                0x08004a64                hub75Init
 .text.hub75Update
                0x08004a98       0x30 ./app/src/hub75.o
                0x08004a98                hub75Update
 .text.hub75Refresh
                0x08004ac8       0xb8 ./app/src/hub75.o
                0x08004ac8                hub75Refresh
 .text.lcdMandarInterno
                0x08004b80       0x8c ./app/src/lcd.o
 .text.lcdMandarComando
                0x08004c0c       0x1e ./app/src/lcd.o
 .text.lcdMandarDato
                0x08004c2a       0x1e ./app/src/lcd.o
 .text.lcdBorrar
                0x08004c48       0x14 ./app/src/lcd.o
                0x08004c48                lcdBorrar
 .text.lcdSetearCursor
                0x08004c5c       0x4c ./app/src/lcd.o
                0x08004c5c                lcdSetearCursor
 .text.lcdPrint
                0x08004ca8       0x3a ./app/src/lcd.o
 *fill*         0x08004ce2        0x2 
 .text.lcdInicializar
                0x08004ce4       0x5c ./app/src/lcd.o
                0x08004ce4                lcdInicializar
 .text.lcdBufferearLinea
                0x08004d40       0xf0 ./app/src/lcd.o
                0x08004d40                lcdBufferearLinea
 .text.lcdActuar
                0x08004e30       0x90 ./app/src/lcd.o
                0x08004e30                lcdActuar
 .text.lcdVaciarBuffer
                0x08004ec0       0x78 ./app/src/lcd.o
                0x08004ec0                lcdVaciarBuffer
 .text.matrizCrear
                0x08004f38       0x1c ./app/src/matriz.o
                0x08004f38                matrizCrear
 .text.matrizBorrar
                0x08004f54       0x1c ./app/src/matriz.o
                0x08004f54                matrizBorrar
 .text.matrizSetCasillero
                0x08004f70       0x8e ./app/src/matriz.o
                0x08004f70                matrizSetCasillero
 .text.matrizGetCasillero
                0x08004ffe       0x58 ./app/src/matriz.o
                0x08004ffe                matrizGetCasillero
 .text.matrizGetColorCasillero
                0x08005056       0x7a ./app/src/matriz.o
                0x08005056                matrizGetColorCasillero
 .text.matrizLlenar
                0x080050d0       0x5e ./app/src/matriz.o
                0x080050d0                matrizLlenar
 *fill*         0x0800512e        0x2 
 .text.memLeer  0x08005130       0x38 ./app/src/mem.o
                0x08005130                memLeer
 .text.memBufferearEscrituraMatriz
                0x08005168       0x74 ./app/src/mem.o
                0x08005168                memBufferearEscrituraMatriz
 .text.memEstaOcupada
                0x080051dc       0x14 ./app/src/mem.o
                0x080051dc                memEstaOcupada
 .text.memLeerMatriz
                0x080051f0       0x34 ./app/src/mem.o
                0x080051f0                memLeerMatriz
 .text.menuDibujoEntrar
                0x08005224       0x58 ./app/src/menu_dibujo.o
                0x08005224                menuDibujoEntrar
 .text.menuDibujoMostrar
                0x0800527c       0xf4 ./app/src/menu_dibujo.o
                0x0800527c                menuDibujoMostrar
 .text.menuDibujoOpcionElegida
                0x08005370       0xac ./app/src/menu_dibujo.o
                0x08005370                menuDibujoOpcionElegida
 .text.menuDibujoTick
                0x0800541c       0xf8 ./app/src/menu_dibujo.o
                0x0800541c                menuDibujoTick
 .text.menuDibujoDibujarTick
                0x08005514      0x1c4 ./app/src/menu_dibujo.o
                0x08005514                menuDibujoDibujarTick
 .text.menuDibujoDibujarPrint
                0x080056d8       0x94 ./app/src/menu_dibujo.o
                0x080056d8                menuDibujoDibujarPrint
 .text.menuDibujoGuardando
                0x0800576c       0xc4 ./app/src/menu_dibujo.o
                0x0800576c                menuDibujoGuardando
 .text.menuDibujoCargando
                0x08005830       0xc4 ./app/src/menu_dibujo.o
                0x08005830                menuDibujoCargando
 .text.menuDibujoCambiarPincelTick
                0x080058f4      0x150 ./app/src/menu_dibujo.o
                0x080058f4                menuDibujoCambiarPincelTick
 .text.menuDibujoLimpiandoTick
                0x08005a44       0x68 ./app/src/menu_dibujo.o
                0x08005a44                menuDibujoLimpiandoTick
 .text.menuPrincipalEntrar
                0x08005aac       0x30 ./app/src/menu_principal.o
                0x08005aac                menuPrincipalEntrar
 .text.menuPrincipalTick
                0x08005adc       0xb4 ./app/src/menu_principal.o
                0x08005adc                menuPrincipalTick
 .text.menuPrincipalOpcionElegida
                0x08005b90       0x44 ./app/src/menu_principal.o
                0x08005b90                menuPrincipalOpcionElegida
 .text.menuPrincipalCambiandoBrilloTick
                0x08005bd4       0xa0 ./app/src/menu_principal.o
                0x08005bd4                menuPrincipalCambiandoBrilloTick
 .text.menuPrincipalPrint
                0x08005c74       0x94 ./app/src/menu_principal.o
                0x08005c74                menuPrincipalPrint
 .text.menuSecuenciaPosicionEsperada
                0x08005d08       0x50 ./app/src/menu_secuencia.o
 .text.menuSecuenciaEntrar
                0x08005d58       0x88 ./app/src/menu_secuencia.o
                0x08005d58                menuSecuenciaEntrar
 .text.menuSecuenciaPrint
                0x08005de0       0x58 ./app/src/menu_secuencia.o
                0x08005de0                menuSecuenciaPrint
 .text.menuSecuenciaOpcionElegida
                0x08005e38       0x64 ./app/src/menu_secuencia.o
                0x08005e38                menuSecuenciaOpcionElegida
 .text.menuSecuenciaTick
                0x08005e9c       0xc0 ./app/src/menu_secuencia.o
                0x08005e9c                menuSecuenciaTick
 .text.menuSecuenciaMostrarEntrar
                0x08005f5c       0x60 ./app/src/menu_secuencia.o
                0x08005f5c                menuSecuenciaMostrarEntrar
 .text.menuSecuenciaMostrarTick
                0x08005fbc      0x150 ./app/src/menu_secuencia.o
                0x08005fbc                menuSecuenciaMostrarTick
 .text.menuSecuenciaCompletarTick
                0x0800610c      0x240 ./app/src/menu_secuencia.o
                0x0800610c                menuSecuenciaCompletarTick
 .text.menuSecuenciaCompletandoPrint
                0x0800634c       0x94 ./app/src/menu_secuencia.o
                0x0800634c                menuSecuenciaCompletandoPrint
 .text.menuSecuenciaLimpiandoTick
                0x080063e0       0x58 ./app/src/menu_secuencia.o
                0x080063e0                menuSecuenciaLimpiandoTick
 .text.HAL_ADC_ConvCpltCallback
                0x08006438       0x2c ./app/src/potenciometro.o
                0x08006438                HAL_ADC_ConvCpltCallback
 .text.aplicar_filtro_ruido
                0x08006464       0x36 ./app/src/potenciometro.o
 *fill*         0x0800649a        0x2 
 .text.poteInit
                0x0800649c       0x1c ./app/src/potenciometro.o
                0x0800649c                poteInit
 .text.adc_a_color
                0x080064b8       0x1c ./app/src/potenciometro.o
                0x080064b8                adc_a_color
 .text.escrutarPotenciometros
                0x080064d4       0xa0 ./app/src/potenciometro.o
                0x080064d4                escrutarPotenciometros
 .text.obtenerPotenciometros
                0x08006574       0x54 ./app/src/potenciometro.o
                0x08006574                obtenerPotenciometros
 .text.secuenciaCrear
                0x080065c8       0x80 ./app/src/secuencia.o
                0x080065c8                secuenciaCrear
 .text.secuenciaPintarSeccion
                0x08006648       0x80 ./app/src/secuencia.o
                0x08006648                secuenciaPintarSeccion
 .text.secuenciaRestaurarCasilla
                0x080066c8       0x30 ./app/src/secuencia.o
 .text.secuenciaInsertarElemento
                0x080066f8       0xbc ./app/src/secuencia.o
                0x080066f8                secuenciaInsertarElemento
 .text.secuenciaAvanzar
                0x080067b4      0x148 ./app/src/secuencia.o
                0x080067b4                secuenciaAvanzar
 .text.secuenciaVaciar
                0x080068fc       0x30 ./app/src/secuencia.o
                0x080068fc                secuenciaVaciar
 .text.secuenciaCompleta
                0x0800692c       0x3c ./app/src/secuencia.o
                0x0800692c                secuenciaCompleta
 .text.secuenciaBorrar
                0x08006968       0x1c ./app/src/secuencia.o
                0x08006968                secuenciaBorrar
 .text.testearWCET
                0x08006984       0x1c ./app/src/test.o
                0x08006984                testearWCET
 .text.testWCETLCD
                0x080069a0      0x19c ./app/src/test_wcet_LCD.o
                0x080069a0                testWCETLCD
 .text.testWCETADC
                0x08006b3c      0x19c ./app/src/test_wcet_adc.o
                0x08006b3c                testWCETADC
 .text.testWCETBoton
                0x08006cd8      0x1a0 ./app/src/test_wcet_boton.o
                0x08006cd8                testWCETBoton
 .text.testWCETHUB75
                0x08006e78      0x1a0 ./app/src/test_wcet_hub75.o
                0x08006e78                testWCETHUB75
 .text.testWCETSistema
                0x08007018      0x19c ./app/src/test_wcet_sistema.o
                0x08007018                testWCETSistema
 .text.findslot
                0x080071b4       0x34 C:/ST/STM32CubeIDE_1.18.0/STM32CubeIDE/plugins/com.st.stm32cube.ide.mcu.externaltools.gnu-tools-for-stm32.14.3.rel1.win32_1.0.100.202602081740/tools/bin/../lib/gcc/arm-none-eabi/14.3.1/../../../../arm-none-eabi/lib/thumb/v7-m/nofp\librdimon_nano.a(arm_librdimon_a-syscalls.o)
 .text.error    0x080071e8       0x1c C:/ST/STM32CubeIDE_1.18.0/STM32CubeIDE/plugins/com.st.stm32cube.ide.mcu.externaltools.gnu-tools-for-stm32.14.3.rel1.win32_1.0.100.202602081740/tools/bin/../lib/gcc/arm-none-eabi/14.3.1/../../../../arm-none-eabi/lib/thumb/v7-m/nofp\librdimon_nano.a(arm_librdimon_a-syscalls.o)
 .text.checkerror
                0x08007204        0xa C:/ST/STM32CubeIDE_1.18.0/STM32CubeIDE/plugins/com.st.stm32cube.ide.mcu.externaltools.gnu-tools-for-stm32.14.3.rel1.win32_1.0.100.202602081740/tools/bin/../lib/gcc/arm-none-eabi/14.3.1/../../../../arm-none-eabi/lib/thumb/v7-m/nofp\librdimon_nano.a(arm_librdimon_a-syscalls.o)
 .text._swiread
                0x0800720e       0x20 C:/ST/STM32CubeIDE_1.18.0/STM32CubeIDE/plugins/com.st.stm32cube.ide.mcu.externaltools.gnu-tools-for-stm32.14.3.rel1.win32_1.0.100.202602081740/tools/bin/../lib/gcc/arm-none-eabi/14.3.1/../../../../arm-none-eabi/lib/thumb/v7-m/nofp\librdimon_nano.a(arm_librdimon_a-syscalls.o)
                0x0800720e                _swiread
 .text._read    0x0800722e       0x34 C:/ST/STM32CubeIDE_1.18.0/STM32CubeIDE/plugins/com.st.stm32cube.ide.mcu.externaltools.gnu-tools-for-stm32.14.3.rel1.win32_1.0.100.202602081740/tools/bin/../lib/gcc/arm-none-eabi/14.3.1/../../../../arm-none-eabi/lib/thumb/v7-m/nofp\librdimon_nano.a(arm_librdimon_a-syscalls.o)
                0x0800722e                _read
 .text._swilseek
                0x08007262       0x78 C:/ST/STM32CubeIDE_1.18.0/STM32CubeIDE/plugins/com.st.stm32cube.ide.mcu.externaltools.gnu-tools-for-stm32.14.3.rel1.win32_1.0.100.202602081740/tools/bin/../lib/gcc/arm-none-eabi/14.3.1/../../../../arm-none-eabi/lib/thumb/v7-m/nofp\librdimon_nano.a(arm_librdimon_a-syscalls.o)
                0x08007262                _swilseek
 .text._lseek   0x080072da        0x4 C:/ST/STM32CubeIDE_1.18.0/STM32CubeIDE/plugins/com.st.stm32cube.ide.mcu.externaltools.gnu-tools-for-stm32.14.3.rel1.win32_1.0.100.202602081740/tools/bin/../lib/gcc/arm-none-eabi/14.3.1/../../../../arm-none-eabi/lib/thumb/v7-m/nofp\librdimon_nano.a(arm_librdimon_a-syscalls.o)
                0x080072da                _lseek
 .text._swiwrite
                0x080072de       0x20 C:/ST/STM32CubeIDE_1.18.0/STM32CubeIDE/plugins/com.st.stm32cube.ide.mcu.externaltools.gnu-tools-for-stm32.14.3.rel1.win32_1.0.100.202602081740/tools/bin/../lib/gcc/arm-none-eabi/14.3.1/../../../../arm-none-eabi/lib/thumb/v7-m/nofp\librdimon_nano.a(arm_librdimon_a-syscalls.o)
                0x080072de                _swiwrite
 .text._write   0x080072fe       0x40 C:/ST/STM32CubeIDE_1.18.0/STM32CubeIDE/plugins/com.st.stm32cube.ide.mcu.externaltools.gnu-tools-for-stm32.14.3.rel1.win32_1.0.100.202602081740/tools/bin/../lib/gcc/arm-none-eabi/14.3.1/../../../../arm-none-eabi/lib/thumb/v7-m/nofp\librdimon_nano.a(arm_librdimon_a-syscalls.o)
                0x080072fe                _write
 .text._swiclose
                0x0800733e       0x1a C:/ST/STM32CubeIDE_1.18.0/STM32CubeIDE/plugins/com.st.stm32cube.ide.mcu.externaltools.gnu-tools-for-stm32.14.3.rel1.win32_1.0.100.202602081740/tools/bin/../lib/gcc/arm-none-eabi/14.3.1/../../../../arm-none-eabi/lib/thumb/v7-m/nofp\librdimon_nano.a(arm_librdimon_a-syscalls.o)
                0x0800733e                _swiclose
 .text._close   0x08007358       0x4c C:/ST/STM32CubeIDE_1.18.0/STM32CubeIDE/plugins/com.st.stm32cube.ide.mcu.externaltools.gnu-tools-for-stm32.14.3.rel1.win32_1.0.100.202602081740/tools/bin/../lib/gcc/arm-none-eabi/14.3.1/../../../../arm-none-eabi/lib/thumb/v7-m/nofp\librdimon_nano.a(arm_librdimon_a-syscalls.o)
                0x08007358                _close
 .text._getpid  0x080073a4        0x4 C:/ST/STM32CubeIDE_1.18.0/STM32CubeIDE/plugins/com.st.stm32cube.ide.mcu.externaltools.gnu-tools-for-stm32.14.3.rel1.win32_1.0.100.202602081740/tools/bin/../lib/gcc/arm-none-eabi/14.3.1/../../../../arm-none-eabi/lib/thumb/v7-m/nofp\librdimon_nano.a(arm_librdimon_a-syscalls.o)
                0x080073a4                _getpid
 .text._swistat
                0x080073a8       0x42 C:/ST/STM32CubeIDE_1.18.0/STM32CubeIDE/plugins/com.st.stm32cube.ide.mcu.externaltools.gnu-tools-for-stm32.14.3.rel1.win32_1.0.100.202602081740/tools/bin/../lib/gcc/arm-none-eabi/14.3.1/../../../../arm-none-eabi/lib/thumb/v7-m/nofp\librdimon_nano.a(arm_librdimon_a-syscalls.o)
                0x080073a8                _swistat
 .text._fstat   0x080073ea       0x1c C:/ST/STM32CubeIDE_1.18.0/STM32CubeIDE/plugins/com.st.stm32cube.ide.mcu.externaltools.gnu-tools-for-stm32.14.3.rel1.win32_1.0.100.202602081740/tools/bin/../lib/gcc/arm-none-eabi/14.3.1/../../../../arm-none-eabi/lib/thumb/v7-m/nofp\librdimon_nano.a(arm_librdimon_a-syscalls.o)
                0x080073ea                _fstat
 .text._isatty  0x08007406       0x3a C:/ST/STM32CubeIDE_1.18.0/STM32CubeIDE/plugins/com.st.stm32cube.ide.mcu.externaltools.gnu-tools-for-stm32.14.3.rel1.win32_1.0.100.202602081740/tools/bin/../lib/gcc/arm-none-eabi/14.3.1/../../../../arm-none-eabi/lib/thumb/v7-m/nofp\librdimon_nano.a(arm_librdimon_a-syscalls.o)
                0x08007406                _isatty
 .text.malloc   0x08007440       0x10 C:/ST/STM32CubeIDE_1.18.0/STM32CubeIDE/plugins/com.st.stm32cube.ide.mcu.externaltools.gnu-tools-for-stm32.14.3.rel1.win32_1.0.100.202602081740/tools/bin/../lib/gcc/arm-none-eabi/14.3.1/../../../../arm-none-eabi/lib/thumb/v7-m/nofp\libc_nano.a(libc_a-malloc.o)
                0x08007440                malloc
 .text.free     0x08007450       0x10 C:/ST/STM32CubeIDE_1.18.0/STM32CubeIDE/plugins/com.st.stm32cube.ide.mcu.externaltools.gnu-tools-for-stm32.14.3.rel1.win32_1.0.100.202602081740/tools/bin/../lib/gcc/arm-none-eabi/14.3.1/../../../../arm-none-eabi/lib/thumb/v7-m/nofp\libc_nano.a(libc_a-malloc.o)
                0x08007450                free
 .text.sbrk_aligned
                0x08007460       0x44 C:/ST/STM32CubeIDE_1.18.0/STM32CubeIDE/plugins/com.st.stm32cube.ide.mcu.externaltools.gnu-tools-for-stm32.14.3.rel1.win32_1.0.100.202602081740/tools/bin/../lib/gcc/arm-none-eabi/14.3.1/../../../../arm-none-eabi/lib/thumb/v7-m/nofp\libc_nano.a(libc_a-mallocr.o)
 .text._malloc_r
                0x080074a4      0x100 C:/ST/STM32CubeIDE_1.18.0/STM32CubeIDE/plugins/com.st.stm32cube.ide.mcu.externaltools.gnu-tools-for-stm32.14.3.rel1.win32_1.0.100.202602081740/tools/bin/../lib/gcc/arm-none-eabi/14.3.1/../../../../arm-none-eabi/lib/thumb/v7-m/nofp\libc_nano.a(libc_a-mallocr.o)
                0x080074a4                _malloc_r
 .text.__malloc_lock
                0x080075a4        0xc C:/ST/STM32CubeIDE_1.18.0/STM32CubeIDE/plugins/com.st.stm32cube.ide.mcu.externaltools.gnu-tools-for-stm32.14.3.rel1.win32_1.0.100.202602081740/tools/bin/../lib/gcc/arm-none-eabi/14.3.1/../../../../arm-none-eabi/lib/thumb/v7-m/nofp\libc_nano.a(libc_a-mlock.o)
                0x080075a4                __malloc_lock
 .text.__malloc_unlock
                0x080075b0        0xc C:/ST/STM32CubeIDE_1.18.0/STM32CubeIDE/plugins/com.st.stm32cube.ide.mcu.externaltools.gnu-tools-for-stm32.14.3.rel1.win32_1.0.100.202602081740/tools/bin/../lib/gcc/arm-none-eabi/14.3.1/../../../../arm-none-eabi/lib/thumb/v7-m/nofp\libc_nano.a(libc_a-mlock.o)
                0x080075b0                __malloc_unlock
 .text.srand    0x080075bc       0x5c C:/ST/STM32CubeIDE_1.18.0/STM32CubeIDE/plugins/com.st.stm32cube.ide.mcu.externaltools.gnu-tools-for-stm32.14.3.rel1.win32_1.0.100.202602081740/tools/bin/../lib/gcc/arm-none-eabi/14.3.1/../../../../arm-none-eabi/lib/thumb/v7-m/nofp\libc_nano.a(libc_a-rand.o)
                0x080075bc                srand
 .text.rand     0x08007618       0x7c C:/ST/STM32CubeIDE_1.18.0/STM32CubeIDE/plugins/com.st.stm32cube.ide.mcu.externaltools.gnu-tools-for-stm32.14.3.rel1.win32_1.0.100.202602081740/tools/bin/../lib/gcc/arm-none-eabi/14.3.1/../../../../arm-none-eabi/lib/thumb/v7-m/nofp\libc_nano.a(libc_a-rand.o)
                0x08007618                rand
 .text.__sflush_r
                0x08007694       0xfc C:/ST/STM32CubeIDE_1.18.0/STM32CubeIDE/plugins/com.st.stm32cube.ide.mcu.externaltools.gnu-tools-for-stm32.14.3.rel1.win32_1.0.100.202602081740/tools/bin/../lib/gcc/arm-none-eabi/14.3.1/../../../../arm-none-eabi/lib/thumb/v7-m/nofp\libc_nano.a(libc_a-fflush.o)
                0x08007694                __sflush_r
 .text._fflush_r
                0x08007790       0x50 C:/ST/STM32CubeIDE_1.18.0/STM32CubeIDE/plugins/com.st.stm32cube.ide.mcu.externaltools.gnu-tools-for-stm32.14.3.rel1.win32_1.0.100.202602081740/tools/bin/../lib/gcc/arm-none-eabi/14.3.1/../../../../arm-none-eabi/lib/thumb/v7-m/nofp\libc_nano.a(libc_a-fflush.o)
                0x08007790                _fflush_r
 .text.std      0x080077e0       0x6c C:/ST/STM32CubeIDE_1.18.0/STM32CubeIDE/plugins/com.st.stm32cube.ide.mcu.externaltools.gnu-tools-for-stm32.14.3.rel1.win32_1.0.100.202602081740/tools/bin/../lib/gcc/arm-none-eabi/14.3.1/../../../../arm-none-eabi/lib/thumb/v7-m/nofp\libc_nano.a(libc_a-findfp.o)
 .text.stdio_exit_handler
                0x0800784c       0x18 C:/ST/STM32CubeIDE_1.18.0/STM32CubeIDE/plugins/com.st.stm32cube.ide.mcu.externaltools.gnu-tools-for-stm32.14.3.rel1.win32_1.0.100.202602081740/tools/bin/../lib/gcc/arm-none-eabi/14.3.1/../../../../arm-none-eabi/lib/thumb/v7-m/nofp\libc_nano.a(libc_a-findfp.o)
 .text.cleanup_stdio
                0x08007864       0x40 C:/ST/STM32CubeIDE_1.18.0/STM32CubeIDE/plugins/com.st.stm32cube.ide.mcu.externaltools.gnu-tools-for-stm32.14.3.rel1.win32_1.0.100.202602081740/tools/bin/../lib/gcc/arm-none-eabi/14.3.1/../../../../arm-none-eabi/lib/thumb/v7-m/nofp\libc_nano.a(libc_a-findfp.o)
 .text.global_stdio_init.part.0
                0x080078a4       0x40 C:/ST/STM32CubeIDE_1.18.0/STM32CubeIDE/plugins/com.st.stm32cube.ide.mcu.externaltools.gnu-tools-for-stm32.14.3.rel1.win32_1.0.100.202602081740/tools/bin/../lib/gcc/arm-none-eabi/14.3.1/../../../../arm-none-eabi/lib/thumb/v7-m/nofp\libc_nano.a(libc_a-findfp.o)
 .text.__sfp_lock_acquire
                0x080078e4        0xc C:/ST/STM32CubeIDE_1.18.0/STM32CubeIDE/plugins/com.st.stm32cube.ide.mcu.externaltools.gnu-tools-for-stm32.14.3.rel1.win32_1.0.100.202602081740/tools/bin/../lib/gcc/arm-none-eabi/14.3.1/../../../../arm-none-eabi/lib/thumb/v7-m/nofp\libc_nano.a(libc_a-findfp.o)
                0x080078e4                __sfp_lock_acquire
 .text.__sfp_lock_release
                0x080078f0        0xc C:/ST/STM32CubeIDE_1.18.0/STM32CubeIDE/plugins/com.st.stm32cube.ide.mcu.externaltools.gnu-tools-for-stm32.14.3.rel1.win32_1.0.100.202602081740/tools/bin/../lib/gcc/arm-none-eabi/14.3.1/../../../../arm-none-eabi/lib/thumb/v7-m/nofp\libc_nano.a(libc_a-findfp.o)
                0x080078f0                __sfp_lock_release
 .text.__sinit  0x080078fc       0x30 C:/ST/STM32CubeIDE_1.18.0/STM32CubeIDE/plugins/com.st.stm32cube.ide.mcu.externaltools.gnu-tools-for-stm32.14.3.rel1.win32_1.0.100.202602081740/tools/bin/../lib/gcc/arm-none-eabi/14.3.1/../../../../arm-none-eabi/lib/thumb/v7-m/nofp\libc_nano.a(libc_a-findfp.o)
                0x080078fc                __sinit
 .text._fwalk_sglue
                0x0800792c       0x3c C:/ST/STM32CubeIDE_1.18.0/STM32CubeIDE/plugins/com.st.stm32cube.ide.mcu.externaltools.gnu-tools-for-stm32.14.3.rel1.win32_1.0.100.202602081740/tools/bin/../lib/gcc/arm-none-eabi/14.3.1/../../../../arm-none-eabi/lib/thumb/v7-m/nofp\libc_nano.a(libc_a-fwalk.o)
                0x0800792c                _fwalk_sglue
 .text.printf   0x08007968       0x24 C:/ST/STM32CubeIDE_1.18.0/STM32CubeIDE/plugins/com.st.stm32cube.ide.mcu.externaltools.gnu-tools-for-stm32.14.3.rel1.win32_1.0.100.202602081740/tools/bin/../lib/gcc/arm-none-eabi/14.3.1/../../../../arm-none-eabi/lib/thumb/v7-m/nofp\libc_nano.a(libc_a-printf.o)
                0x08007968                iprintf
                0x08007968                printf
 .text._puts_r  0x0800798c       0xaa C:/ST/STM32CubeIDE_1.18.0/STM32CubeIDE/plugins/com.st.stm32cube.ide.mcu.externaltools.gnu-tools-for-stm32.14.3.rel1.win32_1.0.100.202602081740/tools/bin/../lib/gcc/arm-none-eabi/14.3.1/../../../../arm-none-eabi/lib/thumb/v7-m/nofp\libc_nano.a(libc_a-puts.o)
                0x0800798c                _puts_r
 *fill*         0x08007a36        0x2 
 .text.puts     0x08007a38       0x10 C:/ST/STM32CubeIDE_1.18.0/STM32CubeIDE/plugins/com.st.stm32cube.ide.mcu.externaltools.gnu-tools-for-stm32.14.3.rel1.win32_1.0.100.202602081740/tools/bin/../lib/gcc/arm-none-eabi/14.3.1/../../../../arm-none-eabi/lib/thumb/v7-m/nofp\libc_nano.a(libc_a-puts.o)
                0x08007a38                puts
 .text.snprintf
                0x08007a48       0x6c C:/ST/STM32CubeIDE_1.18.0/STM32CubeIDE/plugins/com.st.stm32cube.ide.mcu.externaltools.gnu-tools-for-stm32.14.3.rel1.win32_1.0.100.202602081740/tools/bin/../lib/gcc/arm-none-eabi/14.3.1/../../../../arm-none-eabi/lib/thumb/v7-m/nofp\libc_nano.a(libc_a-snprintf.o)
                0x08007a48                sniprintf
                0x08007a48                snprintf
 .text.__sread  0x08007ab4       0x22 C:/ST/STM32CubeIDE_1.18.0/STM32CubeIDE/plugins/com.st.stm32cube.ide.mcu.externaltools.gnu-tools-for-stm32.14.3.rel1.win32_1.0.100.202602081740/tools/bin/../lib/gcc/arm-none-eabi/14.3.1/../../../../arm-none-eabi/lib/thumb/v7-m/nofp\libc_nano.a(libc_a-stdio.o)
                0x08007ab4                __sread
 .text.__swrite
                0x08007ad6       0x38 C:/ST/STM32CubeIDE_1.18.0/STM32CubeIDE/plugins/com.st.stm32cube.ide.mcu.externaltools.gnu-tools-for-stm32.14.3.rel1.win32_1.0.100.202602081740/tools/bin/../lib/gcc/arm-none-eabi/14.3.1/../../../../arm-none-eabi/lib/thumb/v7-m/nofp\libc_nano.a(libc_a-stdio.o)
                0x08007ad6                __swrite
 .text.__sseek  0x08007b0e       0x26 C:/ST/STM32CubeIDE_1.18.0/STM32CubeIDE/plugins/com.st.stm32cube.ide.mcu.externaltools.gnu-tools-for-stm32.14.3.rel1.win32_1.0.100.202602081740/tools/bin/../lib/gcc/arm-none-eabi/14.3.1/../../../../arm-none-eabi/lib/thumb/v7-m/nofp\libc_nano.a(libc_a-stdio.o)
                0x08007b0e                __sseek
 .text.__sclose
                0x08007b34        0x8 C:/ST/STM32CubeIDE_1.18.0/STM32CubeIDE/plugins/com.st.stm32cube.ide.mcu.externaltools.gnu-tools-for-stm32.14.3.rel1.win32_1.0.100.202602081740/tools/bin/../lib/gcc/arm-none-eabi/14.3.1/../../../../arm-none-eabi/lib/thumb/v7-m/nofp\libc_nano.a(libc_a-stdio.o)
                0x08007b34                __sclose
 .text.__swbuf_r
                0x08007b3c       0x7c C:/ST/STM32CubeIDE_1.18.0/STM32CubeIDE/plugins/com.st.stm32cube.ide.mcu.externaltools.gnu-tools-for-stm32.14.3.rel1.win32_1.0.100.202602081740/tools/bin/../lib/gcc/arm-none-eabi/14.3.1/../../../../arm-none-eabi/lib/thumb/v7-m/nofp\libc_nano.a(libc_a-wbuf.o)
                0x08007b3c                __swbuf_r
 .text.__swsetup_r
                0x08007bb8       0xa8 C:/ST/STM32CubeIDE_1.18.0/STM32CubeIDE/plugins/com.st.stm32cube.ide.mcu.externaltools.gnu-tools-for-stm32.14.3.rel1.win32_1.0.100.202602081740/tools/bin/../lib/gcc/arm-none-eabi/14.3.1/../../../../arm-none-eabi/lib/thumb/v7-m/nofp\libc_nano.a(libc_a-wsetup.o)
                0x08007bb8                __swsetup_r
 .text.memset   0x08007c60       0x10 C:/ST/STM32CubeIDE_1.18.0/STM32CubeIDE/plugins/com.st.stm32cube.ide.mcu.externaltools.gnu-tools-for-stm32.14.3.rel1.win32_1.0.100.202602081740/tools/bin/../lib/gcc/arm-none-eabi/14.3.1/../../../../arm-none-eabi/lib/thumb/v7-m/nofp\libc_nano.a(libc_a-memset.o)
                0x08007c60                memset
 .text._close_r
                0x08007c70       0x20 C:/ST/STM32CubeIDE_1.18.0/STM32CubeIDE/plugins/com.st.stm32cube.ide.mcu.externaltools.gnu-tools-for-stm32.14.3.rel1.win32_1.0.100.202602081740/tools/bin/../lib/gcc/arm-none-eabi/14.3.1/../../../../arm-none-eabi/lib/thumb/v7-m/nofp\libc_nano.a(libc_a-closer.o)
                0x08007c70                _close_r
 .text._lseek_r
                0x08007c90       0x24 C:/ST/STM32CubeIDE_1.18.0/STM32CubeIDE/plugins/com.st.stm32cube.ide.mcu.externaltools.gnu-tools-for-stm32.14.3.rel1.win32_1.0.100.202602081740/tools/bin/../lib/gcc/arm-none-eabi/14.3.1/../../../../arm-none-eabi/lib/thumb/v7-m/nofp\libc_nano.a(libc_a-lseekr.o)
                0x08007c90                _lseek_r
 .text._read_r  0x08007cb4       0x24 C:/ST/STM32CubeIDE_1.18.0/STM32CubeIDE/plugins/com.st.stm32cube.ide.mcu.externaltools.gnu-tools-for-stm32.14.3.rel1.win32_1.0.100.202602081740/tools/bin/../lib/gcc/arm-none-eabi/14.3.1/../../../../arm-none-eabi/lib/thumb/v7-m/nofp\libc_nano.a(libc_a-readr.o)
                0x08007cb4                _read_r
 .text._sbrk_r  0x08007cd8       0x20 C:/ST/STM32CubeIDE_1.18.0/STM32CubeIDE/plugins/com.st.stm32cube.ide.mcu.externaltools.gnu-tools-for-stm32.14.3.rel1.win32_1.0.100.202602081740/tools/bin/../lib/gcc/arm-none-eabi/14.3.1/../../../../arm-none-eabi/lib/thumb/v7-m/nofp\libc_nano.a(libc_a-sbrkr.o)
                0x08007cd8                _sbrk_r
 .text._write_r
                0x08007cf8       0x24 C:/ST/STM32CubeIDE_1.18.0/STM32CubeIDE/plugins/com.st.stm32cube.ide.mcu.externaltools.gnu-tools-for-stm32.14.3.rel1.win32_1.0.100.202602081740/tools/bin/../lib/gcc/arm-none-eabi/14.3.1/../../../../arm-none-eabi/lib/thumb/v7-m/nofp\libc_nano.a(libc_a-writer.o)
                0x08007cf8                _write_r
 .text.__errno  0x08007d1c        0xc C:/ST/STM32CubeIDE_1.18.0/STM32CubeIDE/plugins/com.st.stm32cube.ide.mcu.externaltools.gnu-tools-for-stm32.14.3.rel1.win32_1.0.100.202602081740/tools/bin/../lib/gcc/arm-none-eabi/14.3.1/../../../../arm-none-eabi/lib/thumb/v7-m/nofp\libc_nano.a(libc_a-errno.o)
                0x08007d1c                __errno
 .text.__libc_init_array
                0x08007d28       0x48 C:/ST/STM32CubeIDE_1.18.0/STM32CubeIDE/plugins/com.st.stm32cube.ide.mcu.externaltools.gnu-tools-for-stm32.14.3.rel1.win32_1.0.100.202602081740/tools/bin/../lib/gcc/arm-none-eabi/14.3.1/../../../../arm-none-eabi/lib/thumb/v7-m/nofp\libc_nano.a(libc_a-init.o)
                0x08007d28                __libc_init_array
 .text.__retarget_lock_init_recursive
                0x08007d70        0x2 C:/ST/STM32CubeIDE_1.18.0/STM32CubeIDE/plugins/com.st.stm32cube.ide.mcu.externaltools.gnu-tools-for-stm32.14.3.rel1.win32_1.0.100.202602081740/tools/bin/../lib/gcc/arm-none-eabi/14.3.1/../../../../arm-none-eabi/lib/thumb/v7-m/nofp\libc_nano.a(libc_a-lock.o)
                0x08007d70                __retarget_lock_init_recursive
 .text.__retarget_lock_acquire_recursive
                0x08007d72        0x2 C:/ST/STM32CubeIDE_1.18.0/STM32CubeIDE/plugins/com.st.stm32cube.ide.mcu.externaltools.gnu-tools-for-stm32.14.3.rel1.win32_1.0.100.202602081740/tools/bin/../lib/gcc/arm-none-eabi/14.3.1/../../../../arm-none-eabi/lib/thumb/v7-m/nofp\libc_nano.a(libc_a-lock.o)
                0x08007d72                __retarget_lock_acquire_recursive
 .text.__retarget_lock_release_recursive
                0x08007d74        0x2 C:/ST/STM32CubeIDE_1.18.0/STM32CubeIDE/plugins/com.st.stm32cube.ide.mcu.externaltools.gnu-tools-for-stm32.14.3.rel1.win32_1.0.100.202602081740/tools/bin/../lib/gcc/arm-none-eabi/14.3.1/../../../../arm-none-eabi/lib/thumb/v7-m/nofp\libc_nano.a(libc_a-lock.o)
                0x08007d74                __retarget_lock_release_recursive
 .text.memcpy   0x08007d76       0x1c C:/ST/STM32CubeIDE_1.18.0/STM32CubeIDE/plugins/com.st.stm32cube.ide.mcu.externaltools.gnu-tools-for-stm32.14.3.rel1.win32_1.0.100.202602081740/tools/bin/../lib/gcc/arm-none-eabi/14.3.1/../../../../arm-none-eabi/lib/thumb/v7-m/nofp\libc_nano.a(libc_a-memcpy-stub.o)
                0x08007d76                memcpy
 *fill*         0x08007d92        0x2 
 .text.__assert_func
                0x08007d94       0x3c C:/ST/STM32CubeIDE_1.18.0/STM32CubeIDE/plugins/com.st.stm32cube.ide.mcu.externaltools.gnu-tools-for-stm32.14.3.rel1.win32_1.0.100.202602081740/tools/bin/../lib/gcc/arm-none-eabi/14.3.1/../../../../arm-none-eabi/lib/thumb/v7-m/nofp\libc_nano.a(libc_a-assert.o)
                0x08007d94                __assert_func
 .text._free_r  0x08007dd0       0x90 C:/ST/STM32CubeIDE_1.18.0/STM32CubeIDE/plugins/com.st.stm32cube.ide.mcu.externaltools.gnu-tools-for-stm32.14.3.rel1.win32_1.0.100.202602081740/tools/bin/../lib/gcc/arm-none-eabi/14.3.1/../../../../arm-none-eabi/lib/thumb/v7-m/nofp\libc_nano.a(libc_a-freer.o)
                0x08007dd0                _free_r
 .text.__ssputs_r
                0x08007e60       0xc0 C:/ST/STM32CubeIDE_1.18.0/STM32CubeIDE/plugins/com.st.stm32cube.ide.mcu.externaltools.gnu-tools-for-stm32.14.3.rel1.win32_1.0.100.202602081740/tools/bin/../lib/gcc/arm-none-eabi/14.3.1/../../../../arm-none-eabi/lib/thumb/v7-m/nofp\libc_nano.a(libc_a-nano-svfprintf.o)
                0x08007e60                __ssputs_r
 .text._svfprintf_r
                0x08007f20      0x1f0 C:/ST/STM32CubeIDE_1.18.0/STM32CubeIDE/plugins/com.st.stm32cube.ide.mcu.externaltools.gnu-tools-for-stm32.14.3.rel1.win32_1.0.100.202602081740/tools/bin/../lib/gcc/arm-none-eabi/14.3.1/../../../../arm-none-eabi/lib/thumb/v7-m/nofp\libc_nano.a(libc_a-nano-svfprintf.o)
                0x08007f20                _svfiprintf_r
                0x08007f20                _svfprintf_r
 .text.__sfputc_r
                0x08008110       0x2a C:/ST/STM32CubeIDE_1.18.0/STM32CubeIDE/plugins/com.st.stm32cube.ide.mcu.externaltools.gnu-tools-for-stm32.14.3.rel1.win32_1.0.100.202602081740/tools/bin/../lib/gcc/arm-none-eabi/14.3.1/../../../../arm-none-eabi/lib/thumb/v7-m/nofp\libc_nano.a(libc_a-nano-vfprintf.o)
 .text.__sfputs_r
                0x0800813a       0x24 C:/ST/STM32CubeIDE_1.18.0/STM32CubeIDE/plugins/com.st.stm32cube.ide.mcu.externaltools.gnu-tools-for-stm32.14.3.rel1.win32_1.0.100.202602081740/tools/bin/../lib/gcc/arm-none-eabi/14.3.1/../../../../arm-none-eabi/lib/thumb/v7-m/nofp\libc_nano.a(libc_a-nano-vfprintf.o)
                0x0800813a                __sfputs_r
 *fill*         0x0800815e        0x2 
 .text._vfprintf_r
                0x08008160      0x228 C:/ST/STM32CubeIDE_1.18.0/STM32CubeIDE/plugins/com.st.stm32cube.ide.mcu.externaltools.gnu-tools-for-stm32.14.3.rel1.win32_1.0.100.202602081740/tools/bin/../lib/gcc/arm-none-eabi/14.3.1/../../../../arm-none-eabi/lib/thumb/v7-m/nofp\libc_nano.a(libc_a-nano-vfprintf.o)
                0x08008160                _vfprintf_r
                0x08008160                _vfiprintf_r
 .text._printf_common
                0x08008388       0xe4 C:/ST/STM32CubeIDE_1.18.0/STM32CubeIDE/plugins/com.st.stm32cube.ide.mcu.externaltools.gnu-tools-for-stm32.14.3.rel1.win32_1.0.100.202602081740/tools/bin/../lib/gcc/arm-none-eabi/14.3.1/../../../../arm-none-eabi/lib/thumb/v7-m/nofp\libc_nano.a(libc_a-nano-vfprintf_i.o)
                0x08008388                _printf_common
 .text._printf_i
                0x0800846c      0x24c C:/ST/STM32CubeIDE_1.18.0/STM32CubeIDE/plugins/com.st.stm32cube.ide.mcu.externaltools.gnu-tools-for-stm32.14.3.rel1.win32_1.0.100.202602081740/tools/bin/../lib/gcc/arm-none-eabi/14.3.1/../../../../arm-none-eabi/lib/thumb/v7-m/nofp\libc_nano.a(libc_a-nano-vfprintf_i.o)
                0x0800846c                _printf_i
 .text.fprintf  0x080086b8       0x24 C:/ST/STM32CubeIDE_1.18.0/STM32CubeIDE/plugins/com.st.stm32cube.ide.mcu.externaltools.gnu-tools-for-stm32.14.3.rel1.win32_1.0.100.202602081740/tools/bin/../lib/gcc/arm-none-eabi/14.3.1/../../../../arm-none-eabi/lib/thumb/v7-m/nofp\libc_nano.a(libc_a-fprintf.o)
                0x080086b8                fiprintf
                0x080086b8                fprintf
 .text.__swhatbuf_r
                0x080086dc       0x48 C:/ST/STM32CubeIDE_1.18.0/STM32CubeIDE/plugins/com.st.stm32cube.ide.mcu.externaltools.gnu-tools-for-stm32.14.3.rel1.win32_1.0.100.202602081740/tools/bin/../lib/gcc/arm-none-eabi/14.3.1/../../../../arm-none-eabi/lib/thumb/v7-m/nofp\libc_nano.a(libc_a-makebuf.o)
                0x080086dc                __swhatbuf_r
 .text.__smakebuf_r
                0x08008724       0x72 C:/ST/STM32CubeIDE_1.18.0/STM32CubeIDE/plugins/com.st.stm32cube.ide.mcu.externaltools.gnu-tools-for-stm32.14.3.rel1.win32_1.0.100.202602081740/tools/bin/../lib/gcc/arm-none-eabi/14.3.1/../../../../arm-none-eabi/lib/thumb/v7-m/nofp\libc_nano.a(libc_a-makebuf.o)
                0x08008724                __smakebuf_r
 .text.memmove  0x08008796       0x32 C:/ST/STM32CubeIDE_1.18.0/STM32CubeIDE/plugins/com.st.stm32cube.ide.mcu.externaltools.gnu-tools-for-stm32.14.3.rel1.win32_1.0.100.202602081740/tools/bin/../lib/gcc/arm-none-eabi/14.3.1/../../../../arm-none-eabi/lib/thumb/v7-m/nofp\libc_nano.a(libc_a-memmove.o)
                0x08008796                memmove
 .text._fstat_r
                0x080087c8       0x24 C:/ST/STM32CubeIDE_1.18.0/STM32CubeIDE/plugins/com.st.stm32cube.ide.mcu.externaltools.gnu-tools-for-stm32.14.3.rel1.win32_1.0.100.202602081740/tools/bin/../lib/gcc/arm-none-eabi/14.3.1/../../../../arm-none-eabi/lib/thumb/v7-m/nofp\libc_nano.a(libc_a-fstatr.o)
                0x080087c8                _fstat_r
 .text._isatty_r
                0x080087ec       0x20 C:/ST/STM32CubeIDE_1.18.0/STM32CubeIDE/plugins/com.st.stm32cube.ide.mcu.externaltools.gnu-tools-for-stm32.14.3.rel1.win32_1.0.100.202602081740/tools/bin/../lib/gcc/arm-none-eabi/14.3.1/../../../../arm-none-eabi/lib/thumb/v7-m/nofp\libc_nano.a(libc_a-isattyr.o)
                0x080087ec                _isatty_r
 .text.memchr   0x0800880c       0x1c C:/ST/STM32CubeIDE_1.18.0/STM32CubeIDE/plugins/com.st.stm32cube.ide.mcu.externaltools.gnu-tools-for-stm32.14.3.rel1.win32_1.0.100.202602081740/tools/bin/../lib/gcc/arm-none-eabi/14.3.1/../../../../arm-none-eabi/lib/thumb/v7-m/nofp\libc_nano.a(libc_a-memchr-stub.o)
                0x0800880c                memchr
 .text.abort    0x08008828        0xe C:/ST/STM32CubeIDE_1.18.0/STM32CubeIDE/plugins/com.st.stm32cube.ide.mcu.externaltools.gnu-tools-for-stm32.14.3.rel1.win32_1.0.100.202602081740/tools/bin/../lib/gcc/arm-none-eabi/14.3.1/../../../../arm-none-eabi/lib/thumb/v7-m/nofp\libc_nano.a(libc_a-abort.o)
                0x08008828                abort
 .text._realloc_r
                0x08008836       0x5c C:/ST/STM32CubeIDE_1.18.0/STM32CubeIDE/plugins/com.st.stm32cube.ide.mcu.externaltools.gnu-tools-for-stm32.14.3.rel1.win32_1.0.100.202602081740/tools/bin/../lib/gcc/arm-none-eabi/14.3.1/../../../../arm-none-eabi/lib/thumb/v7-m/nofp\libc_nano.a(libc_a-reallocr.o)
                0x08008836                _realloc_r
 .text._raise_r
                0x08008892       0x50 C:/ST/STM32CubeIDE_1.18.0/STM32CubeIDE/plugins/com.st.stm32cube.ide.mcu.externaltools.gnu-tools-for-stm32.14.3.rel1.win32_1.0.100.202602081740/tools/bin/../lib/gcc/arm-none-eabi/14.3.1/../../../../arm-none-eabi/lib/thumb/v7-m/nofp\libc_nano.a(libc_a-signal.o)
                0x08008892                _raise_r
 *fill*         0x080088e2        0x2 
 .text.raise    0x080088e4       0x10 C:/ST/STM32CubeIDE_1.18.0/STM32CubeIDE/plugins/com.st.stm32cube.ide.mcu.externaltools.gnu-tools-for-stm32.14.3.rel1.win32_1.0.100.202602081740/tools/bin/../lib/gcc/arm-none-eabi/14.3.1/../../../../arm-none-eabi/lib/thumb/v7-m/nofp\libc_nano.a(libc_a-signal.o)
                0x080088e4                raise
 .text._kill_r  0x080088f4       0x24 C:/ST/STM32CubeIDE_1.18.0/STM32CubeIDE/plugins/com.st.stm32cube.ide.mcu.externaltools.gnu-tools-for-stm32.14.3.rel1.win32_1.0.100.202602081740/tools/bin/../lib/gcc/arm-none-eabi/14.3.1/../../../../arm-none-eabi/lib/thumb/v7-m/nofp\libc_nano.a(libc_a-signalr.o)
                0x080088f4                _kill_r
 .text._getpid_r
                0x08008918        0x4 C:/ST/STM32CubeIDE_1.18.0/STM32CubeIDE/plugins/com.st.stm32cube.ide.mcu.externaltools.gnu-tools-for-stm32.14.3.rel1.win32_1.0.100.202602081740/tools/bin/../lib/gcc/arm-none-eabi/14.3.1/../../../../arm-none-eabi/lib/thumb/v7-m/nofp\libc_nano.a(libc_a-signalr.o)
                0x08008918                _getpid_r
 .text._malloc_usable_size_r
                0x0800891c       0x10 C:/ST/STM32CubeIDE_1.18.0/STM32CubeIDE/plugins/com.st.stm32cube.ide.mcu.externaltools.gnu-tools-for-stm32.14.3.rel1.win32_1.0.100.202602081740/tools/bin/../lib/gcc/arm-none-eabi/14.3.1/../../../../arm-none-eabi/lib/thumb/v7-m/nofp\libc_nano.a(libc_a-msizer.o)
                0x0800891c                _malloc_usable_size_r
 .text._kill    0x0800892c       0x10 C:/ST/STM32CubeIDE_1.18.0/STM32CubeIDE/plugins/com.st.stm32cube.ide.mcu.externaltools.gnu-tools-for-stm32.14.3.rel1.win32_1.0.100.202602081740/tools/bin/../lib/gcc/arm-none-eabi/14.3.1/../../../../arm-none-eabi/lib/thumb/v7-m/nofp\libnosys.a(kill.o)
                0x0800892c                _kill
 .text._exit    0x0800893c        0x4 C:/ST/STM32CubeIDE_1.18.0/STM32CubeIDE/plugins/com.st.stm32cube.ide.mcu.externaltools.gnu-tools-for-stm32.14.3.rel1.win32_1.0.100.202602081740/tools/bin/../lib/gcc/arm-none-eabi/14.3.1/../../../../arm-none-eabi/lib/thumb/v7-m/nofp\libnosys.a(_exit.o)
                0x0800893c                _exit
 *(.glue_7)
 .glue_7        0x08008940        0x0 linker stubs
 *(.glue_7t)
 .glue_7t       0x08008940        0x0 linker stubs
 *(.eh_frame)
 .eh_frame      0x08008940        0x0 C:/ST/STM32CubeIDE_1.18.0/STM32CubeIDE/plugins/com.st.stm32cube.ide.mcu.externaltools.gnu-tools-for-stm32.14.3.rel1.win32_1.0.100.202602081740/tools/bin/../lib/gcc/arm-none-eabi/14.3.1/thumb/v7-m/nofp/crtbegin.o
 *(.init)
 .init          0x08008940        0x4 C:/ST/STM32CubeIDE_1.18.0/STM32CubeIDE/plugins/com.st.stm32cube.ide.mcu.externaltools.gnu-tools-for-stm32.14.3.rel1.win32_1.0.100.202602081740/tools/bin/../lib/gcc/arm-none-eabi/14.3.1/thumb/v7-m/nofp/crti.o
                0x08008940                _init
 .init          0x08008944        0x8 C:/ST/STM32CubeIDE_1.18.0/STM32CubeIDE/plugins/com.st.stm32cube.ide.mcu.externaltools.gnu-tools-for-stm32.14.3.rel1.win32_1.0.100.202602081740/tools/bin/../lib/gcc/arm-none-eabi/14.3.1/thumb/v7-m/nofp/crtn.o
 *(.fini)
 .fini          0x0800894c        0x4 C:/ST/STM32CubeIDE_1.18.0/STM32CubeIDE/plugins/com.st.stm32cube.ide.mcu.externaltools.gnu-tools-for-stm32.14.3.rel1.win32_1.0.100.202602081740/tools/bin/../lib/gcc/arm-none-eabi/14.3.1/thumb/v7-m/nofp/crti.o
                0x0800894c                _fini
 .fini          0x08008950        0x8 C:/ST/STM32CubeIDE_1.18.0/STM32CubeIDE/plugins/com.st.stm32cube.ide.mcu.externaltools.gnu-tools-for-stm32.14.3.rel1.win32_1.0.100.202602081740/tools/bin/../lib/gcc/arm-none-eabi/14.3.1/thumb/v7-m/nofp/crtn.o
                0x08008958                        . = ALIGN (0x4)
                0x08008958                        _etext = .

.vfp11_veneer   0x08008958        0x0
 .vfp11_veneer  0x08008958        0x0 linker stubs

.v4_bx          0x08008958        0x0
 .v4_bx         0x08008958        0x0 linker stubs

.iplt           0x08008958        0x0
 .iplt          0x08008958        0x0 C:/ST/STM32CubeIDE_1.18.0/STM32CubeIDE/plugins/com.st.stm32cube.ide.mcu.externaltools.gnu-tools-for-stm32.14.3.rel1.win32_1.0.100.202602081740/tools/bin/../lib/gcc/arm-none-eabi/14.3.1/thumb/v7-m/nofp/crtbegin.o

.rodata         0x08008958      0x8c8
                0x08008958                        . = ALIGN (0x4)
 *(.rodata)
 .rodata        0x08008958       0x17 ./app/src/dibujo.o
 *fill*         0x0800896f        0x1 
 .rodata        0x08008970       0x48 ./app/src/estado.o
 .rodata        0x080089b8      0x1a8 ./app/src/menu_dibujo.o
 .rodata        0x08008b60       0x74 ./app/src/menu_principal.o
 .rodata        0x08008bd4      0x109 ./app/src/menu_secuencia.o
 *fill*         0x08008cdd        0x3 
 .rodata        0x08008ce0       0x84 ./app/src/secuencia.o
 .rodata        0x08008d64       0xbd ./app/src/test_wcet_LCD.o
 *fill*         0x08008e21        0x3 
 .rodata        0x08008e24       0xb9 ./app/src/test_wcet_adc.o
 *fill*         0x08008edd        0x3 
 .rodata        0x08008ee0       0xb9 ./app/src/test_wcet_boton.o
 *fill*         0x08008f99        0x3 
 .rodata        0x08008f9c       0xb9 ./app/src/test_wcet_hub75.o
 *fill*         0x08009055        0x3 
 .rodata        0x08009058       0xbd ./app/src/test_wcet_sistema.o
 *(.rodata*)
 *fill*         0x08009115        0x3 
 .rodata.AHBPrescTable
                0x08009118       0x10 ./Core/Src/system_stm32f1xx.o
                0x08009118                AHBPrescTable
 .rodata.APBPrescTable
                0x08009128        0x8 ./Core/Src/system_stm32f1xx.o
                0x08009128                APBPrescTable
 .rodata.aPLLMULFactorTable.1
                0x08009130       0x10 ./Drivers/STM32F1xx_HAL_Driver/Src/stm32f1xx_hal_rcc.o
 .rodata.aPredivFactorTable.0
                0x08009140        0x2 ./Drivers/STM32F1xx_HAL_Driver/Src/stm32f1xx_hal_rcc.o
 .rodata.srand.str1.1
                0x08009142       0xde C:/ST/STM32CubeIDE_1.18.0/STM32CubeIDE/plugins/com.st.stm32cube.ide.mcu.externaltools.gnu-tools-for-stm32.14.3.rel1.win32_1.0.100.202602081740/tools/bin/../lib/gcc/arm-none-eabi/14.3.1/../../../../arm-none-eabi/lib/thumb/v7-m/nofp\libc_nano.a(libc_a-rand.o)
                                 0x6f (size before relaxing)
 .rodata.__assert_func.str1.1
                0x08009220       0x3d C:/ST/STM32CubeIDE_1.18.0/STM32CubeIDE/plugins/com.st.stm32cube.ide.mcu.externaltools.gnu-tools-for-stm32.14.3.rel1.win32_1.0.100.202602081740/tools/bin/../lib/gcc/arm-none-eabi/14.3.1/../../../../arm-none-eabi/lib/thumb/v7-m/nofp\libc_nano.a(libc_a-assert.o)
 .rodata._svfprintf_r.str1.1
                0x08009220       0x11 C:/ST/STM32CubeIDE_1.18.0/STM32CubeIDE/plugins/com.st.stm32cube.ide.mcu.externaltools.gnu-tools-for-stm32.14.3.rel1.win32_1.0.100.202602081740/tools/bin/../lib/gcc/arm-none-eabi/14.3.1/../../../../arm-none-eabi/lib/thumb/v7-m/nofp\libc_nano.a(libc_a-nano-svfprintf.o)
 .rodata._vfprintf_r.str1.1
                0x08009220       0x11 C:/ST/STM32CubeIDE_1.18.0/STM32CubeIDE/plugins/com.st.stm32cube.ide.mcu.externaltools.gnu-tools-for-stm32.14.3.rel1.win32_1.0.100.202602081740/tools/bin/../lib/gcc/arm-none-eabi/14.3.1/../../../../arm-none-eabi/lib/thumb/v7-m/nofp\libc_nano.a(libc_a-nano-vfprintf.o)
 .rodata._printf_i.str1.1
                0x08009220       0x22 C:/ST/STM32CubeIDE_1.18.0/STM32CubeIDE/plugins/com.st.stm32cube.ide.mcu.externaltools.gnu-tools-for-stm32.14.3.rel1.win32_1.0.100.202602081740/tools/bin/../lib/gcc/arm-none-eabi/14.3.1/../../../../arm-none-eabi/lib/thumb/v7-m/nofp\libc_nano.a(libc_a-nano-vfprintf_i.o)
                0x08009260                        . = ALIGN (0x4)

.ARM.extab      0x08009220        0x0
                0x08009220                        . = ALIGN (0x4)
 *(.ARM.extab* .gnu.linkonce.armextab.*)
                0x08009220                        . = ALIGN (0x4)

.ARM            0x08009220        0x8
                0x08009220                        . = ALIGN (0x4)
                0x08009220                        __exidx_start = .
 *(.ARM.exidx*)
 .ARM.exidx     0x08009220        0x8 C:/ST/STM32CubeIDE_1.18.0/STM32CubeIDE/plugins/com.st.stm32cube.ide.mcu.externaltools.gnu-tools-for-stm32.14.3.rel1.win32_1.0.100.202602081740/tools/bin/../lib/gcc/arm-none-eabi/14.3.1/thumb/v7-m/nofp\libgcc.a(_udivmoddi4.o)
                0x08009228                        __exidx_end = .
                0x08009228                        . = ALIGN (0x4)

.preinit_array  0x08009228        0x0
                0x08009228                        . = ALIGN (0x4)
                0x08009228                        PROVIDE (__preinit_array_start = .)
 *(.preinit_array*)
                0x08009228                        PROVIDE (__preinit_array_end = .)
                0x08009228                        . = ALIGN (0x4)

.init_array     0x08009228        0x4
                0x08009228                        . = ALIGN (0x4)
                0x08009228                        PROVIDE (__init_array_start = .)
 *(SORT_BY_NAME(.init_array.*))
 *(.init_array*)
 .init_array    0x08009228        0x4 C:/ST/STM32CubeIDE_1.18.0/STM32CubeIDE/plugins/com.st.stm32cube.ide.mcu.externaltools.gnu-tools-for-stm32.14.3.rel1.win32_1.0.100.202602081740/tools/bin/../lib/gcc/arm-none-eabi/14.3.1/thumb/v7-m/nofp/crtbegin.o
                0x0800922c                        PROVIDE (__init_array_end = .)
                0x0800922c                        . = ALIGN (0x4)

.fini_array     0x0800922c        0x4
                0x0800922c                        . = ALIGN (0x4)
                [!provide]                        PROVIDE (__fini_array_start = .)
 *(SORT_BY_NAME(.fini_array.*))
 *(.fini_array*)
 .fini_array    0x0800922c        0x4 C:/ST/STM32CubeIDE_1.18.0/STM32CubeIDE/plugins/com.st.stm32cube.ide.mcu.externaltools.gnu-tools-for-stm32.14.3.rel1.win32_1.0.100.202602081740/tools/bin/../lib/gcc/arm-none-eabi/14.3.1/thumb/v7-m/nofp/crtbegin.o
                [!provide]                        PROVIDE (__fini_array_end = .)
                0x08009230                        . = ALIGN (0x4)
                0x08009230                        _sidata = LOADADDR (.data)

.rel.dyn        0x08009230        0x0
 .rel.iplt      0x08009230        0x0 C:/ST/STM32CubeIDE_1.18.0/STM32CubeIDE/plugins/com.st.stm32cube.ide.mcu.externaltools.gnu-tools-for-stm32.14.3.rel1.win32_1.0.100.202602081740/tools/bin/../lib/gcc/arm-none-eabi/14.3.1/thumb/v7-m/nofp/crtbegin.o

.data           0x20000000     0x1080 load address 0x08009230
                0x20000000                        . = ALIGN (0x4)
                0x20000000                        _sdata = .
 *(.data)
 *(.data*)
 .data.SystemCoreClock
                0x20000000        0x4 ./Core/Src/system_stm32f1xx.o
                0x20000000                SystemCoreClock
 .data.uwTickPrio
                0x20000004        0x4 ./Drivers/STM32F1xx_HAL_Driver/Src/stm32f1xx_hal.o
                0x20000004                uwTickPrio
 .data.uwTickFreq
                0x20000008        0x1 ./Drivers/STM32F1xx_HAL_Driver/Src/stm32f1xx_hal.o
                0x20000008                uwTickFreq
 .data.estadoAnt_Arriba.5
                0x20000009        0x1 ./app/src/boton.o
 .data.estadoAnt_Abajo.4
                0x2000000a        0x1 ./app/src/boton.o
 .data.estadoAnt_Izquierda.3
                0x2000000b        0x1 ./app/src/boton.o
 .data.estadoAnt_Derecha.2
                0x2000000c        0x1 ./app/src/boton.o
 .data.estadoAnt_Aceptar.1
                0x2000000d        0x1 ./app/src/boton.o
 .data.estadoAnt_Atras.0
                0x2000000e        0x1 ./app/src/boton.o
 *fill*         0x2000000f        0x1 
 .data.matrizInicio
                0x20000010     0x1000 ./app/src/matrizInicio.o
                0x20000010                matrizInicio
 .data.seleccion
                0x20001010        0x6 ./app/src/menu_dibujo.o
 *fill*         0x20001016        0x2 
 .data.seleccion
                0x20001018        0x4 ./app/src/menu_principal.o
 .data.brillo   0x2000101c        0x4 ./app/src/menu_principal.o
 .data.seleccion
                0x20001020        0x3 ./app/src/menu_secuencia.o
 *fill*         0x20001023        0x1 
 .data.__sglue  0x20001024        0xc C:/ST/STM32CubeIDE_1.18.0/STM32CubeIDE/plugins/com.st.stm32cube.ide.mcu.externaltools.gnu-tools-for-stm32.14.3.rel1.win32_1.0.100.202602081740/tools/bin/../lib/gcc/arm-none-eabi/14.3.1/../../../../arm-none-eabi/lib/thumb/v7-m/nofp\libc_nano.a(libc_a-findfp.o)
                0x20001024                __sglue
 .data._impure_ptr
                0x20001030        0x4 C:/ST/STM32CubeIDE_1.18.0/STM32CubeIDE/plugins/com.st.stm32cube.ide.mcu.externaltools.gnu-tools-for-stm32.14.3.rel1.win32_1.0.100.202602081740/tools/bin/../lib/gcc/arm-none-eabi/14.3.1/../../../../arm-none-eabi/lib/thumb/v7-m/nofp\libc_nano.a(libc_a-impure.o)
                0x20001030                _impure_ptr
 .data._impure_data
                0x20001034       0x4c C:/ST/STM32CubeIDE_1.18.0/STM32CubeIDE/plugins/com.st.stm32cube.ide.mcu.externaltools.gnu-tools-for-stm32.14.3.rel1.win32_1.0.100.202602081740/tools/bin/../lib/gcc/arm-none-eabi/14.3.1/../../../../arm-none-eabi/lib/thumb/v7-m/nofp\libc_nano.a(libc_a-impure.o)
                0x20001034                _impure_data
 *(.RamFunc)
 *(.RamFunc*)
                0x20001080                        . = ALIGN (0x4)
                0x20001080                        _edata = .

.igot.plt       0x20001080        0x0 load address 0x0800a2b0
 .igot.plt      0x20001080        0x0 C:/ST/STM32CubeIDE_1.18.0/STM32CubeIDE/plugins/com.st.stm32cube.ide.mcu.externaltools.gnu-tools-for-stm32.14.3.rel1.win32_1.0.100.202602081740/tools/bin/../lib/gcc/arm-none-eabi/14.3.1/thumb/v7-m/nofp/crtbegin.o
                0x20001080                        . = ALIGN (0x4)

.bss            0x20001080     0x17e4 load address 0x0800a2b0
                0x20001080                        _sbss = .
                0x20001080                        __bss_start__ = _sbss
 *(.bss)
 .bss           0x20001080       0x1c C:/ST/STM32CubeIDE_1.18.0/STM32CubeIDE/plugins/com.st.stm32cube.ide.mcu.externaltools.gnu-tools-for-stm32.14.3.rel1.win32_1.0.100.202602081740/tools/bin/../lib/gcc/arm-none-eabi/14.3.1/thumb/v7-m/nofp/crtbegin.o
 *(.bss*)
 .bss.hadc1     0x2000109c       0x30 ./Core/Src/main.o
                0x2000109c                hadc1
 .bss.hdma_adc1
                0x200010cc       0x44 ./Core/Src/main.o
                0x200010cc                hdma_adc1
 .bss.hi2c1     0x20001110       0x54 ./Core/Src/main.o
                0x20001110                hi2c1
 .bss.huart2    0x20001164       0x48 ./Core/Src/main.o
                0x20001164                huart2
 .bss.__sbrk_heap_end
                0x200011ac        0x4 ./Core/Src/sysmem.o
 .bss.uwTick    0x200011b0        0x4 ./Drivers/STM32F1xx_HAL_Driver/Src/stm32f1xx_hal.o
                0x200011b0                uwTick
 .bss.ultimoEvento
                0x200011b4        0x1 ./app/src/boton.o
 *fill*         0x200011b5        0x3 
 .bss.ultimoTiempo.6
                0x200011b8        0x4 ./app/src/boton.o
 .bss.estadoSistemaActual
                0x200011bc        0x1 ./app/src/estado.o
 .bss.estadoOperacionActual
                0x200011bd        0x1 ./app/src/estado.o
 .bss.primera_falla_tick.0
                0x200011be        0x1 ./app/src/estado.o
 *fill*         0x200011bf        0x1 
 .bss.framebuffer
                0x200011c0      0x800 ./app/src/frame_buffer.o
                0x200011c0                framebuffer
 .bss.fila_actual
                0x200019c0        0x4 ./app/src/hub75.o
 .bss.ultimoTiempoHub75
                0x200019c4        0x4 ./app/src/hub75.o
 .bss.lcd_hi2c  0x200019c8        0x4 ./app/src/lcd.o
 .bss.bufferLCD
                0x200019cc       0x54 ./app/src/lcd.o
 .bss.refreshearLCD
                0x20001a20        0x1 ./app/src/lcd.o
 *fill*         0x20001a21        0x3 
 .bss.bufferMemoria
                0x20001a24      0xc00 ./app/src/mem.o
 .bss.memEscribiendo
                0x20002624        0x1 ./app/src/mem.o
 *fill*         0x20002625        0x1 
 .bss.addrActual
                0x20002626        0x2 ./app/src/mem.o
 .bss.bytesRestantesAEscribir
                0x20002628        0x2 ./app/src/mem.o
 .bss.bytesEscritos
                0x2000262a        0x2 ./app/src/mem.o
 .bss.ultimoTiempo
                0x2000262c        0x4 ./app/src/mem.o
 .bss.dibujoActual
                0x20002630        0x4 ./app/src/menu_dibujo.o
 .bss.indiceSeleccion
                0x20002634        0x4 ./app/src/menu_dibujo.o
 .bss.pincelCambiado
                0x20002638        0x1 ./app/src/menu_dibujo.o
 .bss.memoriaEnProceso
                0x20002639        0x1 ./app/src/menu_dibujo.o
 *fill*         0x2000263a        0x2 
 .bss.tiempoMemoria
                0x2000263c        0x4 ./app/src/menu_dibujo.o
 .bss.indiceSeleccion
                0x20002640        0x4 ./app/src/menu_principal.o
 .bss.secuenciaActual
                0x20002644        0x4 ./app/src/menu_secuencia.o
 .bss.matrizActual
                0x20002648        0x4 ./app/src/menu_secuencia.o
 .bss.indiceSeleccion
                0x2000264c        0x4 ./app/src/menu_secuencia.o
 .bss.indiceMostrando
                0x20002650        0x1 ./app/src/menu_secuencia.o
 *fill*         0x20002651        0x3 
 .bss.tiempoUltimaSeccion
                0x20002654        0x4 ./app/src/menu_secuencia.o
 .bss.mostrandoIniciado
                0x20002658        0x1 ./app/src/menu_secuencia.o
 .bss.secuenciaFallo
                0x20002659        0x1 ./app/src/menu_secuencia.o
 *fill*         0x2000265a        0x2 
 .bss.tiempoFallo
                0x2000265c        0x4 ./app/src/menu_secuencia.o
 .bss.secuenciaVictoria
                0x20002660        0x1 ./app/src/menu_secuencia.o
 *fill*         0x20002661        0x3 
 .bss.tiempoVictoria
                0x20002664        0x4 ./app/src/menu_secuencia.o
 .bss.ordenContador
                0x20002668        0x1 ./app/src/menu_secuencia.o
 *fill*         0x20002669        0x3 
 .bss.muestras_adc
                0x2000266c        0x6 ./app/src/potenciometro.o
                0x2000266c                muestras_adc
 .bss.flagADCLectura
                0x20002672        0x1 ./app/src/potenciometro.o
 .bss.valor_r   0x20002673        0x1 ./app/src/potenciometro.o
 .bss.valor_g   0x20002674        0x1 ./app/src/potenciometro.o
 .bss.valor_b   0x20002675        0x1 ./app/src/potenciometro.o
 *fill*         0x20002676        0x2 
 .bss.openfiles
                0x20002678       0xa0 C:/ST/STM32CubeIDE_1.18.0/STM32CubeIDE/plugins/com.st.stm32cube.ide.mcu.externaltools.gnu-tools-for-stm32.14.3.rel1.win32_1.0.100.202602081740/tools/bin/../lib/gcc/arm-none-eabi/14.3.1/../../../../arm-none-eabi/lib/thumb/v7-m/nofp\librdimon_nano.a(arm_librdimon_a-syscalls.o)
 .bss.__malloc_sbrk_start
                0x20002718        0x4 C:/ST/STM32CubeIDE_1.18.0/STM32CubeIDE/plugins/com.st.stm32cube.ide.mcu.externaltools.gnu-tools-for-stm32.14.3.rel1.win32_1.0.100.202602081740/tools/bin/../lib/gcc/arm-none-eabi/14.3.1/../../../../arm-none-eabi/lib/thumb/v7-m/nofp\libc_nano.a(libc_a-mallocr.o)
                0x20002718                __malloc_sbrk_start
 .bss.__malloc_free_list
                0x2000271c        0x4 C:/ST/STM32CubeIDE_1.18.0/STM32CubeIDE/plugins/com.st.stm32cube.ide.mcu.externaltools.gnu-tools-for-stm32.14.3.rel1.win32_1.0.100.202602081740/tools/bin/../lib/gcc/arm-none-eabi/14.3.1/../../../../arm-none-eabi/lib/thumb/v7-m/nofp\libc_nano.a(libc_a-mallocr.o)
                0x2000271c                __malloc_free_list
 .bss.__sf      0x20002720      0x138 C:/ST/STM32CubeIDE_1.18.0/STM32CubeIDE/plugins/com.st.stm32cube.ide.mcu.externaltools.gnu-tools-for-stm32.14.3.rel1.win32_1.0.100.202602081740/tools/bin/../lib/gcc/arm-none-eabi/14.3.1/../../../../arm-none-eabi/lib/thumb/v7-m/nofp\libc_nano.a(libc_a-findfp.o)
                0x20002720                __sf
 .bss.__stdio_exit_handler
                0x20002858        0x4 C:/ST/STM32CubeIDE_1.18.0/STM32CubeIDE/plugins/com.st.stm32cube.ide.mcu.externaltools.gnu-tools-for-stm32.14.3.rel1.win32_1.0.100.202602081740/tools/bin/../lib/gcc/arm-none-eabi/14.3.1/../../../../arm-none-eabi/lib/thumb/v7-m/nofp\libc_nano.a(libc_a-findfp.o)
                0x20002858                __stdio_exit_handler
 .bss.errno     0x2000285c        0x4 C:/ST/STM32CubeIDE_1.18.0/STM32CubeIDE/plugins/com.st.stm32cube.ide.mcu.externaltools.gnu-tools-for-stm32.14.3.rel1.win32_1.0.100.202602081740/tools/bin/../lib/gcc/arm-none-eabi/14.3.1/../../../../arm-none-eabi/lib/thumb/v7-m/nofp\libc_nano.a(libc_a-reent.o)
                0x2000285c                errno
 .bss.__lock___malloc_recursive_mutex
                0x20002860        0x1 C:/ST/STM32CubeIDE_1.18.0/STM32CubeIDE/plugins/com.st.stm32cube.ide.mcu.externaltools.gnu-tools-for-stm32.14.3.rel1.win32_1.0.100.202602081740/tools/bin/../lib/gcc/arm-none-eabi/14.3.1/../../../../arm-none-eabi/lib/thumb/v7-m/nofp\libc_nano.a(libc_a-lock.o)
                0x20002860                __lock___malloc_recursive_mutex
 .bss.__lock___sfp_recursive_mutex
                0x20002861        0x1 C:/ST/STM32CubeIDE_1.18.0/STM32CubeIDE/plugins/com.st.stm32cube.ide.mcu.externaltools.gnu-tools-for-stm32.14.3.rel1.win32_1.0.100.202602081740/tools/bin/../lib/gcc/arm-none-eabi/14.3.1/../../../../arm-none-eabi/lib/thumb/v7-m/nofp\libc_nano.a(libc_a-lock.o)
                0x20002861                __lock___sfp_recursive_mutex
 *(COMMON)
                0x20002864                        . = ALIGN (0x4)
 *fill*         0x20002862        0x2 
                0x20002864                        _ebss = .
                0x20002864                        __bss_end__ = _ebss

._user_heap_stack
                0x20002864      0x604 load address 0x0800a2b0
                0x20002868                        . = ALIGN (0x8)
 *fill*         0x20002864        0x4 
                0x20002868                        PROVIDE (end = .)
                0x20002868                        PROVIDE (_end = .)
                0x20002a68                        . = (. + _Min_Heap_Size)
 *fill*         0x20002868      0x200 
                0x20002e68                        . = (. + _Min_Stack_Size)
 *fill*         0x20002a68      0x400 
                0x20002e68                        . = ALIGN (0x8)

/DISCARD/
 libc.a(*)
 libm.a(*)
 libgcc.a(*)

.ARM.attributes
                0x00000000       0x29
 *(.ARM.attributes)
 .ARM.attributes
                0x00000000       0x1d C:/ST/STM32CubeIDE_1.18.0/STM32CubeIDE/plugins/com.st.stm32cube.ide.mcu.externaltools.gnu-tools-for-stm32.14.3.rel1.win32_1.0.100.202602081740/tools/bin/../lib/gcc/arm-none-eabi/14.3.1/thumb/v7-m/nofp/crti.o
 .ARM.attributes
                0x0000001d       0x2d C:/ST/STM32CubeIDE_1.18.0/STM32CubeIDE/plugins/com.st.stm32cube.ide.mcu.externaltools.gnu-tools-for-stm32.14.3.rel1.win32_1.0.100.202602081740/tools/bin/../lib/gcc/arm-none-eabi/14.3.1/thumb/v7-m/nofp/crtbegin.o
 .ARM.attributes
                0x0000004a       0x2d ./Core/Src/main.o
 .ARM.attributes
                0x00000077       0x2d ./Core/Src/stm32f1xx_hal_msp.o
 .ARM.attributes
                0x000000a4       0x2d ./Core/Src/stm32f1xx_it.o
 .ARM.attributes
                0x000000d1       0x2d ./Core/Src/sysmem.o
 .ARM.attributes
                0x000000fe       0x2d ./Core/Src/system_stm32f1xx.o
 .ARM.attributes
                0x0000012b       0x21 ./Core/Startup/startup_stm32f103rbtx.o
 .ARM.attributes
                0x0000014c       0x2d ./Drivers/STM32F1xx_HAL_Driver/Src/stm32f1xx_hal.o
 .ARM.attributes
                0x00000179       0x2d ./Drivers/STM32F1xx_HAL_Driver/Src/stm32f1xx_hal_adc.o
 .ARM.attributes
                0x000001a6       0x2d ./Drivers/STM32F1xx_HAL_Driver/Src/stm32f1xx_hal_adc_ex.o
 .ARM.attributes
                0x000001d3       0x2d ./Drivers/STM32F1xx_HAL_Driver/Src/stm32f1xx_hal_cortex.o
 .ARM.attributes
                0x00000200       0x2d ./Drivers/STM32F1xx_HAL_Driver/Src/stm32f1xx_hal_dma.o
 .ARM.attributes
                0x0000022d       0x2d ./Drivers/STM32F1xx_HAL_Driver/Src/stm32f1xx_hal_gpio.o
 .ARM.attributes
                0x0000025a       0x2d ./Drivers/STM32F1xx_HAL_Driver/Src/stm32f1xx_hal_i2c.o
 .ARM.attributes
                0x00000287       0x2d ./Drivers/STM32F1xx_HAL_Driver/Src/stm32f1xx_hal_rcc.o
 .ARM.attributes
                0x000002b4       0x2d ./Drivers/STM32F1xx_HAL_Driver/Src/stm32f1xx_hal_rcc_ex.o
 .ARM.attributes
                0x000002e1       0x2d ./Drivers/STM32F1xx_HAL_Driver/Src/stm32f1xx_hal_uart.o
 .ARM.attributes
                0x0000030e       0x2d ./app/src/app.o
 .ARM.attributes
                0x0000033b       0x2d ./app/src/boton.o
 .ARM.attributes
                0x00000368       0x2d ./app/src/dibujo.o
 .ARM.attributes
                0x00000395       0x2d ./app/src/estado.o
 .ARM.attributes
                0x000003c2       0x2d ./app/src/frame_buffer.o
 .ARM.attributes
                0x000003ef       0x2d ./app/src/hub75.o
 .ARM.attributes
                0x0000041c       0x2d ./app/src/lcd.o
 .ARM.attributes
                0x00000449       0x2d ./app/src/matriz.o
 .ARM.attributes
                0x00000476       0x2d ./app/src/matrizInicio.o
 .ARM.attributes
                0x000004a3       0x2d ./app/src/mem.o
 .ARM.attributes
                0x000004d0       0x2d ./app/src/menu_dibujo.o
 .ARM.attributes
                0x000004fd       0x2d ./app/src/menu_principal.o
 .ARM.attributes
                0x0000052a       0x2d ./app/src/menu_secuencia.o
 .ARM.attributes
                0x00000557       0x2d ./app/src/potenciometro.o
 .ARM.attributes
                0x00000584       0x2d ./app/src/secuencia.o
 .ARM.attributes
                0x000005b1       0x2d ./app/src/test.o
 .ARM.attributes
                0x000005de       0x2d ./app/src/test_wcet_LCD.o
 .ARM.attributes
                0x0000060b       0x2d ./app/src/test_wcet_adc.o
 .ARM.attributes
                0x00000638       0x2d ./app/src/test_wcet_boton.o
 .ARM.attributes
                0x00000665       0x2d ./app/src/test_wcet_hub75.o
 .ARM.attributes
                0x00000692       0x2d ./app/src/test_wcet_sistema.o
 .ARM.attributes
                0x000006bf       0x2d C:/ST/STM32CubeIDE_1.18.0/STM32CubeIDE/plugins/com.st.stm32cube.ide.mcu.externaltools.gnu-tools-for-stm32.14.3.rel1.win32_1.0.100.202602081740/tools/bin/../lib/gcc/arm-none-eabi/14.3.1/../../../../arm-none-eabi/lib/thumb/v7-m/nofp\librdimon_nano.a(arm_librdimon_a-syscalls.o)
 .ARM.attributes
                0x000006ec       0x2d C:/ST/STM32CubeIDE_1.18.0/STM32CubeIDE/plugins/com.st.stm32cube.ide.mcu.externaltools.gnu-tools-for-stm32.14.3.rel1.win32_1.0.100.202602081740/tools/bin/../lib/gcc/arm-none-eabi/14.3.1/../../../../arm-none-eabi/lib/thumb/v7-m/nofp\libc_nano.a(libc_a-malloc.o)
 .ARM.attributes
                0x00000719       0x2d C:/ST/STM32CubeIDE_1.18.0/STM32CubeIDE/plugins/com.st.stm32cube.ide.mcu.externaltools.gnu-tools-for-stm32.14.3.rel1.win32_1.0.100.202602081740/tools/bin/../lib/gcc/arm-none-eabi/14.3.1/../../../../arm-none-eabi/lib/thumb/v7-m/nofp\libc_nano.a(libc_a-mallocr.o)
 .ARM.attributes
                0x00000746       0x2d C:/ST/STM32CubeIDE_1.18.0/STM32CubeIDE/plugins/com.st.stm32cube.ide.mcu.externaltools.gnu-tools-for-stm32.14.3.rel1.win32_1.0.100.202602081740/tools/bin/../lib/gcc/arm-none-eabi/14.3.1/../../../../arm-none-eabi/lib/thumb/v7-m/nofp\libc_nano.a(libc_a-mlock.o)
 .ARM.attributes
                0x00000773       0x2d C:/ST/STM32CubeIDE_1.18.0/STM32CubeIDE/plugins/com.st.stm32cube.ide.mcu.externaltools.gnu-tools-for-stm32.14.3.rel1.win32_1.0.100.202602081740/tools/bin/../lib/gcc/arm-none-eabi/14.3.1/../../../../arm-none-eabi/lib/thumb/v7-m/nofp\libc_nano.a(libc_a-rand.o)
 .ARM.attributes
                0x000007a0       0x2d C:/ST/STM32CubeIDE_1.18.0/STM32CubeIDE/plugins/com.st.stm32cube.ide.mcu.externaltools.gnu-tools-for-stm32.14.3.rel1.win32_1.0.100.202602081740/tools/bin/../lib/gcc/arm-none-eabi/14.3.1/../../../../arm-none-eabi/lib/thumb/v7-m/nofp\libc_nano.a(libc_a-fflush.o)
 .ARM.attributes
                0x000007cd       0x2d C:/ST/STM32CubeIDE_1.18.0/STM32CubeIDE/plugins/com.st.stm32cube.ide.mcu.externaltools.gnu-tools-for-stm32.14.3.rel1.win32_1.0.100.202602081740/tools/bin/../lib/gcc/arm-none-eabi/14.3.1/../../../../arm-none-eabi/lib/thumb/v7-m/nofp\libc_nano.a(libc_a-findfp.o)
 .ARM.attributes
                0x000007fa       0x2d C:/ST/STM32CubeIDE_1.18.0/STM32CubeIDE/plugins/com.st.stm32cube.ide.mcu.externaltools.gnu-tools-for-stm32.14.3.rel1.win32_1.0.100.202602081740/tools/bin/../lib/gcc/arm-none-eabi/14.3.1/../../../../arm-none-eabi/lib/thumb/v7-m/nofp\libc_nano.a(libc_a-fwalk.o)
 .ARM.attributes
                0x00000827       0x2d C:/ST/STM32CubeIDE_1.18.0/STM32CubeIDE/plugins/com.st.stm32cube.ide.mcu.externaltools.gnu-tools-for-stm32.14.3.rel1.win32_1.0.100.202602081740/tools/bin/../lib/gcc/arm-none-eabi/14.3.1/../../../../arm-none-eabi/lib/thumb/v7-m/nofp\libc_nano.a(libc_a-printf.o)
 .ARM.attributes
                0x00000854       0x2d C:/ST/STM32CubeIDE_1.18.0/STM32CubeIDE/plugins/com.st.stm32cube.ide.mcu.externaltools.gnu-tools-for-stm32.14.3.rel1.win32_1.0.100.202602081740/tools/bin/../lib/gcc/arm-none-eabi/14.3.1/../../../../arm-none-eabi/lib/thumb/v7-m/nofp\libc_nano.a(libc_a-puts.o)
 .ARM.attributes