02:47:05 **** Incremental Build of configuration Debug for project tdse-tp2_00-model_integration ****
make -j8 all 
arm-none-eabi-gcc "../app/src/app.c" -mcpu=cortex-m3 -std=gnu11 -g3 -DDEBUG -DUSE_HAL_DRIVER -DSTM32F103xB -c -I../Core/Inc -I../Drivers/STM32F1xx_HAL_Driver/Inc -I../Drivers/STM32F1xx_HAL_Driver/Inc/Legacy -I../Drivers/CMSIS/Device/ST/STM32F1xx/Include -I../Drivers/CMSIS/Include -I../app/inc -O0 -ffunction-sections -fdata-sections -Wall -fstack-usage -fcyclomatic-complexity -MMD -MP -MF"app/src/app.d" -MT"app/src/app.o" --specs=nano.specs -mfloat-abi=soft -mthumb -o "app/src/app.o"
arm-none-eabi-gcc "../app/src/app_it.c" -mcpu=cortex-m3 -std=gnu11 -g3 -DDEBUG -DUSE_HAL_DRIVER -DSTM32F103xB -c -I../Core/Inc -I../Drivers/STM32F1xx_HAL_Driver/Inc -I../Drivers/STM32F1xx_HAL_Driver/Inc/Legacy -I../Drivers/CMSIS/Device/ST/STM32F1xx/Include -I../Drivers/CMSIS/Include -I../app/inc -O0 -ffunction-sections -fdata-sections -Wall -fstack-usage -fcyclomatic-complexity -MMD -MP -MF"app/src/app_it.d" -MT"app/src/app_it.o" --specs=nano.specs -mfloat-abi=soft -mthumb -o "app/src/app_it.o"
arm-none-eabi-gcc "../app/src/boton.c" -mcpu=cortex-m3 -std=gnu11 -g3 -DDEBUG -DUSE_HAL_DRIVER -DSTM32F103xB -c -I../Core/Inc -I../Drivers/STM32F1xx_HAL_Driver/Inc -I../Drivers/STM32F1xx_HAL_Driver/Inc/Legacy -I../Drivers/CMSIS/Device/ST/STM32F1xx/Include -I../Drivers/CMSIS/Include -I../app/inc -O0 -ffunction-sections -fdata-sections -Wall -fstack-usage -fcyclomatic-complexity -MMD -MP -MF"app/src/boton.d" -MT"app/src/boton.o" --specs=nano.specs -mfloat-abi=soft -mthumb -o "app/src/boton.o"
arm-none-eabi-gcc "../app/src/dibujo.c" -mcpu=cortex-m3 -std=gnu11 -g3 -DDEBUG -DUSE_HAL_DRIVER -DSTM32F103xB -c -I../Core/Inc -I../Drivers/STM32F1xx_HAL_Driver/Inc -I../Drivers/STM32F1xx_HAL_Driver/Inc/Legacy -I../Drivers/CMSIS/Device/ST/STM32F1xx/Include -I../Drivers/CMSIS/Include -I../app/inc -O0 -ffunction-sections -fdata-sections -Wall -fstack-usage -fcyclomatic-complexity -MMD -MP -MF"app/src/dibujo.d" -MT"app/src/dibujo.o" --specs=nano.specs -mfloat-abi=soft -mthumb -o "app/src/dibujo.o"
arm-none-eabi-gcc "../app/src/estado.c" -mcpu=cortex-m3 -std=gnu11 -g3 -DDEBUG -DUSE_HAL_DRIVER -DSTM32F103xB -c -I../Core/Inc -I../Drivers/STM32F1xx_HAL_Driver/Inc -I../Drivers/STM32F1xx_HAL_Driver/Inc/Legacy -I../Drivers/CMSIS/Device/ST/STM32F1xx/Include -I../Drivers/CMSIS/Include -I../app/inc -O0 -ffunction-sections -fdata-sections -Wall -fstack-usage -fcyclomatic-complexity -MMD -MP -MF"app/src/estado.d" -MT"app/src/estado.o" --specs=nano.specs -mfloat-abi=soft -mthumb -o "app/src/estado.o"
arm-none-eabi-gcc "../app/src/frame_buffer.c" -mcpu=cortex-m3 -std=gnu11 -g3 -DDEBUG -DUSE_HAL_DRIVER -DSTM32F103xB -c -I../Core/Inc -I../Drivers/STM32F1xx_HAL_Driver/Inc -I../Drivers/STM32F1xx_HAL_Driver/Inc/Legacy -I../Drivers/CMSIS/Device/ST/STM32F1xx/Include -I../Drivers/CMSIS/Include -I../app/inc -O0 -ffunction-sections -fdata-sections -Wall -fstack-usage -fcyclomatic-complexity -MMD -MP -MF"app/src/frame_buffer.d" -MT"app/src/frame_buffer.o" --specs=nano.specs -mfloat-abi=soft -mthumb -o "app/src/frame_buffer.o"
arm-none-eabi-gcc "../app/src/hub75.c" -mcpu=cortex-m3 -std=gnu11 -g3 -DDEBUG -DUSE_HAL_DRIVER -DSTM32F103xB -c -I../Core/Inc -I../Drivers/STM32F1xx_HAL_Driver/Inc -I../Drivers/STM32F1xx_HAL_Driver/Inc/Legacy -I../Drivers/CMSIS/Device/ST/STM32F1xx/Include -I../Drivers/CMSIS/Include -I../app/inc -O0 -ffunction-sections -fdata-sections -Wall -fstack-usage -fcyclomatic-complexity -MMD -MP -MF"app/src/hub75.d" -MT"app/src/hub75.o" --specs=nano.specs -mfloat-abi=soft -mthumb -o "app/src/hub75.o"
arm-none-eabi-gcc "../app/src/logger.c" -mcpu=cortex-m3 -std=gnu11 -g3 -DDEBUG -DUSE_HAL_DRIVER -DSTM32F103xB -c -I../Core/Inc -I../Drivers/STM32F1xx_HAL_Driver/Inc -I../Drivers/STM32F1xx_HAL_Driver/Inc/Legacy -I../Drivers/CMSIS/Device/ST/STM32F1xx/Include -I../Drivers/CMSIS/Include -I../app/inc -O0 -ffunction-sections -fdata-sections -Wall -fstack-usage -fcyclomatic-complexity -MMD -MP -MF"app/src/logger.d" -MT"app/src/logger.o" --specs=nano.specs -mfloat-abi=soft -mthumb -o "app/src/logger.o"
arm-none-eabi-gcc "../app/src/menu_dibujo.c" -mcpu=cortex-m3 -std=gnu11 -g3 -DDEBUG -DUSE_HAL_DRIVER -DSTM32F103xB -c -I../Core/Inc -I../Drivers/STM32F1xx_HAL_Driver/Inc -I../Drivers/STM32F1xx_HAL_Driver/Inc/Legacy -I../Drivers/CMSIS/Device/ST/STM32F1xx/Include -I../Drivers/CMSIS/Include -I../app/inc -O0 -ffunction-sections -fdata-sections -Wall -fstack-usage -fcyclomatic-complexity -MMD -MP -MF"app/src/menu_dibujo.d" -MT"app/src/menu_dibujo.o" --specs=nano.specs -mfloat-abi=soft -mthumb -o "app/src/menu_dibujo.o"
arm-none-eabi-gcc "../app/src/menu_principal.c" -mcpu=cortex-m3 -std=gnu11 -g3 -DDEBUG -DUSE_HAL_DRIVER -DSTM32F103xB -c -I../Core/Inc -I../Drivers/STM32F1xx_HAL_Driver/Inc -I../Drivers/STM32F1xx_HAL_Driver/Inc/Legacy -I../Drivers/CMSIS/Device/ST/STM32F1xx/Include -I../Drivers/CMSIS/Include -I../app/inc -O0 -ffunction-sections -fdata-sections -Wall -fstack-usage -fcyclomatic-complexity -MMD -MP -MF"app/src/menu_principal.d" -MT"app/src/menu_principal.o" --specs=nano.specs -mfloat-abi=soft -mthumb -o "app/src/menu_principal.o"
arm-none-eabi-gcc "../app/src/menu_secuencia.c" -mcpu=cortex-m3 -std=gnu11 -g3 -DDEBUG -DUSE_HAL_DRIVER -DSTM32F103xB -c -I../Core/Inc -I../Drivers/STM32F1xx_HAL_Driver/Inc -I../Drivers/STM32F1xx_HAL_Driver/Inc/Legacy -I../Drivers/CMSIS/Device/ST/STM32F1xx/Include -I../Drivers/CMSIS/Include -I../app/inc -O0 -ffunction-sections -fdata-sections -Wall -fstack-usage -fcyclomatic-complexity -MMD -MP -MF"app/src/menu_secuencia.d" -MT"app/src/menu_secuencia.o" --specs=nano.specs -mfloat-abi=soft -mthumb -o "app/src/menu_secuencia.o"
arm-none-eabi-gcc "../app/src/test.c" -mcpu=cortex-m3 -std=gnu11 -g3 -DDEBUG -DUSE_HAL_DRIVER -DSTM32F103xB -c -I../Core/Inc -I../Drivers/STM32F1xx_HAL_Driver/Inc -I../Drivers/STM32F1xx_HAL_Driver/Inc/Legacy -I../Drivers/CMSIS/Device/ST/STM32F1xx/Include -I../Drivers/CMSIS/Include -I../app/inc -O0 -ffunction-sections -fdata-sections -Wall -fstack-usage -fcyclomatic-complexity -MMD -MP -MF"app/src/test.d" -MT"app/src/test.o" --specs=nano.specs -mfloat-abi=soft -mthumb -o "app/src/test.o"
arm-none-eabi-gcc "../Core/Src/main.c" -mcpu=cortex-m3 -std=gnu11 -g3 -DDEBUG -DUSE_HAL_DRIVER -DSTM32F103xB -c -I../Core/Inc -I../Drivers/STM32F1xx_HAL_Driver/Inc -I../Drivers/STM32F1xx_HAL_Driver/Inc/Legacy -I../Drivers/CMSIS/Device/ST/STM32F1xx/Include -I../Drivers/CMSIS/Include -I../app/inc -O0 -ffunction-sections -fdata-sections -Wall -fstack-usage -fcyclomatic-complexity -MMD -MP -MF"Core/Src/main.d" -MT"Core/Src/main.o" --specs=nano.specs -mfloat-abi=soft -mthumb -o "Core/Src/main.o"
arm-none-eabi-gcc "../Core/Src/stm32f1xx_hal_msp.c" -mcpu=cortex-m3 -std=gnu11 -g3 -DDEBUG -DUSE_HAL_DRIVER -DSTM32F103xB -c -I../Core/Inc -I../Drivers/STM32F1xx_HAL_Driver/Inc -I../Drivers/STM32F1xx_HAL_Driver/Inc/Legacy -I../Drivers/CMSIS/Device/ST/STM32F1xx/Include -I../Drivers/CMSIS/Include -I../app/inc -O0 -ffunction-sections -fdata-sections -Wall -fstack-usage -fcyclomatic-complexity -MMD -MP -MF"Core/Src/stm32f1xx_hal_msp.d" -MT"Core/Src/stm32f1xx_hal_msp.o" --specs=nano.specs -mfloat-abi=soft -mthumb -o "Core/Src/stm32f1xx_hal_msp.o"
arm-none-eabi-gcc "../Core/Src/stm32f1xx_it.c" -mcpu=cortex-m3 -std=gnu11 -g3 -DDEBUG -DUSE_HAL_DRIVER -DSTM32F103xB -c -I../Core/Inc -I../Drivers/STM32F1xx_HAL_Driver/Inc -I../Drivers/STM32F1xx_HAL_Driver/Inc/Legacy -I../Drivers/CMSIS/Device/ST/STM32F1xx/Include -I../Drivers/CMSIS/Include -I../app/inc -O0 -ffunction-sections -fdata-sections -Wall -fstack-usage -fcyclomatic-complexity -MMD -MP -MF"Core/Src/stm32f1xx_it.d" -MT"Core/Src/stm32f1xx_it.o" --specs=nano.specs -mfloat-abi=soft -mthumb -o "Core/Src/stm32f1xx_it.o"
arm-none-eabi-gcc -o "tdse-tp2_00-model_integration.elf" @"objects.list"  -lrdimon -mcpu=cortex-m3 -T"C:\Users\mechi\OneDrive\FIUBA\2026_1C\TdSEpf\tdse-pf_workspace2\tdse-tp2_00-model_integration\STM32F103RBTX_FLASH.ld" --specs=nosys.specs -Wl,-Map="tdse-tp2_00-model_integration.map" -Wl,--gc-sections -static -specs=rdimon.specs --specs=nano.specs -mfloat-abi=soft -mthumb -Wl,--start-group -lc -lm -Wl,--end-group
C:/ST/STM32CubeIDE_1.18.0/STM32CubeIDE/plugins/com.st.stm32cube.ide.mcu.externaltools.gnu-tools-for-stm32.14.3.rel1.win32_1.0.100.202602081740/tools/bin/../lib/gcc/arm-none-eabi/14.3.1/../../../../arm-none-eabi/bin/ld.exe: C:/ST/STM32CubeIDE_1.18.0/STM32CubeIDE/plugins/com.st.stm32cube.ide.mcu.externaltools.gnu-tools-for-stm32.14.3.rel1.win32_1.0.100.202602081740/tools/bin/../lib/gcc/arm-none-eabi/14.3.1/../../../../arm-none-eabi/lib/thumb/v7-m/nofp\libc_nano.a(libc_a-signalr.o): in function `_kill_r':
(.text._kill_r+0xe): warning: _kill is not implemented and will always fail
C:/ST/STM32CubeIDE_1.18.0/STM32CubeIDE/plugins/com.st.stm32cube.ide.mcu.externaltools.gnu-tools-for-stm32.14.3.rel1.win32_1.0.100.202602081740/tools/bin/../lib/gcc/arm-none-eabi/14.3.1/../../../../arm-none-eabi/bin/ld.exe: C:/ST/STM32CubeIDE_1.18.0/STM32CubeIDE/plugins/com.st.stm32cube.ide.mcu.externaltools.gnu-tools-for-stm32.14.3.rel1.win32_1.0.100.202602081740/tools/bin/../lib/gcc/arm-none-eabi/14.3.1/../../../../arm-none-eabi/lib/thumb/v7-m/nofp\libc_nano.a(libc_a-signalr.o): note: the message above does not take linker garbage collection into account
Finished building target: tdse-tp2_00-model_integration.elf
 
arm-none-eabi-size  tdse-tp2_00-model_integration.elf 
arm-none-eabi-objdump -h -S tdse-tp2_00-model_integration.elf  > "tdse-tp2_00-model_integration.list"
   text	   data	    bss	    dec	    hex	filename
  32480	   4224	   7576	  44280	   acf8	tdse-tp2_00-model_integration.elf
Finished building: default.size.stdout
 
Finished building: tdse-tp2_00-model_integration.list
 
02:50:11 **** Incremental Build of configuration Debug for project tdse-tp2_00-model_integration ****
make -j8 all 
arm-none-eabi-size  tdse-tp2_00-model_integration.elf 
   text	   data	    bss	    dec	    hex	filename
  32480	   4224	   7576	  44280	   acf8	tdse-tp2_00-model_integration.elf
Finished building: default.size.stdout
 
03:01:29 **** Incremental Build of configuration Debug for project tdse-tp2_00-model_integration ****
make -j8 all 
arm-none-eabi-gcc "../app/src/menu_dibujo.c" -mcpu=cortex-m3 -std=gnu11 -g3 -DDEBUG -DUSE_HAL_DRIVER -DSTM32F103xB -c -I../Core/Inc -I../Drivers/STM32F1xx_HAL_Driver/Inc -I../Drivers/STM32F1xx_HAL_Driver/Inc/Legacy -I../Drivers/CMSIS/Device/ST/STM32F1xx/Include -I../Drivers/CMSIS/Include -I../app/inc -O0 -ffunction-sections -fdata-sections -Wall -fstack-usage -fcyclomatic-complexity -MMD -MP -MF"app/src/menu_dibujo.d" -MT"app/src/menu_dibujo.o" --specs=nano.specs -mfloat-abi=soft -mthumb -o "app/src/menu_dibujo.o"
arm-none-eabi-gcc -o "tdse-tp2_00-model_integration.elf" @"objects.list"  -lrdimon -mcpu=cortex-m3 -T"C:\Users\mechi\OneDrive\FIUBA\2026_1C\TdSEpf\tdse-pf_workspace2\tdse-tp2_00-model_integration\STM32F103RBTX_FLASH.ld" --specs=nosys.specs -Wl,-Map="tdse-tp2_00-model_integration.map" -Wl,--gc-sections -static -specs=rdimon.specs --specs=nano.specs -mfloat-abi=soft -mthumb -Wl,--start-group -lc -lm -Wl,--end-group
C:/ST/STM32CubeIDE_1.18.0/STM32CubeIDE/plugins/com.st.stm32cube.ide.mcu.externaltools.gnu-tools-for-stm32.14.3.rel1.win32_1.0.100.202602081740/tools/bin/../lib/gcc/arm-none-eabi/14.3.1/../../../../arm-none-eabi/bin/ld.exe: C:/ST/STM32CubeIDE_1.18.0/STM32CubeIDE/plugins/com.st.stm32cube.ide.mcu.externaltools.gnu-tools-for-stm32.14.3.rel1.win32_1.0.100.202602081740/tools/bin/../lib/gcc/arm-none-eabi/14.3.1/../../../../arm-none-eabi/lib/thumb/v7-m/nofp\libc_nano.a(libc_a-signalr.o): in function `_kill_r':
(.text._kill_r+0xe): warning: _kill is not implemented and will always fail
C:/ST/STM32CubeIDE_1.18.0/STM32CubeIDE/plugins/com.st.stm32cube.ide.mcu.externaltools.gnu-tools-for-stm32.14.3.rel1.win32_1.0.100.202602081740/tools/bin/../lib/gcc/arm-none-eabi/14.3.1/../../../../arm-none-eabi/bin/ld.exe: C:/ST/STM32CubeIDE_1.18.0/STM32CubeIDE/plugins/com.st.stm32cube.ide.mcu.externaltools.gnu-tools-for-stm32.14.3.rel1.win32_1.0.100.202602081740/tools/bin/../lib/gcc/arm-none-eabi/14.3.1/../../../../arm-none-eabi/lib/thumb/v7-m/nofp\libc_nano.a(libc_a-signalr.o): note: the message above does not take linker garbage collection into account
Finished building target: tdse-tp2_00-model_integration.elf
 
arm-none-eabi-size  tdse-tp2_00-model_integration.elf 
arm-none-eabi-objdump -h -S tdse-tp2_00-model_integration.elf  > "tdse-tp2_00-model_integration.list"
   text	   data	    bss	    dec	    hex	filename
  32624	   4224	   7576	  44424	   ad88	tdse-tp2_00-model_integration.elf
Finished building: default.size.stdout
 
Finished building: tdse-tp2_00-model_integration.list
 
03:33:01 **** Incremental Build of configuration Debug for project tdse-tp2_00-model_integration ****
make -j8 all 
arm-none-eabi-gcc "../app/src/dibujo.c" -mcpu=cortex-m3 -std=gnu11 -g3 -DDEBUG -DUSE_HAL_DRIVER -DSTM32F103xB -c -I../Core/Inc -I../Drivers/STM32F1xx_HAL_Driver/Inc -I../Drivers/STM32F1xx_HAL_Driver/Inc/Legacy -I../Drivers/CMSIS/Device/ST/STM32F1xx/Include -I../Drivers/CMSIS/Include -I../app/inc -O0 -ffunction-sections -fdata-sections -Wall -fstack-usage -fcyclomatic-complexity -MMD -MP -MF"app/src/dibujo.d" -MT"app/src/dibujo.o" --specs=nano.specs -mfloat-abi=soft -mthumb -o "app/src/dibujo.o"
arm-none-eabi-gcc "../app/src/estado.c" -mcpu=cortex-m3 -std=gnu11 -g3 -DDEBUG -DUSE_HAL_DRIVER -DSTM32F103xB -c -I../Core/Inc -I../Drivers/STM32F1xx_HAL_Driver/Inc -I../Drivers/STM32F1xx_HAL_Driver/Inc/Legacy -I../Drivers/CMSIS/Device/ST/STM32F1xx/Include -I../Drivers/CMSIS/Include -I../app/inc -O0 -ffunction-sections -fdata-sections -Wall -fstack-usage -fcyclomatic-complexity -MMD -MP -MF"app/src/estado.d" -MT"app/src/estado.o" --specs=nano.specs -mfloat-abi=soft -mthumb -o "app/src/estado.o"
arm-none-eabi-gcc "../app/src/menu_dibujo.c" -mcpu=cortex-m3 -std=gnu11 -g3 -DDEBUG -DUSE_HAL_DRIVER -DSTM32F103xB -c -I../Core/Inc -I../Drivers/STM32F1xx_HAL_Driver/Inc -I../Drivers/STM32F1xx_HAL_Driver/Inc/Legacy -I../Drivers/CMSIS/Device/ST/STM32F1xx/Include -I../Drivers/CMSIS/Include -I../app/inc -O0 -ffunction-sections -fdata-sections -Wall -fstack-usage -fcyclomatic-complexity -MMD -MP -MF"app/src/menu_dibujo.d" -MT"app/src/menu_dibujo.o" --specs=nano.specs -mfloat-abi=soft -mthumb -o "app/src/menu_dibujo.o"
arm-none-eabi-gcc "../app/src/menu_principal.c" -mcpu=cortex-m3 -std=gnu11 -g3 -DDEBUG -DUSE_HAL_DRIVER -DSTM32F103xB -c -I../Core/Inc -I../Drivers/STM32F1xx_HAL_Driver/Inc -I../Drivers/STM32F1xx_HAL_Driver/Inc/Legacy -I../Drivers/CMSIS/Device/ST/STM32F1xx/Include -I../Drivers/CMSIS/Include -I../app/inc -O0 -ffunction-sections -fdata-sections -Wall -fstack-usage -fcyclomatic-complexity -MMD -MP -MF"app/src/menu_principal.d" -MT"app/src/menu_principal.o" --specs=nano.specs -mfloat-abi=soft -mthumb -o "app/src/menu_principal.o"
arm-none-eabi-gcc "../app/src/menu_secuencia.c" -mcpu=cortex-m3 -std=gnu11 -g3 -DDEBUG -DUSE_HAL_DRIVER -DSTM32F103xB -c -I../Core/Inc -I../Drivers/STM32F1xx_HAL_Driver/Inc -I../Drivers/STM32F1xx_HAL_Driver/Inc/Legacy -I../Drivers/CMSIS/Device/ST/STM32F1xx/Include -I../Drivers/CMSIS/Include -I../app/inc -O0 -ffunction-sections -fdata-sections -Wall -fstack-usage -fcyclomatic-complexity -MMD -MP -MF"app/src/menu_secuencia.d" -MT"app/src/menu_secuencia.o" --specs=nano.specs -mfloat-abi=soft -mthumb -o "app/src/menu_secuencia.o"
arm-none-eabi-gcc "../app/src/potenciometro.c" -mcpu=cortex-m3 -std=gnu11 -g3 -DDEBUG -DUSE_HAL_DRIVER -DSTM32F103xB -c -I../Core/Inc -I../Drivers/STM32F1xx_HAL_Driver/Inc -I../Drivers/STM32F1xx_HAL_Driver/Inc/Legacy -I../Drivers/CMSIS/Device/ST/STM32F1xx/Include -I../Drivers/CMSIS/Include -I../app/inc -O0 -ffunction-sections -fdata-sections -Wall -fstack-usage -fcyclomatic-complexity -MMD -MP -MF"app/src/potenciometro.d" -MT"app/src/potenciometro.o" --specs=nano.specs -mfloat-abi=soft -mthumb -o "app/src/potenciometro.o"
arm-none-eabi-gcc "../app/src/secuencia.c" -mcpu=cortex-m3 -std=gnu11 -g3 -DDEBUG -DUSE_HAL_DRIVER -DSTM32F103xB -c -I../Core/Inc -I../Drivers/STM32F1xx_HAL_Driver/Inc -I../Drivers/STM32F1xx_HAL_Driver/Inc/Legacy -I../Drivers/CMSIS/Device/ST/STM32F1xx/Include -I../Drivers/CMSIS/Include -I../app/inc -O0 -ffunction-sections -fdata-sections -Wall -fstack-usage -fcyclomatic-complexity -MMD -MP -MF"app/src/secuencia.d" -MT"app/src/secuencia.o" --specs=nano.specs -mfloat-abi=soft -mthumb -o "app/src/secuencia.o"
arm-none-eabi-gcc "../Core/Src/main.c" -mcpu=cortex-m3 -std=gnu11 -g3 -DDEBUG -DUSE_HAL_DRIVER -DSTM32F103xB -c -I../Core/Inc -I../Drivers/STM32F1xx_HAL_Driver/Inc -I../Drivers/STM32F1xx_HAL_Driver/Inc/Legacy -I../Drivers/CMSIS/Device/ST/STM32F1xx/Include -I../Drivers/CMSIS/Include -I../app/inc -O0 -ffunction-sections -fdata-sections -Wall -fstack-usage -fcyclomatic-complexity -MMD -MP -MF"Core/Src/main.d" -MT"Core/Src/main.o" --specs=nano.specs -mfloat-abi=soft -mthumb -o "Core/Src/main.o"
arm-none-eabi-gcc -o "tdse-tp2_00-model_integration.elf" @"objects.list"  -lrdimon -mcpu=cortex-m3 -T"C:\Users\mechi\OneDrive\FIUBA\2026_1C\TdSEpf\tdse-pf_workspace2\tdse-tp2_00-model_integration\STM32F103RBTX_FLASH.ld" --specs=nosys.specs -Wl,-Map="tdse-tp2_00-model_integration.map" -Wl,--gc-sections -static -specs=rdimon.specs --specs=nano.specs -mfloat-abi=soft -mthumb -Wl,--start-group -lc -lm -Wl,--end-group
C:/ST/STM32CubeIDE_1.18.0/STM32CubeIDE/plugins/com.st.stm32cube.ide.mcu.externaltools.gnu-tools-for-stm32.14.3.rel1.win32_1.0.100.202602081740/tools/bin/../lib/gcc/arm-none-eabi/14.3.1/../../../../arm-none-eabi/bin/ld.exe: C:/ST/STM32CubeIDE_1.18.0/STM32CubeIDE/plugins/com.st.stm32cube.ide.mcu.externaltools.gnu-tools-for-stm32.14.3.rel1.win32_1.0.100.202602081740/tools/bin/../lib/gcc/arm-none-eabi/14.3.1/../../../../arm-none-eabi/lib/thumb/v7-m/nofp\libc_nano.a(libc_a-signalr.o): in function `_kill_r':
(.text._kill_r+0xe): warning: _kill is not implemented and will always fail
C:/ST/STM32CubeIDE_1.18.0/STM32CubeIDE/plugins/com.st.stm32cube.ide.mcu.externaltools.gnu-tools-for-stm32.14.3.rel1.win32_1.0.100.202602081740/tools/bin/../lib/gcc/arm-none-eabi/14.3.1/../../../../arm-none-eabi/bin/ld.exe: C:/ST/STM32CubeIDE_1.18.0/STM32CubeIDE/plugins/com.st.stm32cube.ide.mcu.externaltools.gnu-tools-for-stm32.14.3.rel1.win32_1.0.100.202602081740/tools/bin/../lib/gcc/arm-none-eabi/14.3.1/../../../../arm-none-eabi/lib/thumb/v7-m/nofp\libc_nano.a(libc_a-signalr.o): note: the message above does not take linker garbage collection into account
Finished building target: tdse-tp2_00-model_integration.elf
 
arm-none-eabi-size  tdse-tp2_00-model_integration.elf 
arm-none-eabi-objdump -h -S tdse-tp2_00-model_integration.elf  > "tdse-tp2_00-model_integration.list"
   text	   data	    bss	    dec	    hex	filename
  32608	   4224	   7576	  44408	   ad78	tdse-tp2_00-model_integration.elf
Finished building: default.size.stdout
 
Finished building: tdse-tp2_00-model_integration.list
 
03:35:24 **** Incremental Build of configuration Debug for project tdse-tp2_00-model_integration ****
make -j8 all 
arm-none-eabi-gcc "../Core/Src/main.c" -mcpu=cortex-m3 -std=gnu11 -g3 -DDEBUG -DUSE_HAL_DRIVER -DSTM32F103xB -c -I../Core/Inc -I../Drivers/STM32F1xx_HAL_Driver/Inc -I../Drivers/STM32F1xx_HAL_Driver/Inc/Legacy -I../Drivers/CMSIS/Device/ST/STM32F1xx/Include -I../Drivers/CMSIS/Include -I../app/inc -O0 -ffunction-sections -fdata-sections -Wall -fstack-usage -fcyclomatic-complexity -MMD -MP -MF"Core/Src/main.d" -MT"Core/Src/main.o" --specs=nano.specs -mfloat-abi=soft -mthumb -o "Core/Src/main.o"
arm-none-eabi-gcc -o "tdse-tp2_00-model_integration.elf" @"objects.list"  -lrdimon -mcpu=cortex-m3 -T"C:\Users\mechi\OneDrive\FIUBA\2026_1C\TdSEpf\tdse-pf_workspace2\tdse-tp2_00-model_integration\STM32F103RBTX_FLASH.ld" --specs=nosys.specs -Wl,-Map="tdse-tp2_00-model_integration.map" -Wl,--gc-sections -static -specs=rdimon.specs --specs=nano.specs -mfloat-abi=soft -mthumb -Wl,--start-group -lc -lm -Wl,--end-group
C:/ST/STM32CubeIDE_1.18.0/STM32CubeIDE/plugins/com.st.stm32cube.ide.mcu.externaltools.gnu-tools-for-stm32.14.3.rel1.win32_1.0.100.202602081740/tools/bin/../lib/gcc/arm-none-eabi/14.3.1/../../../../arm-none-eabi/bin/ld.exe: C:/ST/STM32CubeIDE_1.18.0/STM32CubeIDE/plugins/com.st.stm32cube.ide.mcu.externaltools.gnu-tools-for-stm32.14.3.rel1.win32_1.0.100.202602081740/tools/bin/../lib/gcc/arm-none-eabi/14.3.1/../../../../arm-none-eabi/lib/thumb/v7-m/nofp\libc_nano.a(libc_a-signalr.o): in function `_kill_r':
(.text._kill_r+0xe): warning: _kill is not implemented and will always fail
C:/ST/STM32CubeIDE_1.18.0/STM32CubeIDE/plugins/com.st.stm32cube.ide.mcu.externaltools.gnu-tools-for-stm32.14.3.rel1.win32_1.0.100.202602081740/tools/bin/../lib/gcc/arm-none-eabi/14.3.1/../../../../arm-none-eabi/bin/ld.exe: C:/ST/STM32CubeIDE_1.18.0/STM32CubeIDE/plugins/com.st.stm32cube.ide.mcu.externaltools.gnu-tools-for-stm32.14.3.rel1.win32_1.0.100.202602081740/tools/bin/../lib/gcc/arm-none-eabi/14.3.1/../../../../arm-none-eabi/lib/thumb/v7-m/nofp\libc_nano.a(libc_a-signalr.o): note: the message above does not take linker garbage collection into account
Finished building target: tdse-tp2_00-model_integration.elf
 
arm-none-eabi-size  tdse-tp2_00-model_integration.elf 
arm-none-eabi-objdump -h -S tdse-tp2_00-model_integration.elf  > "tdse-tp2_00-model_integration.list"
   text	   data	    bss	    dec	    hex	filename
  32628	   4224	   7576	  44428	   ad8c	tdse-tp2_00-model_integration.elf
Finished building: default.size.stdout
 
Finished building: tdse-tp2_00-model_integration.list
 
03:46:13 **** Incremental Build of configuration Debug for project tdse-tp2_00-model_integration ****
make -j8 all 
arm-none-eabi-size  tdse-tp2_00-model_integration.elf 
   text	   data	    bss	    dec	    hex	filename
  32628	   4224	   7576	  44428	   ad8c	tdse-tp2_00-model_integration.elf
Finished building: default.size.stdout
 
03:49:05 **** Incremental Build of configuration Debug for project tdse-tp2_00-model_integration ****
make -j8 all 
arm-none-eabi-size  tdse-tp2_00-model_integration.elf 
   text	   data	    bss	    dec	    hex	filename
  32628	   4224	   7576	  44428	   ad8c	tdse-tp2_00-model_integration.elf
Finished building: default.size.stdout
 
04:08:43 **** Incremental Build of configuration Debug for project tdse-tp2_00-model_integration ****
make -j8 all 
arm-none-eabi-gcc "../app/src/potenciometro.c" -mcpu=cortex-m3 -std=gnu11 -g3 -DDEBUG -DUSE_HAL_DRIVER -DSTM32F103xB -c -I../Core/Inc -I../Drivers/STM32F1xx_HAL_Driver/Inc -I../Drivers/STM32F1xx_HAL_Driver/Inc/Legacy -I../Drivers/CMSIS/Device/ST/STM32F1xx/Include -I../Drivers/CMSIS/Include -I../app/inc -O0 -ffunction-sections -fdata-sections -Wall -fstack-usage -fcyclomatic-complexity -MMD -MP -MF"app/src/potenciometro.d" -MT"app/src/potenciometro.o" --specs=nano.specs -mfloat-abi=soft -mthumb -o "app/src/potenciometro.o"
arm-none-eabi-gcc -o "tdse-tp2_00-model_integration.elf" @"objects.list"  -lrdimon -mcpu=cortex-m3 -T"C:\Users\mechi\OneDrive\FIUBA\2026_1C\TdSEpf\tdse-pf_workspace2\tdse-tp2_00-model_integration\STM32F103RBTX_FLASH.ld" --specs=nosys.specs -Wl,-Map="tdse-tp2_00-model_integration.map" -Wl,--gc-sections -static -specs=rdimon.specs --specs=nano.specs -mfloat-abi=soft -mthumb -Wl,--start-group -lc -lm -Wl,--end-group
C:/ST/STM32CubeIDE_1.18.0/STM32CubeIDE/plugins/com.st.stm32cube.ide.mcu.externaltools.gnu-tools-for-stm32.14.3.rel1.win32_1.0.100.202602081740/tools/bin/../lib/gcc/arm-none-eabi/14.3.1/../../../../arm-none-eabi/bin/ld.exe: C:/ST/STM32CubeIDE_1.18.0/STM32CubeIDE/plugins/com.st.stm32cube.ide.mcu.externaltools.gnu-tools-for-stm32.14.3.rel1.win32_1.0.100.202602081740/tools/bin/../lib/gcc/arm-none-eabi/14.3.1/../../../../arm-none-eabi/lib/thumb/v7-m/nofp\libc_nano.a(libc_a-signalr.o): in function `_kill_r':
(.text._kill_r+0xe): warning: _kill is not implemented and will always fail
C:/ST/STM32CubeIDE_1.18.0/STM32CubeIDE/plugins/com.st.stm32cube.ide.mcu.externaltools.gnu-tools-for-stm32.14.3.rel1.win32_1.0.100.202602081740/tools/bin/../lib/gcc/arm-none-eabi/14.3.1/../../../../arm-none-eabi/bin/ld.exe: C:/ST/STM32CubeIDE_1.18.0/STM32CubeIDE/plugins/com.st.stm32cube.ide.mcu.externaltools.gnu-tools-for-stm32.14.3.rel1.win32_1.0.100.202602081740/tools/bin/../lib/gcc/arm-none-eabi/14.3.1/../../../../arm-none-eabi/lib/thumb/v7-m/nofp\libc_nano.a(libc_a-signalr.o): note: the message above does not take linker garbage collection into account
Finished building target: tdse-tp2_00-model_integration.elf
 
arm-none-eabi-size  tdse-tp2_00-model_integration.elf 
arm-none-eabi-objdump -h -S tdse-tp2_00-model_integration.elf  > "tdse-tp2_00-model_integration.list"
   text	   data	    bss	    dec	    hex	filename
  32628	   4224	   7576	  44428	   ad8c	tdse-tp2_00-model_integration.elf
Finished building: default.size.stdout
 
Finished building: tdse-tp2_00-model_integration.list
 
04:15:48 **** Incremental Build of configuration Debug for project tdse-tp2_00-model_integration ****
make -j8 all 
arm-none-eabi-gcc "../app/src/potenciometro.c" -mcpu=cortex-m3 -std=gnu11 -g3 -DDEBUG -DUSE_HAL_DRIVER -DSTM32F103xB -c -I../Core/Inc -I../Drivers/STM32F1xx_HAL_Driver/Inc -I../Drivers/STM32F1xx_HAL_Driver/Inc/Legacy -I../Drivers/CMSIS/Device/ST/STM32F1xx/Include -I../Drivers/CMSIS/Include -I../app/inc -O0 -ffunction-sections -fdata-sections -Wall -fstack-usage -fcyclomatic-complexity -MMD -MP -MF"app/src/potenciometro.d" -MT"app/src/potenciometro.o" --specs=nano.specs -mfloat-abi=soft -mthumb -o "app/src/potenciometro.o"
../app/src/potenciometro.c: In function 'escrutarPotenciometros':
../app/src/potenciometro.c:96:10: error: too few arguments to function 'leer_3_canales'
   96 |     if (!leer_3_canales(raw)) {
      |          ^~~~~~~~~~~~~~
../app/src/potenciometro.c:86:13: note: declared here
   86 | static bool leer_3_canales(uint16_t raw[3], bool ok[3]) {
      |             ^~~~~~~~~~~~~~
make: *** [app/src/subdir.mk:70: app/src/potenciometro.o] Error 1
"make -j8 all" terminated with exit code 2. Build might be incomplete.
04:16:34 **** Incremental Build of configuration Debug for project tdse-tp2_00-model_integration ****
make -j8 all 
arm-none-eabi-gcc "../app/src/potenciometro.c" -mcpu=cortex-m3 -std=gnu11 -g3 -DDEBUG -DUSE_HAL_DRIVER -DSTM32F103xB -c -I../Core/Inc -I../Drivers/STM32F1xx_HAL_Driver/Inc -I../Drivers/STM32F1xx_HAL_Driver/Inc/Legacy -I../Drivers/CMSIS/Device/ST/STM32F1xx/Include -I../Drivers/CMSIS/Include -I../app/inc -O0 -ffunction-sections -fdata-sections -Wall -fstack-usage -fcyclomatic-complexity -MMD -MP -MF"app/src/potenciometro.d" -MT"app/src/potenciometro.o" --specs=nano.specs -mfloat-abi=soft -mthumb -o "app/src/potenciometro.o"
arm-none-eabi-gcc -o "tdse-tp2_00-model_integration.elf" @"objects.list"  -lrdimon -mcpu=cortex-m3 -T"C:\Users\mechi\OneDrive\FIUBA\2026_1C\TdSEpf\tdse-pf_workspace2\tdse-tp2_00-model_integration\STM32F103RBTX_FLASH.ld" --specs=nosys.specs -Wl,-Map="tdse-tp2_00-model_integration.map" -Wl,--gc-sections -static -specs=rdimon.specs --specs=nano.specs -mfloat-abi=soft -mthumb -Wl,--start-group -lc -lm -Wl,--end-group
C:/ST/STM32CubeIDE_1.18.0/STM32CubeIDE/plugins/com.st.stm32cube.ide.mcu.externaltools.gnu-tools-for-stm32.14.3.rel1.win32_1.0.100.202602081740/tools/bin/../lib/gcc/arm-none-eabi/14.3.1/../../../../arm-none-eabi/bin/ld.exe: C:/ST/STM32CubeIDE_1.18.0/STM32CubeIDE/plugins/com.st.stm32cube.ide.mcu.externaltools.gnu-tools-for-stm32.14.3.rel1.win32_1.0.100.202602081740/tools/bin/../lib/gcc/arm-none-eabi/14.3.1/../../../../arm-none-eabi/lib/thumb/v7-m/nofp\libc_nano.a(libc_a-signalr.o): in function `_kill_r':
(.text._kill_r+0xe): warning: _kill is not implemented and will always fail
C:/ST/STM32CubeIDE_1.18.0/STM32CubeIDE/plugins/com.st.stm32cube.ide.mcu.externaltools.gnu-tools-for-stm32.14.3.rel1.win32_1.0.100.202602081740/tools/bin/../lib/gcc/arm-none-eabi/14.3.1/../../../../arm-none-eabi/bin/ld.exe: C:/ST/STM32CubeIDE_1.18.0/STM32CubeIDE/plugins/com.st.stm32cube.ide.mcu.externaltools.gnu-tools-for-stm32.14.3.rel1.win32_1.0.100.202602081740/tools/bin/../lib/gcc/arm-none-eabi/14.3.1/../../../../arm-none-eabi/lib/thumb/v7-m/nofp\libc_nano.a(libc_a-signalr.o): note: the message above does not take linker garbage collection into account
Finished building target: tdse-tp2_00-model_integration.elf
 
arm-none-eabi-size  tdse-tp2_00-model_integration.elf 
arm-none-eabi-objdump -h -S tdse-tp2_00-model_integration.elf  > "tdse-tp2_00-model_integration.list"
   text	   data	    bss	    dec	    hex	filename
  32784	   4224	   7576	  44584	   ae28	tdse-tp2_00-model_integration.elf
Finished building: default.size.stdout
 
Finished building: tdse-tp2_00-model_integration.list
 
04:21:07 **** Incremental Build of configuration Debug for project tdse-tp2_00-model_integration ****
make -j8 all 
arm-none-eabi-size  tdse-tp2_00-model_integration.elf 
   text	   data	    bss	    dec	    hex	filename
  32784	   4224	   7576	  44584	   ae28	tdse-tp2_00-model_integration.elf
Finished building: default.size.stdout
 
04:42:42 **** Incremental Build of configuration Debug for project tdse-tp2_00-model_integration ****
make -j8 all 
arm-none-eabi-gcc "../app/src/potenciometro.c" -mcpu=cortex-m3 -std=gnu11 -g3 -DDEBUG -DUSE_HAL_DRIVER -DSTM32F103xB -c -I../Core/Inc -I../Drivers/STM32F1xx_HAL_Driver/Inc -I../Drivers/STM32F1xx_HAL_Driver/Inc/Legacy -I../Drivers/CMSIS/Device/ST/STM32F1xx/Include -I../Drivers/CMSIS/Include -I../app/inc -O0 -ffunction-sections -fdata-sections -Wall -fstack-usage -fcyclomatic-complexity -MMD -MP -MF"app/src/potenciometro.d" -MT"app/src/potenciometro.o" --specs=nano.specs -mfloat-abi=soft -mthumb -o "app/src/potenciometro.o"
arm-none-eabi-gcc "../Core/Src/main.c" -mcpu=cortex-m3 -std=gnu11 -g3 -DDEBUG -DUSE_HAL_DRIVER -DSTM32F103xB -c -I../Core/Inc -I../Drivers/STM32F1xx_HAL_Driver/Inc -I../Drivers/STM32F1xx_HAL_Driver/Inc/Legacy -I../Drivers/CMSIS/Device/ST/STM32F1xx/Include -I../Drivers/CMSIS/Include -I../app/inc -O0 -ffunction-sections -fdata-sections -Wall -fstack-usage -fcyclomatic-complexity -MMD -MP -MF"Core/Src/main.d" -MT"Core/Src/main.o" --specs=nano.specs -mfloat-abi=soft -mthumb -o "Core/Src/main.o"
arm-none-eabi-gcc -o "tdse-tp2_00-model_integration.elf" @"objects.list"  -lrdimon -mcpu=cortex-m3 -T"C:\Users\mechi\OneDrive\FIUBA\2026_1C\TdSEpf\tdse-pf_workspace2\tdse-tp2_00-model_integration\STM32F103RBTX_FLASH.ld" --specs=nosys.specs -Wl,-Map="tdse-tp2_00-model_integration.map" -Wl,--gc-sections -static -specs=rdimon.specs --specs=nano.specs -mfloat-abi=soft -mthumb -Wl,--start-group -lc -lm -Wl,--end-group
C:/ST/STM32CubeIDE_1.18.0/STM32CubeIDE/plugins/com.st.stm32cube.ide.mcu.externaltools.gnu-tools-for-stm32.14.3.rel1.win32_1.0.100.202602081740/tools/bin/../lib/gcc/arm-none-eabi/14.3.1/../../../../arm-none-eabi/bin/ld.exe: C:/ST/STM32CubeIDE_1.18.0/STM32CubeIDE/plugins/com.st.stm32cube.ide.mcu.externaltools.gnu-tools-for-stm32.14.3.rel1.win32_1.0.100.202602081740/tools/bin/../lib/gcc/arm-none-eabi/14.3.1/../../../../arm-none-eabi/lib/thumb/v7-m/nofp\libc_nano.a(libc_a-signalr.o): in function `_kill_r':
(.text._kill_r+0xe): warning: _kill is not implemented and will always fail
C:/ST/STM32CubeIDE_1.18.0/STM32CubeIDE/plugins/com.st.stm32cube.ide.mcu.externaltools.gnu-tools-for-stm32.14.3.rel1.win32_1.0.100.202602081740/tools/bin/../lib/gcc/arm-none-eabi/14.3.1/../../../../arm-none-eabi/bin/ld.exe: C:/ST/STM32CubeIDE_1.18.0/STM32CubeIDE/plugins/com.st.stm32cube.ide.mcu.externaltools.gnu-tools-for-stm32.14.3.rel1.win32_1.0.100.202602081740/tools/bin/../lib/gcc/arm-none-eabi/14.3.1/../../../../arm-none-eabi/lib/thumb/v7-m/nofp\libc_nano.a(libc_a-signalr.o): note: the message above does not take linker garbage collection into account
C:/ST/STM32CubeIDE_1.18.0/STM32CubeIDE/plugins/com.st.stm32cube.ide.mcu.externaltools.gnu-tools-for-stm32.14.3.rel1.win32_1.0.100.202602081740/tools/bin/../lib/gcc/arm-none-eabi/14.3.1/../../../../arm-none-eabi/bin/ld.exe: ./app/src/app.o: in function `taskEscrutar':
C:/Users/mechi/OneDrive/FIUBA/2026_1C/TdSEpf/tdse-pf_workspace2/tdse-tp2_00-model_integration/Debug/../app/src/app.c:42:(.text.taskEscrutar+0x8): undefined reference to `escrutarPotenciometros'
C:/ST/STM32CubeIDE_1.18.0/STM32CubeIDE/plugins/com.st.stm32cube.ide.mcu.externaltools.gnu-tools-for-stm32.14.3.rel1.win32_1.0.100.202602081740/tools/bin/../lib/gcc/arm-none-eabi/14.3.1/../../../../arm-none-eabi/bin/ld.exe: (escrutarPotenciometros): Unknown destination type (ARM/Thumb) in ./app/src/app.o
C:/Users/mechi/OneDrive/FIUBA/2026_1C/TdSEpf/tdse-pf_workspace2/tdse-tp2_00-model_integration/Debug/../app/src/app.c:42:(.text.taskEscrutar+0x8): dangerous relocation: unsupported relocation
collect2.exe: error: ld returned 1 exit status
make: *** [makefile:65: tdse-tp2_00-model_integration.elf] Error 1
"make -j8 all" terminated with exit code 2. Build might be incomplete.
04:43:49 **** Incremental Build of configuration Debug for project tdse-tp2_00-model_integration ****
make -j8 all 
arm-none-eabi-gcc "../app/src/potenciometro.c" -mcpu=cortex-m3 -std=gnu11 -g3 -DDEBUG -DUSE_HAL_DRIVER -DSTM32F103xB -c -I../Core/Inc -I../Drivers/STM32F1xx_HAL_Driver/Inc -I../Drivers/STM32F1xx_HAL_Driver/Inc/Legacy -I../Drivers/CMSIS/Device/ST/STM32F1xx/Include -I../Drivers/CMSIS/Include -I../app/inc -O0 -ffunction-sections -fdata-sections -Wall -fstack-usage -fcyclomatic-complexity -MMD -MP -MF"app/src/potenciometro.d" -MT"app/src/potenciometro.o" --specs=nano.specs -mfloat-abi=soft -mthumb -o "app/src/potenciometro.o"
arm-none-eabi-gcc -o "tdse-tp2_00-model_integration.elf" @"objects.list"  -lrdimon -mcpu=cortex-m3 -T"C:\Users\mechi\OneDrive\FIUBA\2026_1C\TdSEpf\tdse-pf_workspace2\tdse-tp2_00-model_integration\STM32F103RBTX_FLASH.ld" --specs=nosys.specs -Wl,-Map="tdse-tp2_00-model_integration.map" -Wl,--gc-sections -static -specs=rdimon.specs --specs=nano.specs -mfloat-abi=soft -mthumb -Wl,--start-group -lc -lm -Wl,--end-group
C:/ST/STM32CubeIDE_1.18.0/STM32CubeIDE/plugins/com.st.stm32cube.ide.mcu.externaltools.gnu-tools-for-stm32.14.3.rel1.win32_1.0.100.202602081740/tools/bin/../lib/gcc/arm-none-eabi/14.3.1/../../../../arm-none-eabi/bin/ld.exe: C:/ST/STM32CubeIDE_1.18.0/STM32CubeIDE/plugins/com.st.stm32cube.ide.mcu.externaltools.gnu-tools-for-stm32.14.3.rel1.win32_1.0.100.202602081740/tools/bin/../lib/gcc/arm-none-eabi/14.3.1/../../../../arm-none-eabi/lib/thumb/v7-m/nofp\libc_nano.a(libc_a-signalr.o): in function `_kill_r':
(.text._kill_r+0xe): warning: _kill is not implemented and will always fail
C:/ST/STM32CubeIDE_1.18.0/STM32CubeIDE/plugins/com.st.stm32cube.ide.mcu.externaltools.gnu-tools-for-stm32.14.3.rel1.win32_1.0.100.202602081740/tools/bin/../lib/gcc/arm-none-eabi/14.3.1/../../../../arm-none-eabi/bin/ld.exe: C:/ST/STM32CubeIDE_1.18.0/STM32CubeIDE/plugins/com.st.stm32cube.ide.mcu.externaltools.gnu-tools-for-stm32.14.3.rel1.win32_1.0.100.202602081740/tools/bin/../lib/gcc/arm-none-eabi/14.3.1/../../../../arm-none-eabi/lib/thumb/v7-m/nofp\libc_nano.a(libc_a-signalr.o): note: the message above does not take linker garbage collection into account
Finished building target: tdse-tp2_00-model_integration.elf
 
arm-none-eabi-size  tdse-tp2_00-model_integration.elf 
arm-none-eabi-objdump -h -S tdse-tp2_00-model_integration.elf  > "tdse-tp2_00-model_integration.list"
   text	   data	    bss	    dec	    hex	filename
  33072	   4224	   7576	  44872	   af48	tdse-tp2_00-model_integration.elf
Finished building: default.size.stdout
 
Finished building: tdse-tp2_00-model_integration.list
 
11:13:46 **** Incremental Build of configuration Debug for project tdse-tp2_00-model_integration ****
make -j8 all 
arm-none-eabi-gcc "../app/src/app.c" -mcpu=cortex-m3 -std=gnu11 -g3 -DDEBUG -DUSE_HAL_DRIVER -DSTM32F103xB -c -I../Core/Inc -I../Drivers/STM32F1xx_HAL_Driver/Inc -I../Drivers/STM32F1xx_HAL_Driver/Inc/Legacy -I../Drivers/CMSIS/Device/ST/STM32F1xx/Include -I../Drivers/CMSIS/Include -I../app/inc -O0 -ffunction-sections -fdata-sections -Wall -fstack-usage -fcyclomatic-complexity -MMD -MP -MF"app/src/app.d" -MT"app/src/app.o" --specs=nano.specs -mfloat-abi=soft -mthumb -o "app/src/app.o"
arm-none-eabi-gcc "../app/src/app_it.c" -mcpu=cortex-m3 -std=gnu11 -g3 -DDEBUG -DUSE_HAL_DRIVER -DSTM32F103xB -c -I../Core/Inc -I../Drivers/STM32F1xx_HAL_Driver/Inc -I../Drivers/STM32F1xx_HAL_Driver/Inc/Legacy -I../Drivers/CMSIS/Device/ST/STM32F1xx/Include -I../Drivers/CMSIS/Include -I../app/inc -O0 -ffunction-sections -fdata-sections -Wall -fstack-usage -fcyclomatic-complexity -MMD -MP -MF"app/src/app_it.d" -MT"app/src/app_it.o" --specs=nano.specs -mfloat-abi=soft -mthumb -o "app/src/app_it.o"
arm-none-eabi-gcc "../app/src/boton.c" -mcpu=cortex-m3 -std=gnu11 -g3 -DDEBUG -DUSE_HAL_DRIVER -DSTM32F103xB -c -I../Core/Inc -I../Drivers/STM32F1xx_HAL_Driver/Inc -I../Drivers/STM32F1xx_HAL_Driver/Inc/Legacy -I../Drivers/CMSIS/Device/ST/STM32F1xx/Include -I../Drivers/CMSIS/Include -I../app/inc -O0 -ffunction-sections -fdata-sections -Wall -fstack-usage -fcyclomatic-complexity -MMD -MP -MF"app/src/boton.d" -MT"app/src/boton.o" --specs=nano.specs -mfloat-abi=soft -mthumb -o "app/src/boton.o"
arm-none-eabi-gcc "../app/src/dibujo.c" -mcpu=cortex-m3 -std=gnu11 -g3 -DDEBUG -DUSE_HAL_DRIVER -DSTM32F103xB -c -I../Core/Inc -I../Drivers/STM32F1xx_HAL_Driver/Inc -I../Drivers/STM32F1xx_HAL_Driver/Inc/Legacy -I../Drivers/CMSIS/Device/ST/STM32F1xx/Include -I../Drivers/CMSIS/Include -I../app/inc -O0 -ffunction-sections -fdata-sections -Wall -fstack-usage -fcyclomatic-complexity -MMD -MP -MF"app/src/dibujo.d" -MT"app/src/dibujo.o" --specs=nano.specs -mfloat-abi=soft -mthumb -o "app/src/dibujo.o"
arm-none-eabi-gcc "../app/src/estado.c" -mcpu=cortex-m3 -std=gnu11 -g3 -DDEBUG -DUSE_HAL_DRIVER -DSTM32F103xB -c -I../Core/Inc -I../Drivers/STM32F1xx_HAL_Driver/Inc -I../Drivers/STM32F1xx_HAL_Driver/Inc/Legacy -I../Drivers/CMSIS/Device/ST/STM32F1xx/Include -I../Drivers/CMSIS/Include -I../app/inc -O0 -ffunction-sections -fdata-sections -Wall -fstack-usage -fcyclomatic-complexity -MMD -MP -MF"app/src/estado.d" -MT"app/src/estado.o" --specs=nano.specs -mfloat-abi=soft -mthumb -o "app/src/estado.o"
arm-none-eabi-gcc "../app/src/frame_buffer.c" -mcpu=cortex-m3 -std=gnu11 -g3 -DDEBUG -DUSE_HAL_DRIVER -DSTM32F103xB -c -I../Core/Inc -I../Drivers/STM32F1xx_HAL_Driver/Inc -I../Drivers/STM32F1xx_HAL_Driver/Inc/Legacy -I../Drivers/CMSIS/Device/ST/STM32F1xx/Include -I../Drivers/CMSIS/Include -I../app/inc -O0 -ffunction-sections -fdata-sections -Wall -fstack-usage -fcyclomatic-complexity -MMD -MP -MF"app/src/frame_buffer.d" -MT"app/src/frame_buffer.o" --specs=nano.specs -mfloat-abi=soft -mthumb -o "app/src/frame_buffer.o"
arm-none-eabi-gcc "../app/src/hub75.c" -mcpu=cortex-m3 -std=gnu11 -g3 -DDEBUG -DUSE_HAL_DRIVER -DSTM32F103xB -c -I../Core/Inc -I../Drivers/STM32F1xx_HAL_Driver/Inc -I../Drivers/STM32F1xx_HAL_Driver/Inc/Legacy -I../Drivers/CMSIS/Device/ST/STM32F1xx/Include -I../Drivers/CMSIS/Include -I../app/inc -O0 -ffunction-sections -fdata-sections -Wall -fstack-usage -fcyclomatic-complexity -MMD -MP -MF"app/src/hub75.d" -MT"app/src/hub75.o" --specs=nano.specs -mfloat-abi=soft -mthumb -o "app/src/hub75.o"
arm-none-eabi-gcc "../app/src/lcd.c" -mcpu=cortex-m3 -std=gnu11 -g3 -DDEBUG -DUSE_HAL_DRIVER -DSTM32F103xB -c -I../Core/Inc -I../Drivers/STM32F1xx_HAL_Driver/Inc -I../Drivers/STM32F1xx_HAL_Driver/Inc/Legacy -I../Drivers/CMSIS/Device/ST/STM32F1xx/Include -I../Drivers/CMSIS/Include -I../app/inc -O0 -ffunction-sections -fdata-sections -Wall -fstack-usage -fcyclomatic-complexity -MMD -MP -MF"app/src/lcd.d" -MT"app/src/lcd.o" --specs=nano.specs -mfloat-abi=soft -mthumb -o "app/src/lcd.o"
arm-none-eabi-gcc "../app/src/logger.c" -mcpu=cortex-m3 -std=gnu11 -g3 -DDEBUG -DUSE_HAL_DRIVER -DSTM32F103xB -c -I../Core/Inc -I../Drivers/STM32F1xx_HAL_Driver/Inc -I../Drivers/STM32F1xx_HAL_Driver/Inc/Legacy -I../Drivers/CMSIS/Device/ST/STM32F1xx/Include -I../Drivers/CMSIS/Include -I../app/inc -O0 -ffunction-sections -fdata-sections -Wall -fstack-usage -fcyclomatic-complexity -MMD -MP -MF"app/src/logger.d" -MT"app/src/logger.o" --specs=nano.specs -mfloat-abi=soft -mthumb -o "app/src/logger.o"
arm-none-eabi-gcc "../app/src/mem.c" -mcpu=cortex-m3 -std=gnu11 -g3 -DDEBUG -DUSE_HAL_DRIVER -DSTM32F103xB -c -I../Core/Inc -I../Drivers/STM32F1xx_HAL_Driver/Inc -I../Drivers/STM32F1xx_HAL_Driver/Inc/Legacy -I../Drivers/CMSIS/Device/ST/STM32F1xx/Include -I../Drivers/CMSIS/Include -I../app/inc -O0 -ffunction-sections -fdata-sections -Wall -fstack-usage -fcyclomatic-complexity -MMD -MP -MF"app/src/mem.d" -MT"app/src/mem.o" --specs=nano.specs -mfloat-abi=soft -mthumb -o "app/src/mem.o"
arm-none-eabi-gcc "../app/src/menu_dibujo.c" -mcpu=cortex-m3 -std=gnu11 -g3 -DDEBUG -DUSE_HAL_DRIVER -DSTM32F103xB -c -I../Core/Inc -I../Drivers/STM32F1xx_HAL_Driver/Inc -I../Drivers/STM32F1xx_HAL_Driver/Inc/Legacy -I../Drivers/CMSIS/Device/ST/STM32F1xx/Include -I../Drivers/CMSIS/Include -I../app/inc -O0 -ffunction-sections -fdata-sections -Wall -fstack-usage -fcyclomatic-complexity -MMD -MP -MF"app/src/menu_dibujo.d" -MT"app/src/menu_dibujo.o" --specs=nano.specs -mfloat-abi=soft -mthumb -o "app/src/menu_dibujo.o"
arm-none-eabi-gcc "../app/src/menu_principal.c" -mcpu=cortex-m3 -std=gnu11 -g3 -DDEBUG -DUSE_HAL_DRIVER -DSTM32F103xB -c -I../Core/Inc -I../Drivers/STM32F1xx_HAL_Driver/Inc -I../Drivers/STM32F1xx_HAL_Driver/Inc/Legacy -I../Drivers/CMSIS/Device/ST/STM32F1xx/Include -I../Drivers/CMSIS/Include -I../app/inc -O0 -ffunction-sections -fdata-sections -Wall -fstack-usage -fcyclomatic-complexity -MMD -MP -MF"app/src/menu_principal.d" -MT"app/src/menu_principal.o" --specs=nano.specs -mfloat-abi=soft -mthumb -o "app/src/menu_principal.o"
arm-none-eabi-gcc "../app/src/menu_secuencia.c" -mcpu=cortex-m3 -std=gnu11 -g3 -DDEBUG -DUSE_HAL_DRIVER -DSTM32F103xB -c -I../Core/Inc -I../Drivers/STM32F1xx_HAL_Driver/Inc -I../Drivers/STM32F1xx_HAL_Driver/Inc/Legacy -I../Drivers/CMSIS/Device/ST/STM32F1xx/Include -I../Drivers/CMSIS/Include -I../app/inc -O0 -ffunction-sections -fdata-sections -Wall -fstack-usage -fcyclomatic-complexity -MMD -MP -MF"app/src/menu_secuencia.d" -MT"app/src/menu_secuencia.o" --specs=nano.specs -mfloat-abi=soft -mthumb -o "app/src/menu_secuencia.o"
arm-none-eabi-gcc "../app/src/potenciometro.c" -mcpu=cortex-m3 -std=gnu11 -g3 -DDEBUG -DUSE_HAL_DRIVER -DSTM32F103xB -c -I../Core/Inc -I../Drivers/STM32F1xx_HAL_Driver/Inc -I../Drivers/STM32F1xx_HAL_Driver/Inc/Legacy -I../Drivers/CMSIS/Device/ST/STM32F1xx/Include -I../Drivers/CMSIS/Include -I../app/inc -O0 -ffunction-sections -fdata-sections -Wall -fstack-usage -fcyclomatic-complexity -MMD -MP -MF"app/src/potenciometro.d" -MT"app/src/potenciometro.o" --specs=nano.specs -mfloat-abi=soft -mthumb -o "app/src/potenciometro.o"
arm-none-eabi-gcc "../app/src/secuencia.c" -mcpu=cortex-m3 -std=gnu11 -g3 -DDEBUG -DUSE_HAL_DRIVER -DSTM32F103xB -c -I../Core/Inc -I../Drivers/STM32F1xx_HAL_Driver/Inc -I../Drivers/STM32F1xx_HAL_Driver/Inc/Legacy -I../Drivers/CMSIS/Device/ST/STM32F1xx/Include -I../Drivers/CMSIS/Include -I../app/inc -O0 -ffunction-sections -fdata-sections -Wall -fstack-usage -fcyclomatic-complexity -MMD -MP -MF"app/src/secuencia.d" -MT"app/src/secuencia.o" --specs=nano.specs -mfloat-abi=soft -mthumb -o "app/src/secuencia.o"
arm-none-eabi-gcc "../app/src/test.c" -mcpu=cortex-m3 -std=gnu11 -g3 -DDEBUG -DUSE_HAL_DRIVER -DSTM32F103xB -c -I../Core/Inc -I../Drivers/STM32F1xx_HAL_Driver/Inc -I../Drivers/STM32F1xx_HAL_Driver/Inc/Legacy -I../Drivers/CMSIS/Device/ST/STM32F1xx/Include -I../Drivers/CMSIS/Include -I../app/inc -O0 -ffunction-sections -fdata-sections -Wall -fstack-usage -fcyclomatic-complexity -MMD -MP -MF"app/src/test.d" -MT"app/src/test.o" --specs=nano.specs -mfloat-abi=soft -mthumb -o "app/src/test.o"
../app/src/secuencia.c: In function 'secuenciaCrear':
../app/src/secuencia.c:25:8: error: 'Secuencia_t' has no member named 'indice_sec'; did you mean 'indiceSec'?
   25 |     s->indice_sec = 0;
      |        ^~~~~~~~~~
      |        indiceSec
../app/src/secuencia.c:30:12: error: 'Secuencia_t' has no member named 'lista_sec'; did you mean 'listaSec'?
   30 |         s->lista_sec[0][i] = (ran == 0) ? 0 : 255;
      |            ^~~~~~~~~
      |            listaSec
../app/src/secuencia.c: In function 'secuenciaRestaurarCasilla':
../app/src/secuencia.c:49:33: error: 'Secuencia_t' has no member named 'lista_sec'; did you mean 'listaSec'?
   49 |     uint8_t colorCasilla = sec->lista_sec[1][pos];
      |                                 ^~~~~~~~~
      |                                 listaSec
../app/src/secuencia.c: In function 'secuenciaInsertarElemento':
../app/src/secuencia.c:61:10: error: 'Secuencia_t' has no member named 'lista_sec'; did you mean 'listaSec'?
   61 |     sec->lista_sec[1][pos] = color;
      |          ^~~~~~~~~
      |          listaSec
../app/src/secuencia.c:60:17: warning: variable 'pos' set but not used [-Wunused-but-set-variable]
   60 |         uint8_t pos = col/TAM_PINCEL_SECUENCIA + fil/TAM_PINCEL_SECUENCIA * DIM_SECUENCIA; //Calcula la posicion en la secuencia de la matriz
      |                 ^~~
../app/src/secuencia.c: In function 'secuenciaAvanzar':
../app/src/secuencia.c:78:33: error: 'Secuencia_t' has no member named 'indice_sec'; did you mean 'indiceSec'?
   78 |         if (sec == NULL || sec->indice_sec >= (DIM_SECUENCIA * DIM_SECUENCIA)) {
      |                                 ^~~~~~~~~~
      |                                 indiceSec
../app/src/secuencia.c:85:61: error: 'Secuencia_t' has no member named 'indice_sec'; did you mean 'indiceSec'?
   85 |                 secuenciaRestaurarCasilla(sec, matriz, sec->indice_sec);
      |                                                             ^~~~~~~~~~
      |                                                             indiceSec
../app/src/secuencia.c:91:26: error: 'Secuencia_t' has no member named 'indice_sec'; did you mean 'indiceSec'?
   91 |                 if (sec->indice_sec % DIM_SECUENCIA > 0){
      |                          ^~~~~~~~~~
      |                          indiceSec
../app/src/secuencia.c:92:30: error: 'Secuencia_t' has no member named 'indice_sec'; did you mean 'indiceSec'?
   92 |                         sec->indice_sec -= 1;
      |                              ^~~~~~~~~~
      |                              indiceSec
../app/src/secuencia.c:94:30: error: 'Secuencia_t' has no member named 'indice_sec'; did you mean 'indiceSec'?
   94 |                         sec->indice_sec += DIM_SECUENCIA - 1;
      |                              ^~~~~~~~~~
      |                              indiceSec
../app/src/secuencia.c:99:26: error: 'Secuencia_t' has no member named 'indice_sec'; did you mean 'indiceSec'?
   99 |                 if (sec->indice_sec / DIM_SECUENCIA < DIM_SECUENCIA - 1){
      |                          ^~~~~~~~~~
      |                          indiceSec
../app/src/secuencia.c:100:30: error: 'Secuencia_t' has no member named 'indice_sec'; did you mean 'indiceSec'?
  100 |                         sec->indice_sec += DIM_SECUENCIA;
      |                              ^~~~~~~~~~
      |                              indiceSec
../app/src/secuencia.c:102:30: error: 'Secuencia_t' has no member named 'indice_sec'; did you mean 'indiceSec'?
  102 |                         sec->indice_sec -= (DIM_SECUENCIA * (DIM_SECUENCIA - 1));
      |                              ^~~~~~~~~~
      |                              indiceSec
../app/src/secuencia.c:107:26: error: 'Secuencia_t' has no member named 'indice_sec'; did you mean 'indiceSec'?
  107 |                 if (sec->indice_sec % DIM_SECUENCIA < DIM_SECUENCIA - 1){
      |                          ^~~~~~~~~~
      |                          indiceSec
../app/src/secuencia.c:108:30: error: 'Secuencia_t' has no member named 'indice_sec'; did you mean 'indiceSec'?
  108 |                         sec->indice_sec += 1;
      |                              ^~~~~~~~~~
      |                              indiceSec
../app/src/secuencia.c:110:30: error: 'Secuencia_t' has no member named 'indice_sec'; did you mean 'indiceSec'?
  110 |                         sec->indice_sec -= DIM_SECUENCIA - 1;
      |                              ^~~~~~~~~~
      |                              indiceSec
../app/src/secuencia.c:115:26: error: 'Secuencia_t' has no member named 'indice_sec'; did you mean 'indiceSec'?
  115 |                 if (sec->indice_sec / DIM_SECUENCIA > 0){
      |                          ^~~~~~~~~~
      |                          indiceSec
../app/src/secuencia.c:116:30: error: 'Secuencia_t' has no member named 'indice_sec'; did you mean 'indiceSec'?
  116 |                         sec->indice_sec -= DIM_SECUENCIA;
      |                              ^~~~~~~~~~
      |                              indiceSec
../app/src/secuencia.c:118:30: error: 'Secuencia_t' has no member named 'indice_sec'; did you mean 'indiceSec'?
  118 |                         sec->indice_sec += (DIM_SECUENCIA * (DIM_SECUENCIA - 1));
      |                              ^~~~~~~~~~
      |                              indiceSec
../app/src/secuencia.c:128:53: error: 'Secuencia_t' has no member named 'indice_sec'; did you mean 'indiceSec'?
  128 |                 secuenciaPintarSeccion(matriz, sec->indice_sec, 250, 0, 0);
      |                                                     ^~~~~~~~~~
      |                                                     indiceSec
../app/src/secuencia.c: In function 'secuenciaElementoActual':
../app/src/secuencia.c:133:21: error: 'Secuencia_t' has no member named 'lista_sec'; did you mean 'listaSec'?
  133 |         return sec->lista_sec[1][sec->indice_sec];
      |                     ^~~~~~~~~
      |                     listaSec
../app/src/secuencia.c:133:39: error: 'Secuencia_t' has no member named 'indice_sec'; did you mean 'indiceSec'?
  133 |         return sec->lista_sec[1][sec->indice_sec];
      |                                       ^~~~~~~~~~
      |                                       indiceSec
../app/src/secuencia.c: In function 'secuenciaPrint':
../app/src/secuencia.c:138:33: error: 'Secuencia_t' has no member named 'indice_sec'; did you mean 'indiceSec'?
  138 |     printf("%d Indice \n", sec->indice_sec);
      |                                 ^~~~~~~~~~
      |                                 indiceSec
../app/src/secuencia.c:140:42: error: 'Secuencia_t' has no member named 'lista_sec'; did you mean 'listaSec'?
  140 |         printf("%d Objetivo %d \n", sec->lista_sec[0][i], i);
      |                                          ^~~~~~~~~
      |                                          listaSec
../app/src/secuencia.c:141:41: error: 'Secuencia_t' has no member named 'lista_sec'; did you mean 'listaSec'?
  141 |         printf("%d Usuario %d \n", sec->lista_sec[1][i], i);
      |                                         ^~~~~~~~~
      |                                         listaSec
../app/src/secuencia.c: In function 'secuenciaVaciar':
../app/src/secuencia.c:148:14: error: 'Secuencia_t' has no member named 'lista_sec'; did you mean 'listaSec'?
  148 |         sec->lista_sec[1][i]= 0;
      |              ^~~~~~~~~
      |              listaSec
../app/src/secuencia.c: In function 'secuenciaCompleta':
../app/src/secuencia.c:155:18: error: 'Secuencia_t' has no member named 'lista_sec'; did you mean 'listaSec'?
  155 |         if (sec->lista_sec[0][i] != sec->lista_sec[1][i]){
      |                  ^~~~~~~~~
      |                  listaSec
../app/src/secuencia.c:155:42: error: 'Secuencia_t' has no member named 'lista_sec'; did you mean 'listaSec'?
  155 |         if (sec->lista_sec[0][i] != sec->lista_sec[1][i]){
      |                                          ^~~~~~~~~
      |                                          listaSec
../app/src/secuencia.c: In function 'secuenciaElementoActual':
../app/src/secuencia.c:134:1: warning: control reaches end of non-void function [-Wreturn-type]
  134 | }
      | ^
make: *** [app/src/subdir.mk:70: app/src/secuencia.o] Error 1
make: *** Waiting for unfinished jobs....
"make -j8 all" terminated with exit code 2. Build might be incomplete.
11:15:30 **** Incremental Build of configuration Debug for project tdse-tp2_00-model_integration ****
make -j8 all 
arm-none-eabi-gcc "../app/src/secuencia.c" -mcpu=cortex-m3 -std=gnu11 -g3 -DDEBUG -DUSE_HAL_DRIVER -DSTM32F103xB -c -I../Core/Inc -I../Drivers/STM32F1xx_HAL_Driver/Inc -I../Drivers/STM32F1xx_HAL_Driver/Inc/Legacy -I../Drivers/CMSIS/Device/ST/STM32F1xx/Include -I../Drivers/CMSIS/Include -I../app/inc -O0 -ffunction-sections -fdata-sections -Wall -fstack-usage -fcyclomatic-complexity -MMD -MP -MF"app/src/secuencia.d" -MT"app/src/secuencia.o" --specs=nano.specs -mfloat-abi=soft -mthumb -o "app/src/secuencia.o"
arm-none-eabi-gcc "../Drivers/STM32F1xx_HAL_Driver/Src/stm32f1xx_hal.c" -mcpu=cortex-m3 -std=gnu11 -g3 -DDEBUG -DUSE_HAL_DRIVER -DSTM32F103xB -c -I../Core/Inc -I../Drivers/STM32F1xx_HAL_Driver/Inc -I../Drivers/STM32F1xx_HAL_Driver/Inc/Legacy -I../Drivers/CMSIS/Device/ST/STM32F1xx/Include -I../Drivers/CMSIS/Include -I../app/inc -O0 -ffunction-sections -fdata-sections -Wall -fstack-usage -fcyclomatic-complexity -MMD -MP -MF"Drivers/STM32F1xx_HAL_Driver/Src/stm32f1xx_hal.d" -MT"Drivers/STM32F1xx_HAL_Driver/Src/stm32f1xx_hal.o" --specs=nano.specs -mfloat-abi=soft -mthumb -o "Drivers/STM32F1xx_HAL_Driver/Src/stm32f1xx_hal.o"
arm-none-eabi-gcc "../Drivers/STM32F1xx_HAL_Driver/Src/stm32f1xx_hal_adc.c" -mcpu=cortex-m3 -std=gnu11 -g3 -DDEBUG -DUSE_HAL_DRIVER -DSTM32F103xB -c -I../Core/Inc -I../Drivers/STM32F1xx_HAL_Driver/Inc -I../Drivers/STM32F1xx_HAL_Driver/Inc/Legacy -I../Drivers/CMSIS/Device/ST/STM32F1xx/Include -I../Drivers/CMSIS/Include -I../app/inc -O0 -ffunction-sections -fdata-sections -Wall -fstack-usage -fcyclomatic-complexity -MMD -MP -MF"Drivers/STM32F1xx_HAL_Driver/Src/stm32f1xx_hal_adc.d" -MT"Drivers/STM32F1xx_HAL_Driver/Src/stm32f1xx_hal_adc.o" --specs=nano.specs -mfloat-abi=soft -mthumb -o "Drivers/STM32F1xx_HAL_Driver/Src/stm32f1xx_hal_adc.o"
arm-none-eabi-gcc "../Drivers/STM32F1xx_HAL_Driver/Src/stm32f1xx_hal_adc_ex.c" -mcpu=cortex-m3 -std=gnu11 -g3 -DDEBUG -DUSE_HAL_DRIVER -DSTM32F103xB -c -I../Core/Inc -I../Drivers/STM32F1xx_HAL_Driver/Inc -I../Drivers/STM32F1xx_HAL_Driver/Inc/Legacy -I../Drivers/CMSIS/Device/ST/STM32F1xx/Include -I../Drivers/CMSIS/Include -I../app/inc -O0 -ffunction-sections -fdata-sections -Wall -fstack-usage -fcyclomatic-complexity -MMD -MP -MF"Drivers/STM32F1xx_HAL_Driver/Src/stm32f1xx_hal_adc_ex.d" -MT"Drivers/STM32F1xx_HAL_Driver/Src/stm32f1xx_hal_adc_ex.o" --specs=nano.specs -mfloat-abi=soft -mthumb -o "Drivers/STM32F1xx_HAL_Driver/Src/stm32f1xx_hal_adc_ex.o"
arm-none-eabi-gcc "../Drivers/STM32F1xx_HAL_Driver/Src/stm32f1xx_hal_cortex.c" -mcpu=cortex-m3 -std=gnu11 -g3 -DDEBUG -DUSE_HAL_DRIVER -DSTM32F103xB -c -I../Core/Inc -I../Drivers/STM32F1xx_HAL_Driver/Inc -I../Drivers/STM32F1xx_HAL_Driver/Inc/Legacy -I../Drivers/CMSIS/Device/ST/STM32F1xx/Include -I../Drivers/CMSIS/Include -I../app/inc -O0 -ffunction-sections -fdata-sections -Wall -fstack-usage -fcyclomatic-complexity -MMD -MP -MF"Drivers/STM32F1xx_HAL_Driver/Src/stm32f1xx_hal_cortex.d" -MT"Drivers/STM32F1xx_HAL_Driver/Src/stm32f1xx_hal_cortex.o" --specs=nano.specs -mfloat-abi=soft -mthumb -o "Drivers/STM32F1xx_HAL_Driver/Src/stm32f1xx_hal_cortex.o"
arm-none-eabi-gcc "../Drivers/STM32F1xx_HAL_Driver/Src/stm32f1xx_hal_dma.c" -mcpu=cortex-m3 -std=gnu11 -g3 -DDEBUG -DUSE_HAL_DRIVER -DSTM32F103xB -c -I../Core/Inc -I../Drivers/STM32F1xx_HAL_Driver/Inc -I../Drivers/STM32F1xx_HAL_Driver/Inc/Legacy -I../Drivers/CMSIS/Device/ST/STM32F1xx/Include -I../Drivers/CMSIS/Include -I../app/inc -O0 -ffunction-sections -fdata-sections -Wall -fstack-usage -fcyclomatic-complexity -MMD -MP -MF"Drivers/STM32F1xx_HAL_Driver/Src/stm32f1xx_hal_dma.d" -MT"Drivers/STM32F1xx_HAL_Driver/Src/stm32f1xx_hal_dma.o" --specs=nano.specs -mfloat-abi=soft -mthumb -o "Drivers/STM32F1xx_HAL_Driver/Src/stm32f1xx_hal_dma.o"
arm-none-eabi-gcc "../Drivers/STM32F1xx_HAL_Driver/Src/stm32f1xx_hal_exti.c" -mcpu=cortex-m3 -std=gnu11 -g3 -DDEBUG -DUSE_HAL_DRIVER -DSTM32F103xB -c -I../Core/Inc -I../Drivers/STM32F1xx_HAL_Driver/Inc -I../Drivers/STM32F1xx_HAL_Driver/Inc/Legacy -I../Drivers/CMSIS/Device/ST/STM32F1xx/Include -I../Drivers/CMSIS/Include -I../app/inc -O0 -ffunction-sections -fdata-sections -Wall -fstack-usage -fcyclomatic-complexity -MMD -MP -MF"Drivers/STM32F1xx_HAL_Driver/Src/stm32f1xx_hal_exti.d" -MT"Drivers/STM32F1xx_HAL_Driver/Src/stm32f1xx_hal_exti.o" --specs=nano.specs -mfloat-abi=soft -mthumb -o "Drivers/STM32F1xx_HAL_Driver/Src/stm32f1xx_hal_exti.o"
arm-none-eabi-gcc "../Drivers/STM32F1xx_HAL_Driver/Src/stm32f1xx_hal_flash.c" -mcpu=cortex-m3 -std=gnu11 -g3 -DDEBUG -DUSE_HAL_DRIVER -DSTM32F103xB -c -I../Core/Inc -I../Drivers/STM32F1xx_HAL_Driver/Inc -I../Drivers/STM32F1xx_HAL_Driver/Inc/Legacy -I../Drivers/CMSIS/Device/ST/STM32F1xx/Include -I../Drivers/CMSIS/Include -I../app/inc -O0 -ffunction-sections -fdata-sections -Wall -fstack-usage -fcyclomatic-complexity -MMD -MP -MF"Drivers/STM32F1xx_HAL_Driver/Src/stm32f1xx_hal_flash.d" -MT"Drivers/STM32F1xx_HAL_Driver/Src/stm32f1xx_hal_flash.o" --specs=nano.specs -mfloat-abi=soft -mthumb -o "Drivers/STM32F1xx_HAL_Driver/Src/stm32f1xx_hal_flash.o"
../app/src/secuencia.c: In function 'secuenciaCrear':
../app/src/secuencia.c:25:8: error: 'Secuencia_t' has no member named 'indice_sec'; did you mean 'indiceSec'?
   25 |     s->indice_sec = 0;
      |        ^~~~~~~~~~
      |        indiceSec
../app/src/secuencia.c: In function 'secuenciaAvanzar':
../app/src/secuencia.c:78:33: error: 'Secuencia_t' has no member named 'indice_sec'; did you mean 'indiceSec'?
   78 |         if (sec == NULL || sec->indice_sec >= (DIM_SECUENCIA * DIM_SECUENCIA)) {
      |                                 ^~~~~~~~~~
      |                                 indiceSec
../app/src/secuencia.c:85:61: error: 'Secuencia_t' has no member named 'indice_sec'; did you mean 'indiceSec'?
   85 |                 secuenciaRestaurarCasilla(sec, matriz, sec->indice_sec);
      |                                                             ^~~~~~~~~~
      |                                                             indiceSec
../app/src/secuencia.c:91:26: error: 'Secuencia_t' has no member named 'indice_sec'; did you mean 'indiceSec'?
   91 |                 if (sec->indice_sec % DIM_SECUENCIA > 0){
      |                          ^~~~~~~~~~
      |                          indiceSec
../app/src/secuencia.c:92:30: error: 'Secuencia_t' has no member named 'indice_sec'; did you mean 'indiceSec'?
   92 |                         sec->indice_sec -= 1;
      |                              ^~~~~~~~~~
      |                              indiceSec
../app/src/secuencia.c:94:30: error: 'Secuencia_t' has no member named 'indice_sec'; did you mean 'indiceSec'?
   94 |                         sec->indice_sec += DIM_SECUENCIA - 1;
      |                              ^~~~~~~~~~
      |                              indiceSec
../app/src/secuencia.c:99:26: error: 'Secuencia_t' has no member named 'indice_sec'; did you mean 'indiceSec'?
   99 |                 if (sec->indice_sec / DIM_SECUENCIA < DIM_SECUENCIA - 1){
      |                          ^~~~~~~~~~
      |                          indiceSec
../app/src/secuencia.c:100:30: error: 'Secuencia_t' has no member named 'indice_sec'; did you mean 'indiceSec'?
  100 |                         sec->indice_sec += DIM_SECUENCIA;
      |                              ^~~~~~~~~~
      |                              indiceSec
../app/src/secuencia.c:102:30: error: 'Secuencia_t' has no member named 'indice_sec'; did you mean 'indiceSec'?
  102 |                         sec->indice_sec -= (DIM_SECUENCIA * (DIM_SECUENCIA - 1));
      |                              ^~~~~~~~~~
      |                              indiceSec
../app/src/secuencia.c:107:26: error: 'Secuencia_t' has no member named 'indice_sec'; did you mean 'indiceSec'?
  107 |                 if (sec->indice_sec % DIM_SECUENCIA < DIM_SECUENCIA - 1){
      |                          ^~~~~~~~~~
      |                          indiceSec
../app/src/secuencia.c:108:30: error: 'Secuencia_t' has no member named 'indice_sec'; did you mean 'indiceSec'?
  108 |                         sec->indice_sec += 1;
      |                              ^~~~~~~~~~
      |                              indiceSec
../app/src/secuencia.c:110:30: error: 'Secuencia_t' has no member named 'indice_sec'; did you mean 'indiceSec'?
  110 |                         sec->indice_sec -= DIM_SECUENCIA - 1;
      |                              ^~~~~~~~~~
      |                              indiceSec
../app/src/secuencia.c:115:26: error: 'Secuencia_t' has no member named 'indice_sec'; did you mean 'indiceSec'?
  115 |                 if (sec->indice_sec / DIM_SECUENCIA > 0){
      |                          ^~~~~~~~~~
      |                          indiceSec
../app/src/secuencia.c:116:30: error: 'Secuencia_t' has no member named 'indice_sec'; did you mean 'indiceSec'?
  116 |                         sec->indice_sec -= DIM_SECUENCIA;
      |                              ^~~~~~~~~~
      |                              indiceSec
../app/src/secuencia.c:118:30: error: 'Secuencia_t' has no member named 'indice_sec'; did you mean 'indiceSec'?
  118 |                         sec->indice_sec += (DIM_SECUENCIA * (DIM_SECUENCIA - 1));
      |                              ^~~~~~~~~~
      |                              indiceSec
../app/src/secuencia.c:128:53: error: 'Secuencia_t' has no member named 'indice_sec'; did you mean 'indiceSec'?
  128 |                 secuenciaPintarSeccion(matriz, sec->indice_sec, 250, 0, 0);
      |                                                     ^~~~~~~~~~
      |                                                     indiceSec
../app/src/secuencia.c: In function 'secuenciaElementoActual':
../app/src/secuencia.c:133:38: error: 'Secuencia_t' has no member named 'indice_sec'; did you mean 'indiceSec'?
  133 |         return sec->listaSec[1][sec->indice_sec];
      |                                      ^~~~~~~~~~
      |                                      indiceSec
../app/src/secuencia.c: In function 'secuenciaPrint':
../app/src/secuencia.c:138:33: error: 'Secuencia_t' has no member named 'indice_sec'; did you mean 'indiceSec'?
  138 |     printf("%d Indice \n", sec->indice_sec);
      |                                 ^~~~~~~~~~
      |                                 indiceSec
../app/src/secuencia.c: In function 'secuenciaElementoActual':
../app/src/secuencia.c:134:1: warning: control reaches end of non-void function [-Wreturn-type]
  134 | }
      | ^
make: *** [app/src/subdir.mk:70: app/src/secuencia.o] Error 1
make: *** Waiting for unfinished jobs....
"make -j8 all" terminated with exit code 2. Build might be incomplete.
11:16:18 **** Incremental Build of configuration Debug for project tdse-tp2_00-model_integration ****
make -j8 all 
arm-none-eabi-gcc "../app/src/secuencia.c" -mcpu=cortex-m3 -std=gnu11 -g3 -DDEBUG -DUSE_HAL_DRIVER -DSTM32F103xB -c -I../Core/Inc -I../Drivers/STM32F1xx_HAL_Driver/Inc -I../Drivers/STM32F1xx_HAL_Driver/Inc/Legacy -I../Drivers/CMSIS/Device/ST/STM32F1xx/Include -I../Drivers/CMSIS/Include -I../app/inc -O0 -ffunction-sections -fdata-sections -Wall -fstack-usage -fcyclomatic-complexity -MMD -MP -MF"app/src/secuencia.d" -MT"app/src/secuencia.o" --specs=nano.specs -mfloat-abi=soft -mthumb -o "app/src/secuencia.o"
arm-none-eabi-gcc "../Drivers/STM32F1xx_HAL_Driver/Src/stm32f1xx_hal_flash_ex.c" -mcpu=cortex-m3 -std=gnu11 -g3 -DDEBUG -DUSE_HAL_DRIVER -DSTM32F103xB -c -I../Core/Inc -I../Drivers/STM32F1xx_HAL_Driver/Inc -I../Drivers/STM32F1xx_HAL_Driver/Inc/Legacy -I../Drivers/CMSIS/Device/ST/STM32F1xx/Include -I../Drivers/CMSIS/Include -I../app/inc -O0 -ffunction-sections -fdata-sections -Wall -fstack-usage -fcyclomatic-complexity -MMD -MP -MF"Drivers/STM32F1xx_HAL_Driver/Src/stm32f1xx_hal_flash_ex.d" -MT"Drivers/STM32F1xx_HAL_Driver/Src/stm32f1xx_hal_flash_ex.o" --specs=nano.specs -mfloat-abi=soft -mthumb -o "Drivers/STM32F1xx_HAL_Driver/Src/stm32f1xx_hal_flash_ex.o"
arm-none-eabi-gcc "../Drivers/STM32F1xx_HAL_Driver/Src/stm32f1xx_hal_gpio.c" -mcpu=cortex-m3 -std=gnu11 -g3 -DDEBUG -DUSE_HAL_DRIVER -DSTM32F103xB -c -I../Core/Inc -I../Drivers/STM32F1xx_HAL_Driver/Inc -I../Drivers/STM32F1xx_HAL_Driver/Inc/Legacy -I../Drivers/CMSIS/Device/ST/STM32F1xx/Include -I../Drivers/CMSIS/Include -I../app/inc -O0 -ffunction-sections -fdata-sections -Wall -fstack-usage -fcyclomatic-complexity -MMD -MP -MF"Drivers/STM32F1xx_HAL_Driver/Src/stm32f1xx_hal_gpio.d" -MT"Drivers/STM32F1xx_HAL_Driver/Src/stm32f1xx_hal_gpio.o" --specs=nano.specs -mfloat-abi=soft -mthumb -o "Drivers/STM32F1xx_HAL_Driver/Src/stm32f1xx_hal_gpio.o"
arm-none-eabi-gcc "../Drivers/STM32F1xx_HAL_Driver/Src/stm32f1xx_hal_gpio_ex.c" -mcpu=cortex-m3 -std=gnu11 -g3 -DDEBUG -DUSE_HAL_DRIVER -DSTM32F103xB -c -I../Core/Inc -I../Drivers/STM32F1xx_HAL_Driver/Inc -I../Drivers/STM32F1xx_HAL_Driver/Inc/Legacy -I../Drivers/CMSIS/Device/ST/STM32F1xx/Include -I../Drivers/CMSIS/Include -I../app/inc -O0 -ffunction-sections -fdata-sections -Wall -fstack-usage -fcyclomatic-complexity -MMD -MP -MF"Drivers/STM32F1xx_HAL_Driver/Src/stm32f1xx_hal_gpio_ex.d" -MT"Drivers/STM32F1xx_HAL_Driver/Src/stm32f1xx_hal_gpio_ex.o" --specs=nano.specs -mfloat-abi=soft -mthumb -o "Drivers/STM32F1xx_HAL_Driver/Src/stm32f1xx_hal_gpio_ex.o"
arm-none-eabi-gcc "../Drivers/STM32F1xx_HAL_Driver/Src/stm32f1xx_hal_i2c.c" -mcpu=cortex-m3 -std=gnu11 -g3 -DDEBUG -DUSE_HAL_DRIVER -DSTM32F103xB -c -I../Core/Inc -I../Drivers/STM32F1xx_HAL_Driver/Inc -I../Drivers/STM32F1xx_HAL_Driver/Inc/Legacy -I../Drivers/CMSIS/Device/ST/STM32F1xx/Include -I../Drivers/CMSIS/Include -I../app/inc -O0 -ffunction-sections -fdata-sections -Wall -fstack-usage -fcyclomatic-complexity -MMD -MP -MF"Drivers/STM32F1xx_HAL_Driver/Src/stm32f1xx_hal_i2c.d" -MT"Drivers/STM32F1xx_HAL_Driver/Src/stm32f1xx_hal_i2c.o" --specs=nano.specs -mfloat-abi=soft -mthumb -o "Drivers/STM32F1xx_HAL_Driver/Src/stm32f1xx_hal_i2c.o"
arm-none-eabi-gcc "../Drivers/STM32F1xx_HAL_Driver/Src/stm32f1xx_hal_pwr.c" -mcpu=cortex-m3 -std=gnu11 -g3 -DDEBUG -DUSE_HAL_DRIVER -DSTM32F103xB -c -I../Core/Inc -I../Drivers/STM32F1xx_HAL_Driver/Inc -I../Drivers/STM32F1xx_HAL_Driver/Inc/Legacy -I../Drivers/CMSIS/Device/ST/STM32F1xx/Include -I../Drivers/CMSIS/Include -I../app/inc -O0 -ffunction-sections -fdata-sections -Wall -fstack-usage -fcyclomatic-complexity -MMD -MP -MF"Drivers/STM32F1xx_HAL_Driver/Src/stm32f1xx_hal_pwr.d" -MT"Drivers/STM32F1xx_HAL_Driver/Src/stm32f1xx_hal_pwr.o" --specs=nano.specs -mfloat-abi=soft -mthumb -o "Drivers/STM32F1xx_HAL_Driver/Src/stm32f1xx_hal_pwr.o"
arm-none-eabi-gcc "../Drivers/STM32F1xx_HAL_Driver/Src/stm32f1xx_hal_rcc.c" -mcpu=cortex-m3 -std=gnu11 -g3 -DDEBUG -DUSE_HAL_DRIVER -DSTM32F103xB -c -I../Core/Inc -I../Drivers/STM32F1xx_HAL_Driver/Inc -I../Drivers/STM32F1xx_HAL_Driver/Inc/Legacy -I../Drivers/CMSIS/Device/ST/STM32F1xx/Include -I../Drivers/CMSIS/Include -I../app/inc -O0 -ffunction-sections -fdata-sections -Wall -fstack-usage -fcyclomatic-complexity -MMD -MP -MF"Drivers/STM32F1xx_HAL_Driver/Src/stm32f1xx_hal_rcc.d" -MT"Drivers/STM32F1xx_HAL_Driver/Src/stm32f1xx_hal_rcc.o" --specs=nano.specs -mfloat-abi=soft -mthumb -o "Drivers/STM32F1xx_HAL_Driver/Src/stm32f1xx_hal_rcc.o"
arm-none-eabi-gcc "../Drivers/STM32F1xx_HAL_Driver/Src/stm32f1xx_hal_rcc_ex.c" -mcpu=cortex-m3 -std=gnu11 -g3 -DDEBUG -DUSE_HAL_DRIVER -DSTM32F103xB -c -I../Core/Inc -I../Drivers/STM32F1xx_HAL_Driver/Inc -I../Drivers/STM32F1xx_HAL_Driver/Inc/Legacy -I../Drivers/CMSIS/Device/ST/STM32F1xx/Include -I../Drivers/CMSIS/Include -I../app/inc -O0 -ffunction-sections -fdata-sections -Wall -fstack-usage -fcyclomatic-complexity -MMD -MP -MF"Drivers/STM32F1xx_HAL_Driver/Src/stm32f1xx_hal_rcc_ex.d" -MT"Drivers/STM32F1xx_HAL_Driver/Src/stm32f1xx_hal_rcc_ex.o" --specs=nano.specs -mfloat-abi=soft -mthumb -o "Drivers/STM32F1xx_HAL_Driver/Src/stm32f1xx_hal_rcc_ex.o"
arm-none-eabi-gcc "../Drivers/STM32F1xx_HAL_Driver/Src/stm32f1xx_hal_uart.c" -mcpu=cortex-m3 -std=gnu11 -g3 -DDEBUG -DUSE_HAL_DRIVER -DSTM32F103xB -c -I../Core/Inc -I../Drivers/STM32F1xx_HAL_Driver/Inc -I../Drivers/STM32F1xx_HAL_Driver/Inc/Legacy -I../Drivers/CMSIS/Device/ST/STM32F1xx/Include -I../Drivers/CMSIS/Include -I../app/inc -O0 -ffunction-sections -fdata-sections -Wall -fstack-usage -fcyclomatic-complexity -MMD -MP -MF"Drivers/STM32F1xx_HAL_Driver/Src/stm32f1xx_hal_uart.d" -MT"Drivers/STM32F1xx_HAL_Driver/Src/stm32f1xx_hal_uart.o" --specs=nano.specs -mfloat-abi=soft -mthumb -o "Drivers/STM32F1xx_HAL_Driver/Src/stm32f1xx_hal_uart.o"
arm-none-eabi-gcc "../Core/Src/main.c" -mcpu=cortex-m3 -std=gnu11 -g3 -DDEBUG -DUSE_HAL_DRIVER -DSTM32F103xB -c -I../Core/Inc -I../Drivers/STM32F1xx_HAL_Driver/Inc -I../Drivers/STM32F1xx_HAL_Driver/Inc/Legacy -I../Drivers/CMSIS/Device/ST/STM32F1xx/Include -I../Drivers/CMSIS/Include -I../app/inc -O0 -ffunction-sections -fdata-sections -Wall -fstack-usage -fcyclomatic-complexity -MMD -MP -MF"Core/Src/main.d" -MT"Core/Src/main.o" --specs=nano.specs -mfloat-abi=soft -mthumb -o "Core/Src/main.o"
arm-none-eabi-gcc "../Core/Src/stm32f1xx_hal_msp.c" -mcpu=cortex-m3 -std=gnu11 -g3 -DDEBUG -DUSE_HAL_DRIVER -DSTM32F103xB -c -I../Core/Inc -I../Drivers/STM32F1xx_HAL_Driver/Inc -I../Drivers/STM32F1xx_HAL_Driver/Inc/Legacy -I../Drivers/CMSIS/Device/ST/STM32F1xx/Include -I../Drivers/CMSIS/Include -I../app/inc -O0 -ffunction-sections -fdata-sections -Wall -fstack-usage -fcyclomatic-complexity -MMD -MP -MF"Core/Src/stm32f1xx_hal_msp.d" -MT"Core/Src/stm32f1xx_hal_msp.o" --specs=nano.specs -mfloat-abi=soft -mthumb -o "Core/Src/stm32f1xx_hal_msp.o"
arm-none-eabi-gcc "../Core/Src/stm32f1xx_it.c" -mcpu=cortex-m3 -std=gnu11 -g3 -DDEBUG -DUSE_HAL_DRIVER -DSTM32F103xB -c -I../Core/Inc -I../Drivers/STM32F1xx_HAL_Driver/Inc -I../Drivers/STM32F1xx_HAL_Driver/Inc/Legacy -I../Drivers/CMSIS/Device/ST/STM32F1xx/Include -I../Drivers/CMSIS/Include -I../app/inc -O0 -ffunction-sections -fdata-sections -Wall -fstack-usage -fcyclomatic-complexity -MMD -MP -MF"Core/Src/stm32f1xx_it.d" -MT"Core/Src/stm32f1xx_it.o" --specs=nano.specs -mfloat-abi=soft -mthumb -o "Core/Src/stm32f1xx_it.o"
arm-none-eabi-gcc "../Core/Src/system_stm32f1xx.c" -mcpu=cortex-m3 -std=gnu11 -g3 -DDEBUG -DUSE_HAL_DRIVER -DSTM32F103xB -c -I../Core/Inc -I../Drivers/STM32F1xx_HAL_Driver/Inc -I../Drivers/STM32F1xx_HAL_Driver/Inc/Legacy -I../Drivers/CMSIS/Device/ST/STM32F1xx/Include -I../Drivers/CMSIS/Include -I../app/inc -O0 -ffunction-sections -fdata-sections -Wall -fstack-usage -fcyclomatic-complexity -MMD -MP -MF"Core/Src/system_stm32f1xx.d" -MT"Core/Src/system_stm32f1xx.o" --specs=nano.specs -mfloat-abi=soft -mthumb -o "Core/Src/system_stm32f1xx.o"
../Core/Src/main.c: In function 'main':
../Core/Src/main.c:125:29: error: passing argument 2 of 'HAL_ADC_Start_DMA' from incompatible pointer type [-Wincompatible-pointer-types]
  125 |   HAL_ADC_Start_DMA(&hadc1, muestras_adc, 3);
      |                             ^~~~~~~~~~~~
      |                             |
      |                             uint16_t * {aka short unsigned int *}
In file included from ../Core/Inc/stm32f1xx_hal_conf.h:274,
                 from ../Drivers/STM32F1xx_HAL_Driver/Inc/stm32f1xx_hal.h:29,
                 from ../Core/Inc/main.h:30,
                 from ../Core/Src/main.c:20:
../Drivers/STM32F1xx_HAL_Driver/Inc/stm32f1xx_hal_adc.h:928:78: note: expected 'uint32_t *' {aka 'long unsigned int *'} but argument is of type 'uint16_t *' {aka 'short unsigned int *'}
  928 | HAL_StatusTypeDef       HAL_ADC_Start_DMA(ADC_HandleTypeDef* hadc, uint32_t* pData, uint32_t Length);
      |                                                                    ~~~~~~~~~~^~~~~
make: *** [Core/Src/subdir.mk:31: Core/Src/main.o] Error 1
make: *** Waiting for unfinished jobs....
"make -j8 all" terminated with exit code 2. Build might be incomplete.
11:17:33 **** Incremental Build of configuration Debug for project tdse-tp2_00-model_integration ****
make -j8 all 
arm-none-eabi-gcc "../Core/Src/main.c" -mcpu=cortex-m3 -std=gnu11 -g3 -DDEBUG -DUSE_HAL_DRIVER -DSTM32F103xB -c -I../Core/Inc -I../Drivers/STM32F1xx_HAL_Driver/Inc -I../Drivers/STM32F1xx_HAL_Driver/Inc/Legacy -I../Drivers/CMSIS/Device/ST/STM32F1xx/Include -I../Drivers/CMSIS/Include -I../app/inc -O0 -ffunction-sections -fdata-sections -Wall -fstack-usage -fcyclomatic-complexity -MMD -MP -MF"Core/Src/main.d" -MT"Core/Src/main.o" --specs=nano.specs -mfloat-abi=soft -mthumb -o "Core/Src/main.o"
arm-none-eabi-gcc -o "tdse-tp2_00-model_integration.elf" @"objects.list"  -lrdimon -mcpu=cortex-m3 -T"C:\Users\mechi\OneDrive\FIUBA\2026_1C\TdSEpf\tdse-pf_workspace2\tdse-tp2_00-model_integration\STM32F103RBTX_FLASH.ld" --specs=nosys.specs -Wl,-Map="tdse-tp2_00-model_integration.map" -Wl,--gc-sections -static -specs=rdimon.specs --specs=nano.specs -mfloat-abi=soft -mthumb -Wl,--start-group -lc -lm -Wl,--end-group
C:/ST/STM32CubeIDE_1.18.0/STM32CubeIDE/plugins/com.st.stm32cube.ide.mcu.externaltools.gnu-tools-for-stm32.14.3.rel1.win32_1.0.100.202602081740/tools/bin/../lib/gcc/arm-none-eabi/14.3.1/../../../../arm-none-eabi/bin/ld.exe: C:/ST/STM32CubeIDE_1.18.0/STM32CubeIDE/plugins/com.st.stm32cube.ide.mcu.externaltools.gnu-tools-for-stm32.14.3.rel1.win32_1.0.100.202602081740/tools/bin/../lib/gcc/arm-none-eabi/14.3.1/../../../../arm-none-eabi/lib/thumb/v7-m/nofp\libc_nano.a(libc_a-signalr.o): in function `_kill_r':
(.text._kill_r+0xe): warning: _kill is not implemented and will always fail
C:/ST/STM32CubeIDE_1.18.0/STM32CubeIDE/plugins/com.st.stm32cube.ide.mcu.externaltools.gnu-tools-for-stm32.14.3.rel1.win32_1.0.100.202602081740/tools/bin/../lib/gcc/arm-none-eabi/14.3.1/../../../../arm-none-eabi/bin/ld.exe: C:/ST/STM32CubeIDE_1.18.0/STM32CubeIDE/plugins/com.st.stm32cube.ide.mcu.externaltools.gnu-tools-for-stm32.14.3.rel1.win32_1.0.100.202602081740/tools/bin/../lib/gcc/arm-none-eabi/14.3.1/../../../../arm-none-eabi/lib/thumb/v7-m/nofp\libc_nano.a(libc_a-signalr.o): note: the message above does not take linker garbage collection into account
Finished building target: tdse-tp2_00-model_integration.elf
 
arm-none-eabi-size  tdse-tp2_00-model_integration.elf 
arm-none-eabi-objdump -h -S tdse-tp2_00-model_integration.elf  > "tdse-tp2_00-model_integration.list"
   text	   data	    bss	    dec	    hex	filename
  33980	   4224	   7656	  45860	   b324	tdse-tp2_00-model_integration.elf
Finished building: default.size.stdout
 
Finished building: tdse-tp2_00-model_integration.list
 
11:27:47 **** Incremental Build of configuration Debug for project tdse-tp2_00-model_integration ****
make -j8 all 
arm-none-eabi-gcc "../Core/Src/main.c" -mcpu=cortex-m3 -std=gnu11 -g3 -DDEBUG -DUSE_HAL_DRIVER -DSTM32F103xB -c -I../Core/Inc -I../Drivers/STM32F1xx_HAL_Driver/Inc -I../Drivers/STM32F1xx_HAL_Driver/Inc/Legacy -I../Drivers/CMSIS/Device/ST/STM32F1xx/Include -I../Drivers/CMSIS/Include -I../app/inc -O0 -ffunction-sections -fdata-sections -Wall -fstack-usage -fcyclomatic-complexity -MMD -MP -MF"Core/Src/main.d" -MT"Core/Src/main.o" --specs=nano.specs -mfloat-abi=soft -mthumb -o "Core/Src/main.o"
arm-none-eabi-gcc -o "tdse-tp2_00-model_integration.elf" @"objects.list"  -lrdimon -mcpu=cortex-m3 -T"C:\Users\mechi\OneDrive\FIUBA\2026_1C\TdSEpf\tdse-pf_workspace2\tdse-tp2_00-model_integration\STM32F103RBTX_FLASH.ld" --specs=nosys.specs -Wl,-Map="tdse-tp2_00-model_integration.map" -Wl,--gc-sections -static -specs=rdimon.specs --specs=nano.specs -mfloat-abi=soft -mthumb -Wl,--start-group -lc -lm -Wl,--end-group
C:/ST/STM32CubeIDE_1.18.0/STM32CubeIDE/plugins/com.st.stm32cube.ide.mcu.externaltools.gnu-tools-for-stm32.14.3.rel1.win32_1.0.100.202602081740/tools/bin/../lib/gcc/arm-none-eabi/14.3.1/../../../../arm-none-eabi/bin/ld.exe: C:/ST/STM32CubeIDE_1.18.0/STM32CubeIDE/plugins/com.st.stm32cube.ide.mcu.externaltools.gnu-tools-for-stm32.14.3.rel1.win32_1.0.100.202602081740/tools/bin/../lib/gcc/arm-none-eabi/14.3.1/../../../../arm-none-eabi/lib/thumb/v7-m/nofp\libc_nano.a(libc_a-signalr.o): in function `_kill_r':
(.text._kill_r+0xe): warning: _kill is not implemented and will always fail
C:/ST/STM32CubeIDE_1.18.0/STM32CubeIDE/plugins/com.st.stm32cube.ide.mcu.externaltools.gnu-tools-for-stm32.14.3.rel1.win32_1.0.100.202602081740/tools/bin/../lib/gcc/arm-none-eabi/14.3.1/../../../../arm-none-eabi/bin/ld.exe: C:/ST/STM32CubeIDE_1.18.0/STM32CubeIDE/plugins/com.st.stm32cube.ide.mcu.externaltools.gnu-tools-for-stm32.14.3.rel1.win32_1.0.100.202602081740/tools/bin/../lib/gcc/arm-none-eabi/14.3.1/../../../../arm-none-eabi/lib/thumb/v7-m/nofp\libc_nano.a(libc_a-signalr.o): note: the message above does not take linker garbage collection into account
Finished building target: tdse-tp2_00-model_integration.elf
 
arm-none-eabi-size  tdse-tp2_00-model_integration.elf 
arm-none-eabi-objdump -h -S tdse-tp2_00-model_integration.elf  > "tdse-tp2_00-model_integration.list"
   text	   data	    bss	    dec	    hex	filename
  33988	   4224	   7656	  45868	   b32c	tdse-tp2_00-model_integration.elf
Finished building: default.size.stdout
 
Finished building: tdse-tp2_00-model_integration.list
 
11:43:01 **** Incremental Build of configuration Debug for project tdse-tp2_00-model_integration ****
make -j8 all 
arm-none-eabi-gcc "../app/src/potenciometro.c" -mcpu=cortex-m3 -std=gnu11 -g3 -DDEBUG -DUSE_HAL_DRIVER -DSTM32F103xB -c -I../Core/Inc -I../Drivers/STM32F1xx_HAL_Driver/Inc -I../Drivers/STM32F1xx_HAL_Driver/Inc/Legacy -I../Drivers/CMSIS/Device/ST/STM32F1xx/Include -I../Drivers/CMSIS/Include -I../app/inc -O0 -ffunction-sections -fdata-sections -Wall -fstack-usage -fcyclomatic-complexity -MMD -MP -MF"app/src/potenciometro.d" -MT"app/src/potenciometro.o" --specs=nano.specs -mfloat-abi=soft -mthumb -o "app/src/potenciometro.o"
arm-none-eabi-gcc "../Core/Src/main.c" -mcpu=cortex-m3 -std=gnu11 -g3 -DDEBUG -DUSE_HAL_DRIVER -DSTM32F103xB -c -I../Core/Inc -I../Drivers/STM32F1xx_HAL_Driver/Inc -I../Drivers/STM32F1xx_HAL_Driver/Inc/Legacy -I../Drivers/CMSIS/Device/ST/STM32F1xx/Include -I../Drivers/CMSIS/Include -I../app/inc -O0 -ffunction-sections -fdata-sections -Wall -fstack-usage -fcyclomatic-complexity -MMD -MP -MF"Core/Src/main.d" -MT"Core/Src/main.o" --specs=nano.specs -mfloat-abi=soft -mthumb -o "Core/Src/main.o"
../app/src/potenciometro.c:9:17: warning: 'muestras_adc' initialized and declared 'extern'
    9 | extern uint16_t muestras_adc[3] = {0,0,0};
      |                 ^~~~~~~~~~~~
../app/src/potenciometro.c: In function 'leer_3_canales':
../app/src/potenciometro.c:36:63: error: 'POLL_TIMEOUT_MS' undeclared (first use in this function)
   36 |                         if (HAL_ADC_PollForConversion(&hadc1, POLL_TIMEOUT_MS) != HAL_OK) {
      |                                                               ^~~~~~~~~~~~~~~
../app/src/potenciometro.c:36:63: note: each undeclared identifier is reported only once for each function it appears in
../app/src/potenciometro.c: In function 'aplicar_filtro_ruido':
../app/src/potenciometro.c:51:44: error: 'UMBRAL_FILTRO' undeclared (first use in this function)
   51 |     if (abs((int)nuevo - (int)anterior) <= UMBRAL_FILTRO) {
      |                                            ^~~~~~~~~~~~~
make: *** [app/src/subdir.mk:70: app/src/potenciometro.o] Error 1
make: *** Waiting for unfinished jobs....
../Core/Src/main.c: In function 'main':
../Core/Src/main.c:125:41: error: 'muestras_adc' undeclared (first use in this function)
  125 |   HAL_ADC_Start_DMA(&hadc1, (uint32_t*) muestras_adc, 3);
      |                                         ^~~~~~~~~~~~
../Core/Src/main.c:125:41: note: each undeclared identifier is reported only once for each function it appears in
make: *** [Core/Src/subdir.mk:31: Core/Src/main.o] Error 1
"make -j8 all" terminated with exit code 2. Build might be incomplete.
[...]
arm-none-eabi-gcc "../Drivers/STM32F1xx_HAL_Driver/Src/stm32f1xx_hal_cortex.c" -mcpu=cortex-m3 -std=gnu11 -g3 -DDEBUG -DUSE_HAL_DRIVER -DSTM32F103xB -c -I../Core/Inc -I../Drivers/STM32F1xx_HAL_Driver/Inc -I../Drivers/STM32F1xx_HAL_Driver/Inc/Legacy -I../Drivers/CMSIS/Device/ST/STM32F1xx/Include -I../Drivers/CMSIS/Include -I../app/inc -O0 -ffunction-sections -fdata-sections -Wall -fstack-usage -fcyclomatic-complexity -MMD -MP -MF"Drivers/STM32F1xx_HAL_Driver/Src/stm32f1xx_hal_cortex.d" -MT"Drivers/STM32F1xx_HAL_Driver/Src/stm32f1xx_hal_cortex.o" --specs=nano.specs -mfloat-abi=soft -mthumb -o "Drivers/STM32F1xx_HAL_Driver/Src/stm32f1xx_hal_cortex.o"
arm-none-eabi-gcc "../Drivers/STM32F1xx_HAL_Driver/Src/stm32f1xx_hal_dma.c" -mcpu=cortex-m3 -std=gnu11 -g3 -DDEBUG -DUSE_HAL_DRIVER -DSTM32F103xB -c -I../Core/Inc -I../Drivers/STM32F1xx_HAL_Driver/Inc -I../Drivers/STM32F1xx_HAL_Driver/Inc/Legacy -I../Drivers/CMSIS/Device/ST/STM32F1xx/Include -I../Drivers/CMSIS/Include -I../app/inc -O0 -ffunction-sections -fdata-sections -Wall -fstack-usage -fcyclomatic-complexity -MMD -MP -MF"Drivers/STM32F1xx_HAL_Driver/Src/stm32f1xx_hal_dma.d" -MT"Drivers/STM32F1xx_HAL_Driver/Src/stm32f1xx_hal_dma.o" --specs=nano.specs -mfloat-abi=soft -mthumb -o "Drivers/STM32F1xx_HAL_Driver/Src/stm32f1xx_hal_dma.o"
arm-none-eabi-gcc "../Drivers/STM32F1xx_HAL_Driver/Src/stm32f1xx_hal_exti.c" -mcpu=cortex-m3 -std=gnu11 -g3 -DDEBUG -DUSE_HAL_DRIVER -DSTM32F103xB -c -I../Core/Inc -I../Drivers/STM32F1xx_HAL_Driver/Inc -I../Drivers/STM32F1xx_HAL_Driver/Inc/Legacy -I../Drivers/CMSIS/Device/ST/STM32F1xx/Include -I../Drivers/CMSIS/Include -I../app/inc -O0 -ffunction-sections -fdata-sections -Wall -fstack-usage -fcyclomatic-complexity -MMD -MP -MF"Drivers/STM32F1xx_HAL_Driver/Src/stm32f1xx_hal_exti.d" -MT"Drivers/STM32F1xx_HAL_Driver/Src/stm32f1xx_hal_exti.o" --specs=nano.specs -mfloat-abi=soft -mthumb -o "Drivers/STM32F1xx_HAL_Driver/Src/stm32f1xx_hal_exti.o"
arm-none-eabi-gcc "../Drivers/STM32F1xx_HAL_Driver/Src/stm32f1xx_hal_flash.c" -mcpu=cortex-m3 -std=gnu11 -g3 -DDEBUG -DUSE_HAL_DRIVER -DSTM32F103xB -c -I../Core/Inc -I../Drivers/STM32F1xx_HAL_Driver/Inc -I../Drivers/STM32F1xx_HAL_Driver/Inc/Legacy -I../Drivers/CMSIS/Device/ST/STM32F1xx/Include -I../Drivers/CMSIS/Include -I../app/inc -O0 -ffunction-sections -fdata-sections -Wall -fstack-usage -fcyclomatic-complexity -MMD -MP -MF"Drivers/STM32F1xx_HAL_Driver/Src/stm32f1xx_hal_flash.d" -MT"Drivers/STM32F1xx_HAL_Driver/Src/stm32f1xx_hal_flash.o" --specs=nano.specs -mfloat-abi=soft -mthumb -o "Drivers/STM32F1xx_HAL_Driver/Src/stm32f1xx_hal_flash.o"
arm-none-eabi-gcc "../Drivers/STM32F1xx_HAL_Driver/Src/stm32f1xx_hal_flash_ex.c" -mcpu=cortex-m3 -std=gnu11 -g3 -DDEBUG -DUSE_HAL_DRIVER -DSTM32F103xB -c -I../Core/Inc -I../Drivers/STM32F1xx_HAL_Driver/Inc -I../Drivers/STM32F1xx_HAL_Driver/Inc/Legacy -I../Drivers/CMSIS/Device/ST/STM32F1xx/Include -I../Drivers/CMSIS/Include -I../app/inc -O0 -ffunction-sections -fdata-sections -Wall -fstack-usage -fcyclomatic-complexity -MMD -MP -MF"Drivers/STM32F1xx_HAL_Driver/Src/stm32f1xx_hal_flash_ex.d" -MT"Drivers/STM32F1xx_HAL_Driver/Src/stm32f1xx_hal_flash_ex.o" --specs=nano.specs -mfloat-abi=soft -mthumb -o "Drivers/STM32F1xx_HAL_Driver/Src/stm32f1xx_hal_flash_ex.o"
arm-none-eabi-gcc "../Drivers/STM32F1xx_HAL_Driver/Src/stm32f1xx_hal_gpio.c" -mcpu=cortex-m3 -std=gnu11 -g3 -DDEBUG -DUSE_HAL_DRIVER -DSTM32F103xB -c -I../Core/Inc -I../Drivers/STM32F1xx_HAL_Driver/Inc -I../Drivers/STM32F1xx_HAL_Driver/Inc/Legacy -I../Drivers/CMSIS/Device/ST/STM32F1xx/Include -I../Drivers/CMSIS/Include -I../app/inc -O0 -ffunction-sections -fdata-sections -Wall -fstack-usage -fcyclomatic-complexity -MMD -MP -MF"Drivers/STM32F1xx_HAL_Driver/Src/stm32f1xx_hal_gpio.d" -MT"Drivers/STM32F1xx_HAL_Driver/Src/stm32f1xx_hal_gpio.o" --specs=nano.specs -mfloat-abi=soft -mthumb -o "Drivers/STM32F1xx_HAL_Driver/Src/stm32f1xx_hal_gpio.o"
arm-none-eabi-gcc "../Drivers/STM32F1xx_HAL_Driver/Src/stm32f1xx_hal_gpio_ex.c" -mcpu=cortex-m3 -std=gnu11 -g3 -DDEBUG -DUSE_HAL_DRIVER -DSTM32F103xB -c -I../Core/Inc -I../Drivers/STM32F1xx_HAL_Driver/Inc -I../Drivers/STM32F1xx_HAL_Driver/Inc/Legacy -I../Drivers/CMSIS/Device/ST/STM32F1xx/Include -I../Drivers/CMSIS/Include -I../app/inc -O0 -ffunction-sections -fdata-sections -Wall -fstack-usage -fcyclomatic-complexity -MMD -MP -MF"Drivers/STM32F1xx_HAL_Driver/Src/stm32f1xx_hal_gpio_ex.d" -MT"Drivers/STM32F1xx_HAL_Driver/Src/stm32f1xx_hal_gpio_ex.o" --specs=nano.specs -mfloat-abi=soft -mthumb -o "Drivers/STM32F1xx_HAL_Driver/Src/stm32f1xx_hal_gpio_ex.o"
arm-none-eabi-gcc "../Drivers/STM32F1xx_HAL_Driver/Src/stm32f1xx_hal_i2c.c" -mcpu=cortex-m3 -std=gnu11 -g3 -DDEBUG -DUSE_HAL_DRIVER -DSTM32F103xB -c -I../Core/Inc -I../Drivers/STM32F1xx_HAL_Driver/Inc -I../Drivers/STM32F1xx_HAL_Driver/Inc/Legacy -I../Drivers/CMSIS/Device/ST/STM32F1xx/Include -I../Drivers/CMSIS/Include -I../app/inc -O0 -ffunction-sections -fdata-sections -Wall -fstack-usage -fcyclomatic-complexity -MMD -MP -MF"Drivers/STM32F1xx_HAL_Driver/Src/stm32f1xx_hal_i2c.d" -MT"Drivers/STM32F1xx_HAL_Driver/Src/stm32f1xx_hal_i2c.o" --specs=nano.specs -mfloat-abi=soft -mthumb -o "Drivers/STM32F1xx_HAL_Driver/Src/stm32f1xx_hal_i2c.o"
arm-none-eabi-gcc "../Drivers/STM32F1xx_HAL_Driver/Src/stm32f1xx_hal_pwr.c" -mcpu=cortex-m3 -std=gnu11 -g3 -DDEBUG -DUSE_HAL_DRIVER -DSTM32F103xB -c -I../Core/Inc -I../Drivers/STM32F1xx_HAL_Driver/Inc -I../Drivers/STM32F1xx_HAL_Driver/Inc/Legacy -I../Drivers/CMSIS/Device/ST/STM32F1xx/Include -I../Drivers/CMSIS/Include -I../app/inc -O0 -ffunction-sections -fdata-sections -Wall -fstack-usage -fcyclomatic-complexity -MMD -MP -MF"Drivers/STM32F1xx_HAL_Driver/Src/stm32f1xx_hal_pwr.d" -MT"Drivers/STM32F1xx_HAL_Driver/Src/stm32f1xx_hal_pwr.o" --specs=nano.specs -mfloat-abi=soft -mthumb -o "Drivers/STM32F1xx_HAL_Driver/Src/stm32f1xx_hal_pwr.o"
arm-none-eabi-gcc "../Drivers/STM32F1xx_HAL_Driver/Src/stm32f1xx_hal_rcc.c" -mcpu=cortex-m3 -std=gnu11 -g3 -DDEBUG -DUSE_HAL_DRIVER -DSTM32F103xB -c -I../Core/Inc -I../Drivers/STM32F1xx_HAL_Driver/Inc -I../Drivers/STM32F1xx_HAL_Driver/Inc/Legacy -I../Drivers/CMSIS/Device/ST/STM32F1xx/Include -I../Drivers/CMSIS/Include -I../app/inc -O0 -ffunction-sections -fdata-sections -Wall -fstack-usage -fcyclomatic-complexity -MMD -MP -MF"Drivers/STM32F1xx_HAL_Driver/Src/stm32f1xx_hal_rcc.d" -MT"Drivers/STM32F1xx_HAL_Driver/Src/stm32f1xx_hal_rcc.o" --specs=nano.specs -mfloat-abi=soft -mthumb -o "Drivers/STM32F1xx_HAL_Driver/Src/stm32f1xx_hal_rcc.o"
arm-none-eabi-gcc "../Drivers/STM32F1xx_HAL_Driver/Src/stm32f1xx_hal_rcc_ex.c" -mcpu=cortex-m3 -std=gnu11 -g3 -DDEBUG -DUSE_HAL_DRIVER -DSTM32F103xB -c -I../Core/Inc -I../Drivers/STM32F1xx_HAL_Driver/Inc -I../Drivers/STM32F1xx_HAL_Driver/Inc/Legacy -I../Drivers/CMSIS/Device/ST/STM32F1xx/Include -I../Drivers/CMSIS/Include -I../app/inc -O0 -ffunction-sections -fdata-sections -Wall -fstack-usage -fcyclomatic-complexity -MMD -MP -MF"Drivers/STM32F1xx_HAL_Driver/Src/stm32f1xx_hal_rcc_ex.d" -MT"Drivers/STM32F1xx_HAL_Driver/Src/stm32f1xx_hal_rcc_ex.o" --specs=nano.specs -mfloat-abi=soft -mthumb -o "Drivers/STM32F1xx_HAL_Driver/Src/stm32f1xx_hal_rcc_ex.o"
arm-none-eabi-gcc "../Drivers/STM32F1xx_HAL_Driver/Src/stm32f1xx_hal_uart.c" -mcpu=cortex-m3 -std=gnu11 -g3 -DDEBUG -DUSE_HAL_DRIVER -DSTM32F103xB -c -I../Core/Inc -I../Drivers/STM32F1xx_HAL_Driver/Inc -I../Drivers/STM32F1xx_HAL_Driver/Inc/Legacy -I../Drivers/CMSIS/Device/ST/STM32F1xx/Include -I../Drivers/CMSIS/Include -I../app/inc -O0 -ffunction-sections -fdata-sections -Wall -fstack-usage -fcyclomatic-complexity -MMD -MP -MF"Drivers/STM32F1xx_HAL_Driver/Src/stm32f1xx_hal_uart.d" -MT"Drivers/STM32F1xx_HAL_Driver/Src/stm32f1xx_hal_uart.o" --specs=nano.specs -mfloat-abi=soft -mthumb -o "Drivers/STM32F1xx_HAL_Driver/Src/stm32f1xx_hal_uart.o"
arm-none-eabi-gcc "../Core/Src/system_stm32f1xx.c" -mcpu=cortex-m3 -std=gnu11 -g3 -DDEBUG -DUSE_HAL_DRIVER -DSTM32F103xB -c -I../Core/Inc -I../Drivers/STM32F1xx_HAL_Driver/Inc -I../Drivers/STM32F1xx_HAL_Driver/Inc/Legacy -I../Drivers/CMSIS/Device/ST/STM32F1xx/Include -I../Drivers/CMSIS/Include -I../app/inc -O0 -ffunction-sections -fdata-sections -Wall -fstack-usage -fcyclomatic-complexity -MMD -MP -MF"Core/Src/system_stm32f1xx.d" -MT"Core/Src/system_stm32f1xx.o" --specs=nano.specs -mfloat-abi=soft -mthumb -o "Core/Src/system_stm32f1xx.o"
arm-none-eabi-gcc -o "tdse-tp2_00-model_integration.elf" @"objects.list"  -lrdimon -mcpu=cortex-m3 -T"C:\Users\mechi\OneDrive\FIUBA\2026_1C\TdSEpf\tdse-pf_workspace2\tdse-tp2_00-model_integration\STM32F103RBTX_FLASH.ld" --specs=nosys.specs -Wl,-Map="tdse-tp2_00-model_integration.map" -Wl,--gc-sections -static -specs=rdimon.specs --specs=nano.specs -mfloat-abi=soft -mthumb -Wl,--start-group -lc -lm -Wl,--end-group
C:/ST/STM32CubeIDE_1.18.0/STM32CubeIDE/plugins/com.st.stm32cube.ide.mcu.externaltools.gnu-tools-for-stm32.14.3.rel1.win32_1.0.100.202602081740/tools/bin/../lib/gcc/arm-none-eabi/14.3.1/../../../../arm-none-eabi/bin/ld.exe: C:/ST/STM32CubeIDE_1.18.0/STM32CubeIDE/plugins/com.st.stm32cube.ide.mcu.externaltools.gnu-tools-for-stm32.14.3.rel1.win32_1.0.100.202602081740/tools/bin/../lib/gcc/arm-none-eabi/14.3.1/../../../../arm-none-eabi/lib/thumb/v7-m/nofp\libc_nano.a(libc_a-signalr.o): in function `_kill_r':
(.text._kill_r+0xe): warning: _kill is not implemented and will always fail
C:/ST/STM32CubeIDE_1.18.0/STM32CubeIDE/plugins/com.st.stm32cube.ide.mcu.externaltools.gnu-tools-for-stm32.14.3.rel1.win32_1.0.100.202602081740/tools/bin/../lib/gcc/arm-none-eabi/14.3.1/../../../../arm-none-eabi/bin/ld.exe: C:/ST/STM32CubeIDE_1.18.0/STM32CubeIDE/plugins/com.st.stm32cube.ide.mcu.externaltools.gnu-tools-for-stm32.14.3.rel1.win32_1.0.100.202602081740/tools/bin/../lib/gcc/arm-none-eabi/14.3.1/../../../../arm-none-eabi/lib/thumb/v7-m/nofp\libc_nano.a(libc_a-signalr.o): note: the message above does not take linker garbage collection into account
Finished building target: tdse-tp2_00-model_integration.elf
 
arm-none-eabi-size  tdse-tp2_00-model_integration.elf 
arm-none-eabi-objdump -h -S tdse-tp2_00-model_integration.elf  > "tdse-tp2_00-model_integration.list"
   text	   data	    bss	    dec	    hex	filename
  32340	   4224	   7656	  44220	   acbc	tdse-tp2_00-model_integration.elf
Finished building: default.size.stdout
 
Finished building: tdse-tp2_00-model_integration.list
 
12:25:37 **** Incremental Build of configuration Debug for project tdse-tp2_00-model_integration ****
make -j8 all 
arm-none-eabi-gcc "../Core/Src/main.c" -mcpu=cortex-m3 -std=gnu11 -g3 -DDEBUG -DUSE_HAL_DRIVER -DSTM32F103xB -c -I../Core/Inc -I../Drivers/STM32F1xx_HAL_Driver/Inc -I../Drivers/STM32F1xx_HAL_Driver/Inc/Legacy -I../Drivers/CMSIS/Device/ST/STM32F1xx/Include -I../Drivers/CMSIS/Include -I../app/inc -O0 -ffunction-sections -fdata-sections -Wall -fstack-usage -fcyclomatic-complexity -MMD -MP -MF"Core/Src/main.d" -MT"Core/Src/main.o" --specs=nano.specs -mfloat-abi=soft -mthumb -o "Core/Src/main.o"
arm-none-eabi-gcc -o "tdse-tp2_00-model_integration.elf" @"objects.list"  -lrdimon -mcpu=cortex-m3 -T"C:\Users\mechi\OneDrive\FIUBA\2026_1C\TdSEpf\tdse-pf_workspace2\tdse-tp2_00-model_integration\STM32F103RBTX_FLASH.ld" --specs=nosys.specs -Wl,-Map="tdse-tp2_00-model_integration.map" -Wl,--gc-sections -static -specs=rdimon.specs --specs=nano.specs -mfloat-abi=soft -mthumb -Wl,--start-group -lc -lm -Wl,--end-group
C:/ST/STM32CubeIDE_1.18.0/STM32CubeIDE/plugins/com.st.stm32cube.ide.mcu.externaltools.gnu-tools-for-stm32.14.3.rel1.win32_1.0.100.202602081740/tools/bin/../lib/gcc/arm-none-eabi/14.3.1/../../../../arm-none-eabi/bin/ld.exe: C:/ST/STM32CubeIDE_1.18.0/STM32CubeIDE/plugins/com.st.stm32cube.ide.mcu.externaltools.gnu-tools-for-stm32.14.3.rel1.win32_1.0.100.202602081740/tools/bin/../lib/gcc/arm-none-eabi/14.3.1/../../../../arm-none-eabi/lib/thumb/v7-m/nofp\libc_nano.a(libc_a-signalr.o): in function `_kill_r':
(.text._kill_r+0xe): warning: _kill is not implemented and will always fail
C:/ST/STM32CubeIDE_1.18.0/STM32CubeIDE/plugins/com.st.stm32cube.ide.mcu.externaltools.gnu-tools-for-stm32.14.3.rel1.win32_1.0.100.202602081740/tools/bin/../lib/gcc/arm-none-eabi/14.3.1/../../../../arm-none-eabi/bin/ld.exe: C:/ST/STM32CubeIDE_1.18.0/STM32CubeIDE/plugins/com.st.stm32cube.ide.mcu.externaltools.gnu-tools-for-stm32.14.3.rel1.win32_1.0.100.202602081740/tools/bin/../lib/gcc/arm-none-eabi/14.3.1/../../../../arm-none-eabi/lib/thumb/v7-m/nofp\libc_nano.a(libc_a-signalr.o): note: the message above does not take linker garbage collection into account
Finished building target: tdse-tp2_00-model_integration.elf
 
arm-none-eabi-size  tdse-tp2_00-model_integration.elf 
arm-none-eabi-objdump -h -S tdse-tp2_00-model_integration.elf  > "tdse-tp2_00-model_integration.list"
   text	   data	    bss	    dec	    hex	filename
  32340	   4224	   7656	  44220	   acbc	tdse-tp2_00-model_integration.elf
Finished building: default.size.stdout
 
Finished building: tdse-tp2_00-model_integration.list
 
12:26:18 **** Incremental Build of configuration Debug for project tdse-tp2_00-model_integration ****
make -j8 all 
arm-none-eabi-size  tdse-tp2_00-model_integration.elf 
   text	   data	    bss	    dec	    hex	filename
  32340	   4224	   7656	  44220	   acbc	tdse-tp2_00-model_integration.elf
Finished building: default.size.stdout
 
12:26:24 **** Incremental Build of configuration Debug for project tdse-tp2_00-model_integration ****
make -j8 all 
arm-none-eabi-size  tdse-tp2_00-model_integration.elf 
   text	   data	    bss	    dec	    hex	filename
  32340	   4224	   7656	  44220	   acbc	tdse-tp2_00-model_integration.elf
Finished building: default.size.stdout
 
12:29:53 **** Incremental Build of configuration Debug for project tdse-tp2_00-model_integration ****
make -j8 all 
arm-none-eabi-gcc "../app/src/app.c" -mcpu=cortex-m3 -std=gnu11 -g3 -DDEBUG -DUSE_HAL_DRIVER -DSTM32F103xB -c -I../Core/Inc -I../Drivers/STM32F1xx_HAL_Driver/Inc -I../Drivers/STM32F1xx_HAL_Driver/Inc/Legacy -I../Drivers/CMSIS/Device/ST/STM32F1xx/Include -I../Drivers/CMSIS/Include -I../app/inc -O0 -ffunction-sections -fdata-sections -Wall -fstack-usage -fcyclomatic-complexity -MMD -MP -MF"app/src/app.d" -MT"app/src/app.o" --specs=nano.specs -mfloat-abi=soft -mthumb -o "app/src/app.o"
arm-none-eabi-gcc -o "tdse-tp2_00-model_integration.elf" @"objects.list"  -lrdimon -mcpu=cortex-m3 -T"C:\Users\mechi\OneDrive\FIUBA\2026_1C\TdSEpf\tdse-pf_workspace2\tdse-tp2_00-model_integration\STM32F103RBTX_FLASH.ld" --specs=nosys.specs -Wl,-Map="tdse-tp2_00-model_integration.map" -Wl,--gc-sections -static -specs=rdimon.specs --specs=nano.specs -mfloat-abi=soft -mthumb -Wl,--start-group -lc -lm -Wl,--end-group
C:/ST/STM32CubeIDE_1.18.0/STM32CubeIDE/plugins/com.st.stm32cube.ide.mcu.externaltools.gnu-tools-for-stm32.14.3.rel1.win32_1.0.100.202602081740/tools/bin/../lib/gcc/arm-none-eabi/14.3.1/../../../../arm-none-eabi/bin/ld.exe: C:/ST/STM32CubeIDE_1.18.0/STM32CubeIDE/plugins/com.st.stm32cube.ide.mcu.externaltools.gnu-tools-for-stm32.14.3.rel1.win32_1.0.100.202602081740/tools/bin/../lib/gcc/arm-none-eabi/14.3.1/../../../../arm-none-eabi/lib/thumb/v7-m/nofp\libc_nano.a(libc_a-signalr.o): in function `_kill_r':
(.text._kill_r+0xe): warning: _kill is not implemented and will always fail
C:/ST/STM32CubeIDE_1.18.0/STM32CubeIDE/plugins/com.st.stm32cube.ide.mcu.externaltools.gnu-tools-for-stm32.14.3.rel1.win32_1.0.100.202602081740/tools/bin/../lib/gcc/arm-none-eabi/14.3.1/../../../../arm-none-eabi/bin/ld.exe: C:/ST/STM32CubeIDE_1.18.0/STM32CubeIDE/plugins/com.st.stm32cube.ide.mcu.externaltools.gnu-tools-for-stm32.14.3.rel1.win32_1.0.100.202602081740/tools/bin/../lib/gcc/arm-none-eabi/14.3.1/../../../../arm-none-eabi/lib/thumb/v7-m/nofp\libc_nano.a(libc_a-signalr.o): note: the message above does not take linker garbage collection into account
Finished building target: tdse-tp2_00-model_integration.elf
 
arm-none-eabi-size  tdse-tp2_00-model_integration.elf 
arm-none-eabi-objdump -h -S tdse-tp2_00-model_integration.elf  > "tdse-tp2_00-model_integration.list"
   text	   data	    bss	    dec	    hex	filename
  33520	   4224	   7656	  45400	   b158	tdse-tp2_00-model_integration.elf
Finished building: default.size.stdout
 
Finished building: tdse-tp2_00-model_integration.list
 
12:34:17 **** Incremental Build of configuration Debug for project tdse-tp2_00-model_integration ****
make -j8 all 
arm-none-eabi-gcc "../app/src/potenciometro.c" -mcpu=cortex-m3 -std=gnu11 -g3 -DDEBUG -DUSE_HAL_DRIVER -DSTM32F103xB -c -I../Core/Inc -I../Drivers/STM32F1xx_HAL_Driver/Inc -I../Drivers/STM32F1xx_HAL_Driver/Inc/Legacy -I../Drivers/CMSIS/Device/ST/STM32F1xx/Include -I../Drivers/CMSIS/Include -I../app/inc -O0 -ffunction-sections -fdata-sections -Wall -fstack-usage -fcyclomatic-complexity -MMD -MP -MF"app/src/potenciometro.d" -MT"app/src/potenciometro.o" --specs=nano.specs -mfloat-abi=soft -mthumb -o "app/src/potenciometro.o"
arm-none-eabi-gcc "../Core/Src/main.c" -mcpu=cortex-m3 -std=gnu11 -g3 -DDEBUG -DUSE_HAL_DRIVER -DSTM32F103xB -c -I../Core/Inc -I../Drivers/STM32F1xx_HAL_Driver/Inc -I../Drivers/STM32F1xx_HAL_Driver/Inc/Legacy -I../Drivers/CMSIS/Device/ST/STM32F1xx/Include -I../Drivers/CMSIS/Include -I../app/inc -O0 -ffunction-sections -fdata-sections -Wall -fstack-usage -fcyclomatic-complexity -MMD -MP -MF"Core/Src/main.d" -MT"Core/Src/main.o" --specs=nano.specs -mfloat-abi=soft -mthumb -o "Core/Src/main.o"
arm-none-eabi-gcc -o "tdse-tp2_00-model_integration.elf" @"objects.list"  -lrdimon -mcpu=cortex-m3 -T"C:\Users\mechi\OneDrive\FIUBA\2026_1C\TdSEpf\tdse-pf_workspace2\tdse-tp2_00-model_integration\STM32F103RBTX_FLASH.ld" --specs=nosys.specs -Wl,-Map="tdse-tp2_00-model_integration.map" -Wl,--gc-sections -static -specs=rdimon.specs --specs=nano.specs -mfloat-abi=soft -mthumb -Wl,--start-group -lc -lm -Wl,--end-group
C:/ST/STM32CubeIDE_1.18.0/STM32CubeIDE/plugins/com.st.stm32cube.ide.mcu.externaltools.gnu-tools-for-stm32.14.3.rel1.win32_1.0.100.202602081740/tools/bin/../lib/gcc/arm-none-eabi/14.3.1/../../../../arm-none-eabi/bin/ld.exe: C:/ST/STM32CubeIDE_1.18.0/STM32CubeIDE/plugins/com.st.stm32cube.ide.mcu.externaltools.gnu-tools-for-stm32.14.3.rel1.win32_1.0.100.202602081740/tools/bin/../lib/gcc/arm-none-eabi/14.3.1/../../../../arm-none-eabi/lib/thumb/v7-m/nofp\libc_nano.a(libc_a-signalr.o): in function `_kill_r':
(.text._kill_r+0xe): warning: _kill is not implemented and will always fail
C:/ST/STM32CubeIDE_1.18.0/STM32CubeIDE/plugins/com.st.stm32cube.ide.mcu.externaltools.gnu-tools-for-stm32.14.3.rel1.win32_1.0.100.202602081740/tools/bin/../lib/gcc/arm-none-eabi/14.3.1/../../../../arm-none-eabi/bin/ld.exe: C:/ST/STM32CubeIDE_1.18.0/STM32CubeIDE/plugins/com.st.stm32cube.ide.mcu.externaltools.gnu-tools-for-stm32.14.3.rel1.win32_1.0.100.202602081740/tools/bin/../lib/gcc/arm-none-eabi/14.3.1/../../../../arm-none-eabi/lib/thumb/v7-m/nofp\libc_nano.a(libc_a-signalr.o): note: the message above does not take linker garbage collection into account
Finished building target: tdse-tp2_00-model_integration.elf
 
arm-none-eabi-size  tdse-tp2_00-model_integration.elf 
arm-none-eabi-objdump -h -S tdse-tp2_00-model_integration.elf  > "tdse-tp2_00-model_integration.list"
   text	   data	    bss	    dec	    hex	filename
  33520	   4224	   7656	  45400	   b158	tdse-tp2_00-model_integration.elf
Finished building: default.size.stdout
 
Finished building: tdse-tp2_00-model_integration.list
 
