../Drivers/CMSIS/Include/core_cm3.h:1876:26:ITM_SendChar	4
../Core/Src/main.c:92:5:main	2
../Core/Src/main.c:171:6:SystemClock_Config	4
../Core/Src/main.c:217:13:MX_ADC1_Init	3
../Core/Src/main.c:264:13:MX_I2C1_Init	2
../Core/Src/main.c:298:13:MX_TIM3_Init	4
../Core/Src/main.c:343:13:MX_USART2_UART_Init	2
../Core/Src/main.c:374:13:MX_DMA_Init	1
../Core/Src/main.c:392:13:MX_GPIO_Init	1
../Core/Src/main.c:479:5:_write	2
../Core/Src/main.c:491:6:scan_i2c	3
../Core/Src/main.c:502:6:HAL_TIM_PeriodElapsedCallback	2
../Core/Src/main.c:550:6:Error_Handler	1
