../Drivers/CMSIS/Include/core_cm3.h:1876:26:ITM_SendChar	4
../Core/Src/main.c:97:5:main	1
../Core/Src/main.c:178:6:SystemClock_Config	4
../Core/Src/main.c:224:13:MX_ADC1_Init	5
../Core/Src/main.c:292:13:MX_I2C1_Init	2
../Core/Src/main.c:326:13:MX_TIM3_Init	4
../Core/Src/main.c:369:13:MX_DMA_Init	1
../Core/Src/main.c:387:13:MX_GPIO_Init	1
../Core/Src/main.c:463:5:_write	2
../Core/Src/main.c:475:6:scan_i2c	3
../Core/Src/main.c:486:6:HAL_TIM_PeriodElapsedCallback	2
../Core/Src/main.c:532:6:Error_Handler	1
