../Drivers/CMSIS/Include/core_cm3.h:1876:26:ITM_SendChar	16	static,ignoring_inline_asm
../Core/Src/main.c:92:5:main	16	static
../Core/Src/main.c:171:6:SystemClock_Config	88	static
../Core/Src/main.c:217:13:MX_ADC1_Init	24	static
../Core/Src/main.c:264:13:MX_I2C1_Init	8	static
../Core/Src/main.c:298:13:MX_TIM3_Init	32	static
../Core/Src/main.c:343:13:MX_USART2_UART_Init	8	static
../Core/Src/main.c:374:13:MX_DMA_Init	16	static
../Core/Src/main.c:392:13:MX_GPIO_Init	40	static
../Core/Src/main.c:479:5:_write	32	static
../Core/Src/main.c:491:6:scan_i2c	16	static
../Core/Src/main.c:502:6:HAL_TIM_PeriodElapsedCallback	16	static
../Core/Src/main.c:550:6:Error_Handler	4	static,ignoring_inline_asm
