../Core/Src/menu_secuencia.c:44:16:menuSecuenciaPosicionEsperada	24	static
../Core/Src/menu_secuencia.c:57:6:menuSecuenciaEntrar	8	static
../Core/Src/menu_secuencia.c:83:6:menuSecuenciaPrint	56	static
../Core/Src/menu_secuencia.c:97:6:menuSecuenciaOpcionElegida	16	static
../Core/Src/menu_secuencia.c:117:6:menuSecuenciaTick	16	static
../Core/Src/menu_secuencia.c:147:6:menuSecuenciaMostrarEntrar	8	static
../Core/Src/menu_secuencia.c:163:6:menuSecuenciaMostrarTick	24	static
../Core/Src/menu_secuencia.c:211:6:menuSecuenciaCompletarTick	32	static
../Core/Src/menu_secuencia.c:299:11:menuSecuenciaObtenerMatriz	4	static
../Core/Src/menu_secuencia.c:303:6:menuSecuenciaCompletandoPrint	16	static
../Core/Src/menu_secuencia.c:328:6:menuSecuenciaLimpiandoTick	16	static
