../Drivers/CMSIS/Include/core_cm3.h:1876:26:ITM_SendChar	16	static,ignoring_inline_asm
../Core/Src/main.c:97:5:main	8	static
../Core/Src/main.c:177:6:SystemClock_Config	88	static
../Core/Src/main.c:223:13:MX_ADC1_Init	24	static
../Core/Src/main.c:289:13:MX_I2C1_Init	8	static
../Core/Src/main.c:325:13:MX_USART2_UART_Init	8	static
../Core/Src/main.c:356:13:MX_DMA_Init	16	static
../Core/Src/main.c:374:13:MX_GPIO_Init	40	static
../Core/Src/main.c:461:5:_write	32	static
../Core/Src/main.c:473:6:scan_i2c	16	static
../Core/Src/main.c:524:6:Error_Handler	4	static,ignoring_inline_asm
