../Core/Src/menu_secuencia.c:48:16:menuSecuenciaPosicionEsperada	24	static
../Core/Src/menu_secuencia.c:61:6:menuSecuenciaEntrar	8	static
../Core/Src/menu_secuencia.c:87:6:menuSecuenciaPrint	56	static
../Core/Src/menu_secuencia.c:101:6:menuSecuenciaOpcionElegida	16	static
../Core/Src/menu_secuencia.c:120:6:menuSecuenciaTick	16	static
../Core/Src/menu_secuencia.c:150:6:menuSecuenciaMostrarEntrar	8	static
../Core/Src/menu_secuencia.c:166:6:menuSecuenciaMostrarTick	24	static
../Core/Src/menu_secuencia.c:215:6:menuSecuenciaCompletarTick	32	static
../Core/Src/menu_secuencia.c:308:11:menuSecuenciaObtenerMatriz	4	static
../Core/Src/menu_secuencia.c:312:6:menuSecuenciaCompletandoPrint	16	static
../Core/Src/menu_secuencia.c:337:6:menuSecuenciaLimpiandoTick	16	static
