2026-07-19 01:08:56,936 [ERROR] LogOutputStream:75 - [STDERR_REDIRECT] 
2026-07-19 12:50:15,205 [INFO] Activator:177 - 


2026-07-19 12:50:15,210 [INFO] Activator:178 - !SESSION log4j initialized
2026-07-19 12:50:24,980 [INFO] LogOutputStream:77 - [STDOUT_REDIRECT] 
2026-07-19 21:22:34,171 [ERROR] ConfigurationRetriever:142 - IOException on connection: Connect timed out
2026-07-19 21:22:36,187 [ERROR] ConfigurationRetriever:142 - IOException on connection: Connect timed out
2026-07-19 21:22:38,190 [ERROR] ConfigurationRetriever:142 - IOException on connection: Connect timed out
2026-07-19 21:22:40,296 [ERROR] ConfigurationRetriever:142 - IOException on connection: Connect timed out
2026-07-19 21:22:42,299 [ERROR] ConfigurationRetriever:142 - IOException on connection: Connect timed out
2026-07-19 21:22:44,301 [ERROR] ConfigurationRetriever:142 - IOException on connection: Connect timed out
2026-07-19 21:28:14,571 [ERROR] ConfigurationRetriever:142 - IOException on connection: Connect timed out
2026-07-19 21:28:16,575 [ERROR] ConfigurationRetriever:142 - IOException on connection: Connect timed out
2026-07-19 21:28:18,577 [ERROR] ConfigurationRetriever:142 - IOException on connection: Connect timed out
2026-07-19 21:28:20,601 [ERROR] ConfigurationRetriever:142 - IOException on connection: Connect timed out
2026-07-19 21:28:22,607 [ERROR] ConfigurationRetriever:142 - IOException on connection: Connect timed out
2026-07-19 21:28:24,610 [ERROR] ConfigurationRetriever:142 - IOException on connection: Connect timed out
2026-07-19 21:28:39,735 [ERROR] ConfigurationRetriever:142 - IOException on connection: Connect timed out
2026-07-19 21:28:41,739 [ERROR] ConfigurationRetriever:142 - IOException on connection: Connect timed out
2026-07-19 21:28:43,741 [ERROR] ConfigurationRetriever:142 - IOException on connection: Connect timed out
2026-07-19 21:31:56,996 [ERROR] ConfigurationRetriever:142 - IOException on connection: Connect timed out
2026-07-19 21:31:59,000 [ERROR] ConfigurationRetriever:142 - IOException on connection: Connect timed out
2026-07-19 21:32:01,003 [ERROR] ConfigurationRetriever:142 - IOException on connection: Connect timed out
2026-07-19 21:32:03,028 [ERROR] ConfigurationRetriever:142 - IOException on connection: Connect timed out
2026-07-19 21:32:05,029 [ERROR] ConfigurationRetriever:142 - IOException on connection: Connect timed out
2026-07-19 21:32:07,031 [ERROR] ConfigurationRetriever:142 - IOException on connection: Connect timed out
2026-07-19 21:32:09,060 [ERROR] ConfigurationRetriever:142 - IOException on connection: Connect timed out
2026-07-19 21:32:11,063 [ERROR] ConfigurationRetriever:142 - IOException on connection: Connect timed out
2026-07-19 21:32:13,066 [ERROR] ConfigurationRetriever:142 - IOException on connection: Connect timed out
